layer at (0,0) size 800x600
  RenderView at (0,0) size 800x600
layer at (0,0) size 800x358
  RenderBlock {HTML} at (0,0) size 800x358
    RenderBody {BODY} at (8,21) size 784x329
      RenderBlock {H1} at (0,0) size 784x37
        RenderText {#text} at (0,0) size 481x37
          text run at (0,0) width 481: "Vertical alignment and table height"
      RenderBlock {P} at (0,58) size 784x19
        RenderText {#text} at (0,0) size 547x18
          text run at (0,0) width 547: "In each of the following tables the cells with 'Data' should all have the same baseline:"
      RenderTable {TABLE} at (0,92) size 463x119
        RenderTableSection {TBODY} at (0,0) size 463x118
          RenderTableRow {TR} at (0,2) size 463x114
            RenderTableCell {TD} at (2,74) size 35x22 [border: (1px solid #000000)] [r=0 c=0 rs=1 cs=1]
              RenderText {#text} at (2,2) size 31x18
                text run at (2,2) width 31: "Data"
            RenderTableCell {TD} at (39,45) size 95x59 [border: (1px solid #000000)] [r=0 c=1 rs=1 cs=1]
              RenderText {#text} at (2,2) size 91x55
                text run at (2,2) width 91: "Data"
            RenderTableCell {TD} at (136,2) size 186x114 [border: (1px solid #000000)] [r=0 c=2 rs=1 cs=1]
              RenderText {#text} at (2,2) size 182x110
                text run at (2,2) width 182: "Data"
            RenderTableCell {TD} at (324,2) size 29x22 [border: (1px solid #000000)] [r=0 c=3 rs=1 cs=1]
              RenderText {#text} at (2,2) size 25x18
                text run at (2,2) width 25: "Top"
            RenderTableCell {TD} at (355,48) size 51x22 [border: (1px solid #000000)] [r=0 c=4 rs=1 cs=1]
              RenderText {#text} at (2,2) size 47x18
                text run at (2,2) width 47: "Middle"
            RenderTableCell {TD} at (408,94) size 53x22 [border: (1px solid #000000)] [r=0 c=5 rs=1 cs=1]
              RenderText {#text} at (2,2) size 49x18
                text run at (2,2) width 49: "Bottom"
      RenderTable {TABLE} at (0,210) size 463x119
        RenderTableSection {TBODY} at (0,0) size 463x118
          RenderTableRow {TR} at (0,2) size 463x114
            RenderTableCell {TD} at (2,2) size 29x22 [border: (1px solid #000000)] [r=0 c=0 rs=1 cs=1]
              RenderText {#text} at (2,2) size 25x18
                text run at (2,2) width 25: "Top"
            RenderTableCell {TD} at (33,48) size 51x22 [border: (1px solid #000000)] [r=0 c=1 rs=1 cs=1]
              RenderText {#text} at (2,2) size 47x18
                text run at (2,2) width 47: "Middle"
            RenderTableCell {TD} at (86,94) size 53x22 [border: (1px solid #000000)] [r=0 c=2 rs=1 cs=1]
              RenderText {#text} at (2,2) size 49x18
                text run at (2,2) width 49: "Bottom"
            RenderTableCell {TD} at (141,2) size 186x114 [border: (1px solid #000000)] [r=0 c=3 rs=1 cs=1]
              RenderText {#text} at (2,2) size 182x110
                text run at (2,2) width 182: "Data"
            RenderTableCell {TD} at (329,74) size 35x22 [border: (1px solid #000000)] [r=0 c=4 rs=1 cs=1]
              RenderText {#text} at (2,2) size 31x18
                text run at (2,2) width 31: "Data"
            RenderTableCell {TD} at (366,45) size 95x59 [border: (1px solid #000000)] [r=0 c=5 rs=1 cs=1]
              RenderText {#text} at (2,2) size 91x55
                text run at (2,2) width 91: "Data"
