layer at (0,0) size 800x600
  RenderView at (0,0) size 800x600
layer at (0,0) size 800x600
  RenderBlock {HTML} at (0,0) size 800x600
    RenderBody {BODY} at (8,8) size 784x584
      RenderText {#text} at (0,0) size 755x36
        text run at (0,0) width 755: "The select item below has a label specified, and enclosed text that is whitespace. There should be no text shown in the"
        text run at (0,18) width 69: "select box."
      RenderBR {BR} at (68,32) size 1x0
      RenderMenuList {SELECT} at (2,38) size 36x18 [bgcolor=#FFFFFF]
        RenderBlock (anonymous) at (0,0) size 36x18
          RenderText at (8,2) size 0x13
            text run at (8,2) width 0: " "
      RenderText {#text} at (0,0) size 0x0
