layer at (0,0) size 800x600
  RenderView at (0,0) size 800x600
layer at (0,0) size 800x600
  RenderBlock {HTML} at (0,0) size 800x600
    RenderBody {BODY} at (8,8) size 784x576
      RenderBlock {P} at (0,0) size 784x36
        RenderText {#text} at (0,0) size 765x36
          text run at (0,0) width 765: "Results that match WinIE are two columns on the right that say \"after\" every time, except for the last row which should"
          text run at (0,18) width 196: "have nothing in either column."
      RenderBlock {P} at (0,52) size 784x18
        RenderText {#text} at (0,0) size 725x18
          text run at (0,0) width 725: "Results that match Gecko are like WinIE, but with \"before\" for the attribute in the first two rows and the last row."
      RenderBlock {HR} at (0,86) size 784x2 [border: (1px inset #000000)]
      RenderBlock {FORM} at (0,96) size 784x365
        RenderTable {TABLE} at (0,0) size 756x365
          RenderTableSection {THEAD} at (0,0) size 756x24
            RenderTableRow {TR} at (0,2) size 756x20
              RenderTableCell {TH} at (2,2) size 392x20 [r=0 c=0 rs=1 cs=1]
                RenderText {#text} at (1,1) size 57x18
                  text run at (1,1) width 57: "test case"
              RenderTableCell {TH} at (396,2) size 228x20 [r=0 c=1 rs=1 cs=1]
                RenderText {#text} at (1,1) size 92x18
                  text run at (1,1) width 92: "form element"
              RenderTableCell {TH} at (626,2) size 63x20 [r=0 c=2 rs=1 cs=1]
                RenderText {#text} at (1,1) size 61x18
                  text run at (1,1) width 61: "property"
              RenderTableCell {TH} at (691,2) size 63x20 [r=0 c=3 rs=1 cs=1]
                RenderText {#text} at (1,1) size 61x18
                  text run at (1,1) width 61: "attribute"
          RenderTableSection {TBODY} at (0,24) size 756x341
            RenderTableRow {TR} at (0,0) size 756x25
              RenderTableCell {TD} at (2,2) size 392x20 [r=0 c=0 rs=1 cs=1]
                RenderText {#text} at (1,1) size 211x18
                  text run at (1,1) width 211: "text with value property changed"
              RenderTableCell {TD} at (396,0) size 228x25 [r=0 c=1 rs=1 cs=1]
                RenderTextControl {INPUT} at (3,3) size 137x19 [bgcolor=#FFFFFF] [border: (2px inset #000000)]
              RenderTableCell {TD} at (626,2) size 63x20 [r=0 c=2 rs=1 cs=1]
                RenderText {#text} at (1,1) size 30x18
                  text run at (1,1) width 30: "after"
              RenderTableCell {TD} at (691,2) size 63x20 [r=0 c=3 rs=1 cs=1]
                RenderText {#text} at (1,1) size 41x18
                  text run at (1,1) width 41: "before"
            RenderTableRow {TR} at (0,27) size 756x25
              RenderTableCell {TD} at (2,29) size 392x20 [r=1 c=0 rs=1 cs=1]
                RenderText {#text} at (1,1) size 248x18
                  text run at (1,1) width 248: "password with value property changed"
              RenderTableCell {TD} at (396,27) size 228x25 [r=1 c=1 rs=1 cs=1]
                RenderTextControl {INPUT} at (3,3) size 137x19 [bgcolor=#FFFFFF] [border: (2px inset #000000)]
                  RenderFlexibleBox {DIV} at (3,3) size 131x13
                    RenderBlock {DIV} at (0,0) size 131x13
              RenderTableCell {TD} at (626,29) size 63x20 [r=1 c=2 rs=1 cs=1]
                RenderText {#text} at (1,1) size 30x18
                  text run at (1,1) width 30: "after"
              RenderTableCell {TD} at (691,29) size 63x20 [r=1 c=3 rs=1 cs=1]
                RenderText {#text} at (1,1) size 41x18
                  text run at (1,1) width 41: "before"
            RenderTableRow {TR} at (0,54) size 756x20
              RenderTableCell {TD} at (2,54) size 392x20 [r=2 c=0 rs=1 cs=1]
                RenderText {#text} at (1,1) size 252x18
                  text run at (1,1) width 252: "check box with value property changed"
              RenderTableCell {TD} at (396,54) size 228x20 [r=2 c=1 rs=1 cs=1]
                RenderBlock {INPUT} at (3,4) size 12x12
              RenderTableCell {TD} at (626,54) size 63x20 [r=2 c=2 rs=1 cs=1]
                RenderText {#text} at (1,1) size 30x18
                  text run at (1,1) width 30: "after"
              RenderTableCell {TD} at (691,54) size 63x20 [r=2 c=3 rs=1 cs=1]
                RenderText {#text} at (1,1) size 30x18
                  text run at (1,1) width 30: "after"
            RenderTableRow {TR} at (0,76) size 756x20
              RenderTableCell {TD} at (2,76) size 392x20 [r=3 c=0 rs=1 cs=1]
                RenderText {#text} at (1,1) size 231x18
                  text run at (1,1) width 231: "hidden with value property changed"
              RenderTableCell {TD} at (396,85) size 228x2 [r=3 c=1 rs=1 cs=1]
              RenderTableCell {TD} at (626,76) size 63x20 [r=3 c=2 rs=1 cs=1]
                RenderText {#text} at (1,1) size 30x18
                  text run at (1,1) width 30: "after"
              RenderTableCell {TD} at (691,76) size 63x20 [r=3 c=3 rs=1 cs=1]
                RenderText {#text} at (1,1) size 30x18
                  text run at (1,1) width 30: "after"
            RenderTableRow {TR} at (0,98) size 756x24
              RenderTableCell {TD} at (2,100) size 392x20 [r=4 c=0 rs=1 cs=1]
                RenderText {#text} at (1,1) size 228x18
                  text run at (1,1) width 228: "button with value property changed"
              RenderTableCell {TD} at (396,98) size 228x24 [r=4 c=1 rs=1 cs=1]
                RenderButton {INPUT} at (3,3) size 41x18 [bgcolor=#C0C0C0]
                  RenderBlock (anonymous) at (8,2) size 25x13
                    RenderText at (0,0) size 25x13
                      text run at (0,0) width 25: "after"
              RenderTableCell {TD} at (626,100) size 63x20 [r=4 c=2 rs=1 cs=1]
                RenderText {#text} at (1,1) size 30x18
                  text run at (1,1) width 30: "after"
              RenderTableCell {TD} at (691,100) size 63x20 [r=4 c=3 rs=1 cs=1]
                RenderText {#text} at (1,1) size 30x18
                  text run at (1,1) width 30: "after"
            RenderTableRow {TR} at (0,124) size 756x20
              RenderTableCell {TD} at (2,124) size 392x20 [r=5 c=0 rs=1 cs=1]
                RenderText {#text} at (1,1) size 226x18
                  text run at (1,1) width 226: "image with value property changed"
              RenderTableCell {TD} at (396,124) size 228x19 [r=5 c=1 rs=1 cs=1]
                RenderImage {INPUT} at (1,1) size 38x17
              RenderTableCell {TD} at (626,124) size 63x20 [r=5 c=2 rs=1 cs=1]
                RenderText {#text} at (1,1) size 30x18
                  text run at (1,1) width 30: "after"
              RenderTableCell {TD} at (691,124) size 63x20 [r=5 c=3 rs=1 cs=1]
                RenderText {#text} at (1,1) size 30x18
                  text run at (1,1) width 30: "after"
            RenderTableRow {TR} at (0,146) size 756x20
              RenderTableCell {TD} at (2,146) size 392x20 [r=6 c=0 rs=1 cs=1]
                RenderText {#text} at (1,1) size 220x18
                  text run at (1,1) width 220: "radio with value property changed"
              RenderTableCell {TD} at (396,146) size 228x20 [r=6 c=1 rs=1 cs=1]
                RenderBlock {INPUT} at (3,4) size 12x12
              RenderTableCell {TD} at (626,146) size 63x20 [r=6 c=2 rs=1 cs=1]
                RenderText {#text} at (1,1) size 30x18
                  text run at (1,1) width 30: "after"
              RenderTableCell {TD} at (691,146) size 63x20 [r=6 c=3 rs=1 cs=1]
                RenderText {#text} at (1,1) size 30x18
                  text run at (1,1) width 30: "after"
            RenderTableRow {TR} at (0,168) size 756x25
              RenderTableCell {TD} at (2,170) size 392x20 [r=7 c=0 rs=1 cs=1]
                RenderText {#text} at (1,1) size 210x18
                  text run at (1,1) width 210: "text with value attribute changed"
              RenderTableCell {TD} at (396,168) size 228x25 [r=7 c=1 rs=1 cs=1]
                RenderTextControl {INPUT} at (3,3) size 137x19 [bgcolor=#FFFFFF] [border: (2px inset #000000)]
              RenderTableCell {TD} at (626,170) size 63x20 [r=7 c=2 rs=1 cs=1]
                RenderText {#text} at (1,1) size 30x18
                  text run at (1,1) width 30: "after"
              RenderTableCell {TD} at (691,170) size 63x20 [r=7 c=3 rs=1 cs=1]
                RenderText {#text} at (1,1) size 30x18
                  text run at (1,1) width 30: "after"
            RenderTableRow {TR} at (0,195) size 756x20
              RenderTableCell {TD} at (2,195) size 392x20 [r=8 c=0 rs=1 cs=1]
                RenderText {#text} at (1,1) size 252x18
                  text run at (1,1) width 252: "check box with value attribute changed"
              RenderTableCell {TD} at (396,195) size 228x20 [r=8 c=1 rs=1 cs=1]
                RenderBlock {INPUT} at (3,4) size 12x12
              RenderTableCell {TD} at (626,195) size 63x20 [r=8 c=2 rs=1 cs=1]
                RenderText {#text} at (1,1) size 30x18
                  text run at (1,1) width 30: "after"
              RenderTableCell {TD} at (691,195) size 63x20 [r=8 c=3 rs=1 cs=1]
                RenderText {#text} at (1,1) size 30x18
                  text run at (1,1) width 30: "after"
            RenderTableRow {TR} at (0,217) size 756x20
              RenderTableCell {TD} at (2,217) size 392x20 [r=9 c=0 rs=1 cs=1]
                RenderText {#text} at (1,1) size 390x18
                  text run at (1,1) width 390: "text with value property changed, then turned into check box"
              RenderTableCell {TD} at (396,217) size 228x20 [r=9 c=1 rs=1 cs=1]
                RenderBlock {INPUT} at (3,4) size 12x12
              RenderTableCell {TD} at (626,217) size 63x20 [r=9 c=2 rs=1 cs=1]
                RenderText {#text} at (1,1) size 30x18
                  text run at (1,1) width 30: "after"
              RenderTableCell {TD} at (691,217) size 63x20 [r=9 c=3 rs=1 cs=1]
                RenderText {#text} at (1,1) size 30x18
                  text run at (1,1) width 30: "after"
            RenderTableRow {TR} at (0,239) size 756x25
              RenderTableCell {TD} at (2,241) size 392x20 [r=10 c=0 rs=1 cs=1]
                RenderText {#text} at (1,1) size 390x18
                  text run at (1,1) width 390: "check box with value property changed, then turned into text"
              RenderTableCell {TD} at (396,239) size 228x25 [r=10 c=1 rs=1 cs=1]
                RenderTextControl {INPUT} at (3,3) size 137x19 [bgcolor=#FFFFFF] [border: (2px inset #000000)]
              RenderTableCell {TD} at (626,241) size 63x20 [r=10 c=2 rs=1 cs=1]
                RenderText {#text} at (1,1) size 30x18
                  text run at (1,1) width 30: "after"
              RenderTableCell {TD} at (691,241) size 63x20 [r=10 c=3 rs=1 cs=1]
                RenderText {#text} at (1,1) size 30x18
                  text run at (1,1) width 30: "after"
            RenderTableRow {TR} at (0,266) size 756x20
              RenderTableCell {TD} at (2,266) size 392x20 [r=11 c=0 rs=1 cs=1]
                RenderText {#text} at (1,1) size 389x18
                  text run at (1,1) width 389: "text with value attribute changed, then turned into check box"
              RenderTableCell {TD} at (396,266) size 228x20 [r=11 c=1 rs=1 cs=1]
                RenderBlock {INPUT} at (3,4) size 12x12
              RenderTableCell {TD} at (626,266) size 63x20 [r=11 c=2 rs=1 cs=1]
                RenderText {#text} at (1,1) size 30x18
                  text run at (1,1) width 30: "after"
              RenderTableCell {TD} at (691,266) size 63x20 [r=11 c=3 rs=1 cs=1]
                RenderText {#text} at (1,1) size 30x18
                  text run at (1,1) width 30: "after"
            RenderTableRow {TR} at (0,288) size 756x25
              RenderTableCell {TD} at (2,290) size 392x20 [r=12 c=0 rs=1 cs=1]
                RenderText {#text} at (1,1) size 389x18
                  text run at (1,1) width 389: "check box with value attribute changed, then turned into text"
              RenderTableCell {TD} at (396,288) size 228x25 [r=12 c=1 rs=1 cs=1]
                RenderTextControl {INPUT} at (3,3) size 137x19 [bgcolor=#FFFFFF] [border: (2px inset #000000)]
              RenderTableCell {TD} at (626,290) size 63x20 [r=12 c=2 rs=1 cs=1]
                RenderText {#text} at (1,1) size 30x18
                  text run at (1,1) width 30: "after"
              RenderTableCell {TD} at (691,290) size 63x20 [r=12 c=3 rs=1 cs=1]
                RenderText {#text} at (1,1) size 30x18
                  text run at (1,1) width 30: "after"
            RenderTableRow {TR} at (0,315) size 756x24
              RenderTableCell {TD} at (2,317) size 392x20 [r=13 c=0 rs=1 cs=1]
                RenderText {#text} at (1,1) size 208x18
                  text run at (1,1) width 208: "file with value property changed"
              RenderTableCell {TD} at (396,315) size 228x24 [r=13 c=1 rs=1 cs=1]
                RenderFileUploadControl {INPUT} at (3,3) size 222x18 "no file selected"
                  RenderButton {INPUT} at (0,0) size 79x18 [bgcolor=#C0C0C0]
                    RenderBlock (anonymous) at (8,2) size 63x13
                      RenderText at (0,0) size 63x13
                        text run at (0,0) width 63: "Choose File"
              RenderTableCell {TD} at (626,326) size 63x2 [r=13 c=2 rs=1 cs=1]
              RenderTableCell {TD} at (691,317) size 63x20 [r=13 c=3 rs=1 cs=1]
                RenderText {#text} at (1,1) size 41x18
                  text run at (1,1) width 41: "before"
layer at (410,134) size 130x13
  RenderBlock {DIV} at (3,3) size 131x13
    RenderText {#text} at (0,0) size 34x13
      text run at (0,0) width 34: "before"
layer at (410,161) size 130x13
  RenderBlock {DIV} at (0,0) size 131x13
    RenderText {#text} at (0,0) size 40x13
      text run at (0,0) width 40: "\x{2022}\x{2022}\x{2022}\x{2022}\x{2022}\x{2022}"
layer at (410,302) size 130x13
  RenderBlock {DIV} at (3,3) size 131x13
    RenderText {#text} at (0,0) size 25x13
      text run at (0,0) width 25: "after"
layer at (410,373) size 130x13
  RenderBlock {DIV} at (3,3) size 131x13
    RenderText {#text} at (0,0) size 25x13
      text run at (0,0) width 25: "after"
layer at (410,422) size 130x13
  RenderBlock {DIV} at (3,3) size 131x13
    RenderText {#text} at (0,0) size 25x13
      text run at (0,0) width 25: "after"
