layer at (0,0) size 800x600
  RenderView at (0,0) size 800x600
layer at (0,0) size 800x600
  RenderBlock {HTML} at (0,0) size 800x600
    RenderBody {BODY} at (8,8) size 784x584
      RenderText {#text} at (0,0) size 376x18
        text run at (0,0) width 376: "This tests that aqua-style search fields do not honor height."
      RenderBR {BR} at (375,14) size 1x0
      RenderTextControl {INPUT} at (0,22) size 137x17 [bgcolor=#FFFFFF] [border: (2px inset #000000)]
        RenderFlexibleBox {DIV} at (3,3) size 131x11
          RenderBlock {DIV} at (0,1) size 8x9
          RenderBlock {DIV} at (8,0) size 110x11
          RenderBlock {DIV} at (117,1) size 14x9
      RenderText {#text} at (136,20) size 5x18
        text run at (136,20) width 5: " "
      RenderTextControl {INPUT} at (142,20) size 158x19 [bgcolor=#FFFFFF] [border: (2px inset #000000)]
        RenderFlexibleBox {DIV} at (3,3) size 152x13
          RenderBlock {DIV} at (0,1) size 8x11
          RenderBlock {DIV} at (8,0) size 131x13
          RenderBlock {DIV} at (138,1) size 14x11
      RenderText {#text} at (301,20) size 5x18
        text run at (301,20) width 5: " "
      RenderTextControl {INPUT} at (307,18) size 185x22 [bgcolor=#FFFFFF] [border: (2px inset #000000)]
        RenderFlexibleBox {DIV} at (3,3) size 179x16
          RenderBlock {DIV} at (0,1) size 10x14
          RenderBlock {DIV} at (10,0) size 153x16
          RenderBlock {DIV} at (162,1) size 17x14
      RenderText {#text} at (0,0) size 0x0
layer at (19,33) size 109x11
  RenderBlock {DIV} at (0,0) size 110x11
    RenderText {#text} at (0,0) size 19x11
      text run at (0,0) width 19: "mini"
layer at (161,31) size 130x13
  RenderBlock {DIV} at (0,0) size 131x13
    RenderText {#text} at (0,0) size 28x13
      text run at (0,0) width 28: "small"
layer at (328,29) size 152x16
  RenderBlock {DIV} at (0,0) size 153x16
    RenderText {#text} at (0,0) size 43x16
      text run at (0,0) width 43: "regular"
