layer at (0,0) size 800x600
  RenderView at (0,0) size 800x600
layer at (0,0) size 800x600
  RenderBlock {HTML} at (0,0) size 800x600
    RenderBody {BODY} at (8,8) size 784x584
      RenderBlock (anonymous) at (0,0) size 784x18
        RenderText {#text} at (0,0) size 172x18
          text run at (0,0) width 172: "The text should be default:"
      RenderBlock {FORM} at (0,26) size 784x43
        RenderBlock {HR} at (0,0) size 784x2 [border: (1px inset #000000)]
        RenderBlock (anonymous) at (0,10) size 784x23
          RenderInline {LABEL} at (0,0) size 468x18
            RenderText {#text} at (0,2) size 328x18
              text run at (0,2) width 328: "This is a searchable index. Enter search keywords: "
            RenderTextControl {INPUT} at (329,2) size 137x19 [bgcolor=#FFFFFF] [border: (2px inset #000000)]
        RenderBlock {HR} at (0,41) size 784x2 [border: (1px inset #000000)]
      RenderBlock (anonymous) at (0,85) size 784x18
        RenderText {#text} at (0,0) size 148x18
          text run at (0,0) width 148: "The text should be red:"
      RenderBlock {FORM} at (0,111) size 784x43
        RenderBlock {HR} at (0,0) size 784x2 [border: (1px inset #000000)]
        RenderBlock (anonymous) at (0,10) size 784x23
          RenderInline {LABEL} at (0,0) size 468x18
            RenderText {#text} at (0,2) size 328x18
              text run at (0,2) width 328: "This is a searchable index. Enter search keywords: "
            RenderTextControl {INPUT} at (329,2) size 137x19 [color=#FF0000] [bgcolor=#FFFFFF] [border: (2px inset #FF0000)]
        RenderBlock {HR} at (0,41) size 784x2 [border: (1px inset #000000)]
      RenderBlock (anonymous) at (0,170) size 784x18
        RenderText {#text} at (0,0) size 216x18
          text run at (0,0) width 216: "The text should be gray on green:"
      RenderBlock {FORM} at (0,196) size 784x43
        RenderBlock {HR} at (0,0) size 784x2 [border: (1px inset #000000)]
        RenderBlock (anonymous) at (0,10) size 784x23
          RenderInline {LABEL} at (0,0) size 468x18
            RenderText {#text} at (0,2) size 328x18
              text run at (0,2) width 328: "This is a searchable index. Enter search keywords: "
            RenderTextControl {INPUT} at (329,2) size 137x19 [bgcolor=#008000] [border: (2px inset #000000)]
        RenderBlock {HR} at (0,41) size 784x2 [border: (1px inset #000000)]
      RenderBlock (anonymous) at (0,255) size 784x18
        RenderText {#text} at (0,0) size 211x18
          text run at (0,0) width 211: "The text should be red on Green:"
      RenderBlock {FORM} at (0,281) size 784x43
        RenderBlock {HR} at (0,0) size 784x2 [border: (1px inset #000000)]
        RenderBlock (anonymous) at (0,10) size 784x23
          RenderInline {LABEL} at (0,0) size 468x18
            RenderText {#text} at (0,2) size 328x18
              text run at (0,2) width 328: "This is a searchable index. Enter search keywords: "
            RenderTextControl {INPUT} at (329,2) size 137x19 [color=#FF0000] [bgcolor=#008000] [border: (2px inset #FF0000)]
        RenderBlock {HR} at (0,41) size 784x2 [border: (1px inset #000000)]
      RenderBlock (anonymous) at (0,340) size 784x23
        RenderTextControl {INPUT} at (2,2) size 137x19 [bgcolor=#FFFFFF] [border: (2px inset #000000)]
        RenderText {#text} at (140,2) size 5x18
          text run at (140,2) width 5: " "
        RenderTextControl {INPUT} at (146,2) size 137x19 [color=#FF0000] [bgcolor=#FFFFFF] [border: (2px inset #FF0000)]
        RenderText {#text} at (284,2) size 5x18
          text run at (284,2) width 5: " "
        RenderTextControl {INPUT} at (290,2) size 138x19 [bgcolor=#008000] [border: (2px inset #000000)]
        RenderText {#text} at (429,2) size 5x18
          text run at (429,2) width 5: " "
        RenderTextControl {INPUT} at (435,2) size 137x19 [color=#FF0000] [bgcolor=#008000] [border: (2px inset #FF0000)]
        RenderText {#text} at (0,0) size 0x0
layer at (340,49) size 130x13
  RenderBlock {DIV} at (3,3) size 131x13
    RenderText {#text} at (0,0) size 37x13
      text run at (0,0) width 37: "default"
layer at (340,134) size 130x13
  RenderBlock {DIV} at (3,3) size 131x13
    RenderText {#text} at (0,0) size 18x13
      text run at (0,0) width 18: "red"
layer at (340,219) size 130x13
  RenderBlock {DIV} at (3,3) size 131x13
    RenderText {#text} at (0,0) size 86x13
      text run at (0,0) width 86: "default on green"
layer at (340,304) size 130x13
  RenderBlock {DIV} at (3,3) size 131x13
    RenderText {#text} at (0,0) size 67x13
      text run at (0,0) width 67: "red on green"
layer at (13,353) size 130x13
  RenderBlock {DIV} at (3,3) size 131x13
    RenderText {#text} at (0,0) size 37x13
      text run at (0,0) width 37: "default"
layer at (157,353) size 130x13
  RenderBlock {DIV} at (3,3) size 131x13
    RenderText {#text} at (0,0) size 18x13
      text run at (0,0) width 18: "red"
layer at (302,353) size 130x13
  RenderBlock {DIV} at (3,3) size 131x13
    RenderText {#text} at (0,0) size 86x13
      text run at (0,0) width 86: "default on green"
layer at (446,353) size 130x13
  RenderBlock {DIV} at (3,3) size 131x13
    RenderText {#text} at (0,0) size 67x13
      text run at (0,0) width 67: "red on green"
