layer at (0,0) size 800x600
  RenderView at (0,0) size 800x600
layer at (0,0) size 800x600
  RenderBlock {HTML} at (0,0) size 800x600
    RenderBody {BODY} at (8,8) size 784x584
      RenderBlock {DIV} at (0,0) size 130x240
        RenderBlock {DIV} at (0,0) size 130x40
          RenderText {#text} at (0,0) size 158x40
            text run at (0,0) width 158: "throughout"
        RenderBlock {DIV} at (0,40) size 130x40
          RenderText {#text} at (0,0) size 158x40
            text run at (0,0) width 158: "throughout"
        RenderBlock {DIV} at (0,80) size 130x80
          RenderText {#text} at (0,0) size 106x80
            text run at (0,0) width 106: "throug" + hyphen string "\x{2010}"
            text run at (0,40) width 64: "hout"
        RenderBlock {DIV} at (0,160) size 130x40
          RenderText {#text} at (0,0) size 158x40
            text run at (0,0) width 158: "throughout"
        RenderBlock {DIV} at (0,200) size 130x40
          RenderText {#text} at (0,0) size 158x40
            text run at (0,0) width 158: "throughout"
      RenderBlock {DIV} at (0,240) size 135x280
        RenderBlock {DIV} at (0,0) size 135x40
          RenderText {#text} at (0,0) size 156x40
            text run at (0,0) width 156: "reciprocity"
        RenderBlock {DIV} at (0,40) size 135x40
          RenderText {#text} at (0,0) size 156x40
            text run at (0,0) width 156: "reciprocity"
        RenderBlock {DIV} at (0,80) size 135x80
          RenderText {#text} at (0,0) size 114x80
            text run at (0,0) width 114: "recipro" + hyphen string "\x{2010}"
            text run at (0,40) width 54: "city"
        RenderBlock {DIV} at (0,160) size 135x80
          RenderText {#text} at (0,0) size 96x80
            text run at (0,0) width 96: "recipr" + hyphen string "\x{2010}"
            text run at (0,40) width 72: "ocity"
        RenderBlock {DIV} at (0,240) size 135x40
          RenderText {#text} at (0,0) size 156x40
            text run at (0,0) width 156: "reciprocity"
