layer at (0,0) size 800x600
  RenderView at (0,0) size 800x600
layer at (0,0) size 800x600
  RenderBlock {HTML} at (0,0) size 800x600
    RenderBody {BODY} at (8,8) size 784x584
      RenderBlock (floating) {DIV} at (4,0) size 344x264
        RenderBlock {P} at (0,16) size 344x18
          RenderText {#text} at (0,0) size 203x17
            text run at (0,0) width 203: "The initial value (should be like "
          RenderInline {TT} at (0,0) size 32x15
            RenderText {#text} at (203,3) size 32x15
              text run at (203,3) width 32: "auto"
          RenderText {#text} at (235,0) size 5x17
            text run at (235,0) width 5: ")"
        RenderBlock {DIV} at (0,50) size 344x214 [border: (3px solid #000000)]
          RenderBlock (floating) {DIV} at (262,7) size 75x90 [bgcolor=#F0F8FF]
          RenderText {#text} at (7,7) size 330x200
            text run at (7,7) width 245: "The chief difficulty Alice found"
            text run at (7,27) width 245: "at first was in managing her"
            text run at (7,47) width 245: "flamingo: she succeeded in ge" + hyphen string "\x{2010}"
            text run at (7,67) width 222: "tting its body tucked away, "
            text run at (229,67) width 23: "co" + hyphen string "\x{2010}"
            text run at (7,87) width 245: "mfortably enough, under her"
            text run at (7,107) width 248: "arm, with its legs hanging down, "
            text run at (254,107) width 83: "but genera" + hyphen string "\x{2010}"
            text run at (7,127) width 330: "lly, just as she had got its neck nicely"
            text run at (7,147) width 96: "straightened "
            text run at (102,147) width 235: "out, and was going to give the"
            text run at (7,167) width 285: "hedgehog a blow with its head, it "
            text run at (292,167) width 45: "would"
            text run at (7,187) width 314: "twist itself round and look up in her face\x{2026}"
      RenderBlock (floating) {DIV} at (356,0) size 344x264
        RenderBlock {P} at (0,16) size 344x18
          RenderText {#text} at (0,0) size 81x17
            text run at (0,0) width 81: "The default ("
          RenderInline {TT} at (0,0) size 200x15
            RenderText {#text} at (81,3) size 200x15
              text run at (81,3) width 200: "hyphenate-character: auto"
          RenderText {#text} at (281,0) size 5x17
            text run at (281,0) width 5: ")"
        RenderBlock {DIV} at (0,50) size 344x214 [border: (3px solid #000000)]
          RenderBlock (floating) {DIV} at (262,7) size 75x90 [bgcolor=#F0F8FF]
          RenderText {#text} at (7,7) size 330x200
            text run at (7,7) width 245: "The chief difficulty Alice found"
            text run at (7,27) width 245: "at first was in managing her"
            text run at (7,47) width 245: "flamingo: she succeeded in ge" + hyphen string "\x{2010}"
            text run at (7,67) width 222: "tting its body tucked away, "
            text run at (229,67) width 23: "co" + hyphen string "\x{2010}"
            text run at (7,87) width 245: "mfortably enough, under her"
            text run at (7,107) width 248: "arm, with its legs hanging down, "
            text run at (254,107) width 83: "but genera" + hyphen string "\x{2010}"
            text run at (7,127) width 330: "lly, just as she had got its neck nicely"
            text run at (7,147) width 96: "straightened "
            text run at (102,147) width 235: "out, and was going to give the"
            text run at (7,167) width 285: "hedgehog a blow with its head, it "
            text run at (292,167) width 45: "would"
            text run at (7,187) width 314: "twist itself round and look up in her face\x{2026}"
      RenderBlock (floating) {DIV} at (4,264) size 344x264
        RenderBlock {P} at (0,16) size 344x18
          RenderText {#text} at (0,0) size 47x17
            text run at (0,0) width 47: "Bullet ("
          RenderInline {TT} at (0,0) size 224x15
            RenderText {#text} at (47,3) size 224x15
              text run at (47,3) width 224: "hyphenate-character: \"\\2022\""
          RenderText {#text} at (271,0) size 5x17
            text run at (271,0) width 5: ")"
        RenderBlock {DIV} at (0,50) size 344x214 [border: (3px solid #000000)]
          RenderBlock (floating) {DIV} at (262,7) size 75x90 [bgcolor=#F0F8FF]
          RenderText {#text} at (7,7) size 330x200
            text run at (7,7) width 245: "The chief difficulty Alice found"
            text run at (7,27) width 245: "at first was in managing her"
            text run at (7,47) width 245: "flamingo: she succeeded in ge" + hyphen string "\x{2022}"
            text run at (7,67) width 222: "tting its body tucked away, "
            text run at (229,67) width 23: "co" + hyphen string "\x{2022}"
            text run at (7,87) width 245: "mfortably enough, under her"
            text run at (7,107) width 248: "arm, with its legs hanging down, "
            text run at (254,107) width 83: "but genera" + hyphen string "\x{2022}"
            text run at (7,127) width 330: "lly, just as she had got its neck nicely"
            text run at (7,147) width 96: "straightened "
            text run at (102,147) width 235: "out, and was going to give the"
            text run at (7,167) width 285: "hedgehog a blow with its head, it "
            text run at (292,167) width 45: "would"
            text run at (7,187) width 314: "twist itself round and look up in her face\x{2026}"
      RenderBlock (floating) {DIV} at (356,264) size 357x264
        RenderBlock {P} at (0,16) size 357x18
          RenderText {#text} at (0,0) size 136x17
            text run at (0,0) width 136: "Middle dot and tilde ("
          RenderInline {TT} at (0,0) size 216x15
            RenderText {#text} at (136,3) size 216x15
              text run at (136,3) width 216: "hyphenate-character: \"\\B7~\""
          RenderText {#text} at (352,0) size 5x17
            text run at (352,0) width 5: ")"
        RenderBlock {DIV} at (0,50) size 344x214 [border: (3px solid #000000)]
          RenderBlock (floating) {DIV} at (262,7) size 75x90 [bgcolor=#F0F8FF]
          RenderText {#text} at (7,7) size 330x200
            text run at (7,7) width 245: "The chief difficulty Alice found"
            text run at (7,27) width 245: "at first was in managing her"
            text run at (7,47) width 245: "flamingo: she succeeded in ge" + hyphen string "\x{B7}~"
            text run at (7,67) width 213: "tting its body tucked away, "
            text run at (220,67) width 32: "co" + hyphen string "\x{B7}~"
            text run at (7,87) width 245: "mfortably enough, under her"
            text run at (7,107) width 252: "arm, with its legs hanging down, "
            text run at (258,107) width 79: "but gene" + hyphen string "\x{B7}~"
            text run at (7,127) width 330: "rally, just as she had got its neck nicely"
            text run at (7,147) width 96: "straightened "
            text run at (102,147) width 235: "out, and was going to give the"
            text run at (7,167) width 285: "hedgehog a blow with its head, it "
            text run at (292,167) width 45: "would"
            text run at (7,187) width 314: "twist itself round and look up in her face\x{2026}"
