layer at (0,0) size 800x600
  RenderView at (0,0) size 800x600
layer at (0,0) size 800x600
  RenderBlock {HTML} at (0,0) size 800x600
    RenderBody {BODY} at (8,16) size 784x568
      RenderBlock {DIV} at (16,0) size 400x90
        RenderBlock (floating) at (2,3) size 51x48
          RenderText {#text} at (0,-17) size 51x82
            text run at (0,-17) width 51: "A"
        RenderText {#text} at (54,0) size 454x90
          text run at (54,0) width 400: "n example of first-letter. This letter should span 3 lines of text,"
          text run at (54,18) width 312: "and so it should align itself cleanly with the cap-"
          text run at (54,36) width 326: "height of the A lining up with the cap-height of the"
          text run at (0,54) width 394: "first line, and the baseline of the A lining up with the baseline"
          text run at (0,72) width 104: "of the third line."
      RenderBlock {SPAN} at (0,106) size 784x90
        RenderBlock {DIV} at (368,0) size 400x90
          RenderBlock (floating) at (347,3) size 51x48
            RenderText {#text} at (0,-17) size 51x82
              text run at (0,-17) width 51: "A"
          RenderText {#text} at (-53,0) size 454x90
            text run at (-53,0) width 399: "n RTL example of first-letter. This letter should span 3 lines of"
            text run at (2,18) width 344: "text, and so it should align itself cleanly with the cap-"
            text run at (20,36) width 326: "height of the A lining up with the cap-height of the"
            text run at (6,54) width 394: "first line, and the baseline of the A lining up with the baseline"
            text run at (296,72) width 5 RTL: "."
            text run at (300,72) width 100: "of the third line"
