layer at (0,0) size 800x600
  RenderView at (0,0) size 800x600
layer at (0,0) size 800x600
  RenderBlock {HTML} at (0,0) size 800x600
    RenderBody {BODY} at (8,8) size 784x584
      RenderBlock (anonymous) at (0,0) size 784x18
        RenderText {#text} at (0,0) size 168x18
          text run at (0,0) width 168: "The text should be default:"
      RenderBlock {FORM} at (0,26) size 784x45
        RenderBlock {HR} at (0,0) size 784x2 [border: (1px inset #000000)]
        RenderBlock (anonymous) at (0,10) size 784x25
          RenderInline {LABEL} at (0,0) size 475x18
            RenderText {#text} at (0,3) size 322x18
              text run at (0,3) width 322: "This is a searchable index. Enter search keywords: "
            RenderTextControl {INPUT} at (324,2) size 149x21 [bgcolor=#FFFFFF] [border: (2px inset #000000)]
        RenderBlock {HR} at (0,43) size 784x2 [border: (1px inset #000000)]
      RenderBlock (anonymous) at (0,87) size 784x18
        RenderText {#text} at (0,0) size 145x18
          text run at (0,0) width 145: "The text should be red:"
      RenderBlock {FORM} at (0,113) size 784x45
        RenderBlock {HR} at (0,0) size 784x2 [border: (1px inset #000000)]
        RenderBlock (anonymous) at (0,10) size 784x25
          RenderInline {LABEL} at (0,0) size 475x18
            RenderText {#text} at (0,3) size 322x18
              text run at (0,3) width 322: "This is a searchable index. Enter search keywords: "
            RenderTextControl {INPUT} at (324,2) size 149x21 [color=#FF0000] [bgcolor=#FFFFFF] [border: (2px inset #FF0000)]
        RenderBlock {HR} at (0,43) size 784x2 [border: (1px inset #000000)]
      RenderBlock (anonymous) at (0,174) size 784x18
        RenderText {#text} at (0,0) size 212x18
          text run at (0,0) width 212: "The text should be gray on green:"
      RenderBlock {FORM} at (0,200) size 784x45
        RenderBlock {HR} at (0,0) size 784x2 [border: (1px inset #000000)]
        RenderBlock (anonymous) at (0,10) size 784x25
          RenderInline {LABEL} at (0,0) size 475x18
            RenderText {#text} at (0,3) size 322x18
              text run at (0,3) width 322: "This is a searchable index. Enter search keywords: "
            RenderTextControl {INPUT} at (324,2) size 149x21 [bgcolor=#008000] [border: (2px inset #000000)]
        RenderBlock {HR} at (0,43) size 784x2 [border: (1px inset #000000)]
      RenderBlock (anonymous) at (0,261) size 784x18
        RenderText {#text} at (0,0) size 208x18
          text run at (0,0) width 208: "The text should be red on Green:"
      RenderBlock {FORM} at (0,287) size 784x45
        RenderBlock {HR} at (0,0) size 784x2 [border: (1px inset #000000)]
        RenderBlock (anonymous) at (0,10) size 784x25
          RenderInline {LABEL} at (0,0) size 475x18
            RenderText {#text} at (0,3) size 322x18
              text run at (0,3) width 322: "This is a searchable index. Enter search keywords: "
            RenderTextControl {INPUT} at (324,2) size 149x21 [color=#FF0000] [bgcolor=#008000] [border: (2px inset #FF0000)]
        RenderBlock {HR} at (0,43) size 784x2 [border: (1px inset #000000)]
      RenderBlock (anonymous) at (0,348) size 784x25
        RenderTextControl {INPUT} at (2,2) size 149x21 [bgcolor=#FFFFFF] [border: (2px inset #000000)]
        RenderText {#text} at (153,3) size 4x18
          text run at (153,3) width 4: " "
        RenderTextControl {INPUT} at (159,2) size 149x21 [color=#FF0000] [bgcolor=#FFFFFF] [border: (2px inset #FF0000)]
        RenderText {#text} at (310,3) size 4x18
          text run at (310,3) width 4: " "
        RenderTextControl {INPUT} at (316,2) size 149x21 [bgcolor=#008000] [border: (2px inset #000000)]
        RenderText {#text} at (467,3) size 4x18
          text run at (467,3) width 4: " "
        RenderTextControl {INPUT} at (473,2) size 149x21 [color=#FF0000] [bgcolor=#008000] [border: (2px inset #FF0000)]
        RenderText {#text} at (0,0) size 0x0
layer at (334,49) size 145x15
  RenderBlock {DIV} at (2,3) size 145x15
    RenderText {#text} at (0,0) size 39x15
      text run at (0,0) width 39: "default"
layer at (334,136) size 145x15
  RenderBlock {DIV} at (2,3) size 145x15
    RenderText {#text} at (0,0) size 18x15
      text run at (0,0) width 18: "red"
layer at (334,223) size 145x15
  RenderBlock {DIV} at (2,3) size 145x15
    RenderText {#text} at (0,0) size 91x15
      text run at (0,0) width 91: "default on green"
layer at (334,310) size 145x15
  RenderBlock {DIV} at (2,3) size 145x15
    RenderText {#text} at (0,0) size 70x15
      text run at (0,0) width 70: "red on green"
layer at (12,361) size 145x15
  RenderBlock {DIV} at (2,3) size 145x15
    RenderText {#text} at (0,0) size 39x15
      text run at (0,0) width 39: "default"
layer at (169,361) size 145x15
  RenderBlock {DIV} at (2,3) size 145x15
    RenderText {#text} at (0,0) size 18x15
      text run at (0,0) width 18: "red"
layer at (326,361) size 145x15
  RenderBlock {DIV} at (2,3) size 145x15
    RenderText {#text} at (0,0) size 91x15
      text run at (0,0) width 91: "default on green"
layer at (483,361) size 145x15
  RenderBlock {DIV} at (2,3) size 145x15
    RenderText {#text} at (0,0) size 70x15
      text run at (0,0) width 70: "red on green"
