layer at (0,0) size 800x600
  RenderView at (0,0) size 800x600
layer at (0,0) size 800x184
  RenderBlock {HTML} at (0,0) size 800x184
    RenderBody {BODY} at (8,16) size 784x152
      RenderBlock {P} at (0,0) size 784x20
        RenderMathMLMath {math} at (0,6) size 31x9 [padding: 0 1 0 1]
          RenderMathMLUnderOver {mover} at (1,0) size 29x9
            RenderMathMLSpace {mspace} at (3,7) size 23x2 [bgcolor=#0000FF]
            RenderMathMLOperator {mo} at (-4,0) size 36x7
              RenderMathMLBlock (anonymous, flex) at (3,0) size 29x7
                RenderBlock (anonymous) at (0,0) size 12x7
                  RenderText at (0,-3) size 12x13
                    text run at (0,-3) width 12: "\x{2190}"
        RenderText {#text} at (30,0) size 5x19
          text run at (30,0) width 5: " "
        RenderMathMLMath {math} at (34,6) size 32x9 [padding: 0 1 0 1]
          RenderMathMLUnderOver {mover} at (1,0) size 29x9
            RenderMathMLSpace {mspace} at (3,7) size 23x2 [bgcolor=#0000FF]
            RenderMathMLOperator {mo} at (-4,0) size 36x7
              RenderMathMLBlock (anonymous, flex) at (3,0) size 29x7
                RenderBlock (anonymous) at (0,0) size 12x7
                  RenderText at (0,-3) size 12x13
                    text run at (0,-3) width 12: "\x{2192}"
        RenderText {#text} at (65,0) size 5x19
          text run at (65,0) width 5: " "
        RenderMathMLMath {math} at (69,6) size 31x9 [padding: 0 1 0 1]
          RenderMathMLUnderOver {mover} at (1,0) size 29x9
            RenderMathMLSpace {mspace} at (3,7) size 23x2 [bgcolor=#0000FF]
            RenderMathMLOperator {mo} at (-4,0) size 36x7
              RenderMathMLBlock (anonymous, flex) at (3,0) size 29x7
                RenderBlock (anonymous) at (0,0) size 13x7
                  RenderText at (0,-3) size 13x13
                    text run at (0,-3) width 13: "\x{2194}"
        RenderText {#text} at (99,0) size 5x19
          text run at (99,0) width 5: " "
        RenderMathMLMath {math} at (103,5) size 32x10 [padding: 0 1 0 1]
          RenderMathMLUnderOver {mover} at (1,0) size 29x10
            RenderMathMLSpace {mspace} at (3,8) size 23x2 [bgcolor=#0000FF]
            RenderMathMLOperator {mo} at (-4,0) size 36x8
              RenderMathMLBlock (anonymous, flex) at (3,0) size 29x8
                RenderBlock (anonymous) at (0,0) size 11x8
                  RenderText at (0,-2) size 11x13
                    text run at (0,-2) width 11: "\x{21A4}"
        RenderText {#text} at (134,0) size 5x19
          text run at (134,0) width 5: " "
        RenderMathMLMath {math} at (138,5) size 32x10 [padding: 0 1 0 1]
          RenderMathMLUnderOver {mover} at (1,0) size 29x10
            RenderMathMLSpace {mspace} at (3,8) size 23x2 [bgcolor=#0000FF]
            RenderMathMLOperator {mo} at (-4,0) size 36x8
              RenderMathMLBlock (anonymous, flex) at (3,0) size 29x8
                RenderBlock (anonymous) at (0,0) size 11x8
                  RenderText at (0,-2) size 11x13
                    text run at (0,-2) width 11: "\x{21A6}"
        RenderText {#text} at (169,0) size 5x19
          text run at (169,0) width 5: " "
        RenderMathMLMath {math} at (173,5) size 31x10 [padding: 0 1 0 1]
          RenderMathMLUnderOver {mover} at (1,0) size 29x10
            RenderMathMLSpace {mspace} at (3,8) size 23x2 [bgcolor=#0000FF]
            RenderMathMLOperator {mo} at (-4,0) size 36x8
              RenderMathMLBlock (anonymous, flex) at (3,0) size 29x8
                RenderBlock (anonymous) at (0,0) size 11x8
                  RenderText at (0,-2) size 11x13
                    text run at (0,-2) width 11: "\x{21BC}"
        RenderText {#text} at (203,0) size 5x19
          text run at (203,0) width 5: " "
        RenderMathMLMath {math} at (207,7) size 32x8 [padding: 0 1 0 1]
          RenderMathMLUnderOver {mover} at (1,0) size 29x8
            RenderMathMLSpace {mspace} at (3,6) size 23x2 [bgcolor=#0000FF]
            RenderMathMLOperator {mo} at (-4,0) size 36x6
              RenderMathMLBlock (anonymous, flex) at (3,0) size 29x6
                RenderBlock (anonymous) at (0,0) size 11x6
                  RenderText at (0,-4) size 11x13
                    text run at (0,-4) width 11: "\x{21BD}"
        RenderText {#text} at (238,0) size 5x19
          text run at (238,0) width 5: " "
        RenderMathMLMath {math} at (242,5) size 32x10 [padding: 0 1 0 1]
          RenderMathMLUnderOver {mover} at (1,0) size 29x10
            RenderMathMLSpace {mspace} at (3,8) size 23x2 [bgcolor=#0000FF]
            RenderMathMLOperator {mo} at (-4,0) size 36x8
              RenderMathMLBlock (anonymous, flex) at (3,0) size 29x8
                RenderBlock (anonymous) at (0,0) size 11x8
                  RenderText at (0,-2) size 11x13
                    text run at (0,-2) width 11: "\x{21C0}"
        RenderText {#text} at (273,0) size 5x19
          text run at (273,0) width 5: " "
        RenderMathMLMath {math} at (277,6) size 31x9 [padding: 0 1 0 1]
          RenderMathMLUnderOver {mover} at (1,0) size 29x9
            RenderMathMLSpace {mspace} at (3,7) size 23x2 [bgcolor=#0000FF]
            RenderMathMLOperator {mo} at (-4,0) size 36x7
              RenderMathMLBlock (anonymous, flex) at (3,0) size 29x7
                RenderBlock (anonymous) at (0,0) size 12x7
                  RenderText at (0,-3) size 12x13
                    text run at (0,-3) width 12: "\x{21D0}"
        RenderText {#text} at (307,0) size 5x19
          text run at (307,0) width 5: " "
        RenderMathMLMath {math} at (311,6) size 32x9 [padding: 0 1 0 1]
          RenderMathMLUnderOver {mover} at (1,0) size 29x9
            RenderMathMLSpace {mspace} at (3,7) size 23x2 [bgcolor=#0000FF]
            RenderMathMLOperator {mo} at (-4,0) size 36x7
              RenderMathMLBlock (anonymous, flex) at (3,0) size 29x7
                RenderBlock (anonymous) at (0,0) size 12x7
                  RenderText at (0,-3) size 12x13
                    text run at (0,-3) width 12: "\x{21D2}"
        RenderText {#text} at (342,0) size 5x19
          text run at (342,0) width 5: " "
        RenderMathMLMath {math} at (346,6) size 32x9 [padding: 0 1 0 1]
          RenderMathMLUnderOver {mover} at (1,0) size 29x9
            RenderMathMLSpace {mspace} at (3,7) size 23x2 [bgcolor=#0000FF]
            RenderMathMLOperator {mo} at (-4,0) size 36x7
              RenderMathMLBlock (anonymous, flex) at (3,0) size 29x7
                RenderBlock (anonymous) at (0,0) size 13x7
                  RenderText at (0,-3) size 13x13
                    text run at (0,-3) width 13: "\x{21D4}"
        RenderText {#text} at (377,0) size 5x19
          text run at (377,0) width 5: " "
        RenderMathMLMath {math} at (381,5) size 31x10 [padding: 0 1 0 1]
          RenderMathMLUnderOver {mover} at (1,0) size 29x10
            RenderMathMLSpace {mspace} at (3,8) size 23x2 [bgcolor=#0000FF]
            RenderMathMLOperator {mo} at (-4,0) size 36x8
              RenderMathMLBlock (anonymous, flex) at (3,0) size 29x8
                RenderBlock (anonymous) at (0,0) size 11x8
                  RenderText at (0,-2) size 11x13
                    text run at (0,-2) width 11: "\x{21DA}"
        RenderText {#text} at (411,0) size 5x19
          text run at (411,0) width 5: " "
        RenderMathMLMath {math} at (415,5) size 32x10 [padding: 0 1 0 1]
          RenderMathMLUnderOver {mover} at (1,0) size 29x10
            RenderMathMLSpace {mspace} at (3,8) size 23x2 [bgcolor=#0000FF]
            RenderMathMLOperator {mo} at (-4,0) size 36x8
              RenderMathMLBlock (anonymous, flex) at (3,0) size 29x8
                RenderBlock (anonymous) at (0,0) size 11x8
                  RenderText at (0,-2) size 11x13
                    text run at (0,-2) width 11: "\x{21DB}"
        RenderText {#text} at (446,0) size 5x19
          text run at (446,0) width 5: " "
        RenderMathMLMath {math} at (450,3) size 25x12 [padding: 0 1 0 1]
          RenderMathMLUnderOver {mover} at (1,0) size 22x12
            RenderMathMLSpace {mspace} at (0,10) size 22x2 [bgcolor=#0000FF]
            RenderMathMLOperator {mo} at (0,0) size 22x10
              RenderMathMLBlock (anonymous, flex) at (0,0) size 22x10
                RenderBlock (anonymous) at (0,0) size 12x10
                  RenderText at (0,0) size 12x13
                    text run at (0,0) width 12: "\x{23B4}"
        RenderText {#text} at (474,0) size 5x19
          text run at (474,0) width 5: " "
        RenderMathMLMath {math} at (478,3) size 25x12 [padding: 0 1 0 1]
          RenderMathMLUnderOver {mover} at (1,0) size 22x12
            RenderMathMLSpace {mspace} at (0,10) size 22x2 [bgcolor=#0000FF]
            RenderMathMLOperator {mo} at (0,0) size 22x10
              RenderMathMLBlock (anonymous, flex) at (0,0) size 22x10
                RenderBlock (anonymous) at (0,0) size 12x10
                  RenderText at (0,0) size 12x13
                    text run at (0,0) width 12: "\x{23B5}"
        RenderText {#text} at (502,0) size 5x19
          text run at (502,0) width 5: " "
        RenderMathMLMath {math} at (506,3) size 25x12 [padding: 0 1 0 1]
          RenderMathMLUnderOver {mover} at (1,0) size 22x12
            RenderMathMLSpace {mspace} at (0,10) size 22x2 [bgcolor=#0000FF]
            RenderMathMLOperator {mo} at (0,0) size 22x10
              RenderMathMLBlock (anonymous, flex) at (0,0) size 22x10
                RenderBlock (anonymous) at (0,0) size 12x10
                  RenderText at (0,0) size 12x13
                    text run at (0,0) width 12: "\x{23DC}"
        RenderText {#text} at (530,0) size 5x19
          text run at (530,0) width 5: " "
        RenderMathMLMath {math} at (534,3) size 25x12 [padding: 0 1 0 1]
          RenderMathMLUnderOver {mover} at (1,0) size 22x12
            RenderMathMLSpace {mspace} at (0,10) size 22x2 [bgcolor=#0000FF]
            RenderMathMLOperator {mo} at (0,0) size 22x10
              RenderMathMLBlock (anonymous, flex) at (0,0) size 22x10
                RenderBlock (anonymous) at (0,0) size 12x10
                  RenderText at (0,0) size 12x13
                    text run at (0,0) width 12: "\x{23DD}"
        RenderText {#text} at (558,0) size 5x19
          text run at (558,0) width 5: " "
        RenderMathMLMath {math} at (562,3) size 25x12 [padding: 0 1 0 1]
          RenderMathMLUnderOver {mover} at (1,0) size 22x12
            RenderMathMLSpace {mspace} at (0,10) size 22x2 [bgcolor=#0000FF]
            RenderMathMLOperator {mo} at (0,0) size 22x10
              RenderMathMLBlock (anonymous, flex) at (0,0) size 22x10
                RenderBlock (anonymous) at (0,0) size 12x10
                  RenderText at (0,0) size 12x13
                    text run at (0,0) width 12: "\x{23DE}"
        RenderText {#text} at (586,0) size 5x19
          text run at (586,0) width 5: " "
        RenderMathMLMath {math} at (590,3) size 25x12 [padding: 0 1 0 1]
          RenderMathMLUnderOver {mover} at (1,0) size 22x12
            RenderMathMLSpace {mspace} at (0,10) size 22x2 [bgcolor=#0000FF]
            RenderMathMLOperator {mo} at (0,0) size 22x10
              RenderMathMLBlock (anonymous, flex) at (0,0) size 22x10
                RenderBlock (anonymous) at (0,0) size 12x10
                  RenderText at (0,0) size 12x13
                    text run at (0,0) width 12: "\x{23DF}"
        RenderText {#text} at (0,0) size 0x0
      RenderBlock {P} at (0,36) size 784x40
        RenderMathMLMath {math} at (0,6) size 59x9 [padding: 0 1 0 1]
          RenderMathMLUnderOver {mover} at (1,0) size 57x9
            RenderMathMLSpace {mspace} at (3,7) size 51x2 [bgcolor=#008000]
            RenderMathMLOperator {mo} at (-4,0) size 64x7
              RenderMathMLBlock (anonymous, flex) at (3,0) size 57x7
                RenderBlock (anonymous) at (0,0) size 12x7
                  RenderText at (0,-3) size 12x13
                    text run at (0,-3) width 12: "\x{2190}"
        RenderText {#text} at (58,0) size 5x19
          text run at (58,0) width 5: " "
        RenderMathMLMath {math} at (62,6) size 60x9 [padding: 0 1 0 1]
          RenderMathMLUnderOver {mover} at (1,0) size 57x9
            RenderMathMLSpace {mspace} at (3,7) size 51x2 [bgcolor=#008000]
            RenderMathMLOperator {mo} at (-4,0) size 64x7
              RenderMathMLBlock (anonymous, flex) at (3,0) size 57x7
                RenderBlock (anonymous) at (0,0) size 12x7
                  RenderText at (0,-3) size 12x13
                    text run at (0,-3) width 12: "\x{2192}"
        RenderText {#text} at (121,0) size 5x19
          text run at (121,0) width 5: " "
        RenderMathMLMath {math} at (125,6) size 59x9 [padding: 0 1 0 1]
          RenderMathMLUnderOver {mover} at (1,0) size 57x9
            RenderMathMLSpace {mspace} at (3,7) size 51x2 [bgcolor=#008000]
            RenderMathMLOperator {mo} at (-4,0) size 64x7
              RenderMathMLBlock (anonymous, flex) at (3,0) size 57x7
                RenderBlock (anonymous) at (0,0) size 13x7
                  RenderText at (0,-3) size 13x13
                    text run at (0,-3) width 13: "\x{2194}"
        RenderText {#text} at (183,0) size 5x19
          text run at (183,0) width 5: " "
        RenderMathMLMath {math} at (187,5) size 60x10 [padding: 0 1 0 1]
          RenderMathMLUnderOver {mover} at (1,0) size 57x10
            RenderMathMLSpace {mspace} at (3,8) size 51x2 [bgcolor=#008000]
            RenderMathMLOperator {mo} at (-4,0) size 64x8
              RenderMathMLBlock (anonymous, flex) at (3,0) size 57x8
                RenderBlock (anonymous) at (0,0) size 11x8
                  RenderText at (0,-2) size 11x13
                    text run at (0,-2) width 11: "\x{21A4}"
        RenderText {#text} at (246,0) size 5x19
          text run at (246,0) width 5: " "
        RenderMathMLMath {math} at (250,5) size 60x10 [padding: 0 1 0 1]
          RenderMathMLUnderOver {mover} at (1,0) size 57x10
            RenderMathMLSpace {mspace} at (3,8) size 51x2 [bgcolor=#008000]
            RenderMathMLOperator {mo} at (-4,0) size 64x8
              RenderMathMLBlock (anonymous, flex) at (3,0) size 57x8
                RenderBlock (anonymous) at (0,0) size 11x8
                  RenderText at (0,-2) size 11x13
                    text run at (0,-2) width 11: "\x{21A6}"
        RenderText {#text} at (309,0) size 5x19
          text run at (309,0) width 5: " "
        RenderMathMLMath {math} at (313,5) size 59x10 [padding: 0 1 0 1]
          RenderMathMLUnderOver {mover} at (1,0) size 57x10
            RenderMathMLSpace {mspace} at (3,8) size 51x2 [bgcolor=#008000]
            RenderMathMLOperator {mo} at (-4,0) size 64x8
              RenderMathMLBlock (anonymous, flex) at (3,0) size 57x8
                RenderBlock (anonymous) at (0,0) size 11x8
                  RenderText at (0,-2) size 11x13
                    text run at (0,-2) width 11: "\x{21BC}"
        RenderText {#text} at (371,0) size 5x19
          text run at (371,0) width 5: " "
        RenderMathMLMath {math} at (375,7) size 60x8 [padding: 0 1 0 1]
          RenderMathMLUnderOver {mover} at (1,0) size 57x8
            RenderMathMLSpace {mspace} at (3,6) size 51x2 [bgcolor=#008000]
            RenderMathMLOperator {mo} at (-4,0) size 64x6
              RenderMathMLBlock (anonymous, flex) at (3,0) size 57x6
                RenderBlock (anonymous) at (0,0) size 11x6
                  RenderText at (0,-4) size 11x13
                    text run at (0,-4) width 11: "\x{21BD}"
        RenderText {#text} at (434,0) size 5x19
          text run at (434,0) width 5: " "
        RenderMathMLMath {math} at (438,5) size 60x10 [padding: 0 1 0 1]
          RenderMathMLUnderOver {mover} at (1,0) size 57x10
            RenderMathMLSpace {mspace} at (3,8) size 51x2 [bgcolor=#008000]
            RenderMathMLOperator {mo} at (-4,0) size 64x8
              RenderMathMLBlock (anonymous, flex) at (3,0) size 57x8
                RenderBlock (anonymous) at (0,0) size 11x8
                  RenderText at (0,-2) size 11x13
                    text run at (0,-2) width 11: "\x{21C0}"
        RenderText {#text} at (497,0) size 5x19
          text run at (497,0) width 5: " "
        RenderMathMLMath {math} at (501,6) size 59x9 [padding: 0 1 0 1]
          RenderMathMLUnderOver {mover} at (1,0) size 57x9
            RenderMathMLSpace {mspace} at (3,7) size 51x2 [bgcolor=#008000]
            RenderMathMLOperator {mo} at (-4,0) size 64x7
              RenderMathMLBlock (anonymous, flex) at (3,0) size 57x7
                RenderBlock (anonymous) at (0,0) size 12x7
                  RenderText at (0,-3) size 12x13
                    text run at (0,-3) width 12: "\x{21D0}"
        RenderText {#text} at (559,0) size 5x19
          text run at (559,0) width 5: " "
        RenderMathMLMath {math} at (563,6) size 60x9 [padding: 0 1 0 1]
          RenderMathMLUnderOver {mover} at (1,0) size 57x9
            RenderMathMLSpace {mspace} at (3,7) size 51x2 [bgcolor=#008000]
            RenderMathMLOperator {mo} at (-4,0) size 64x7
              RenderMathMLBlock (anonymous, flex) at (3,0) size 57x7
                RenderBlock (anonymous) at (0,0) size 12x7
                  RenderText at (0,-3) size 12x13
                    text run at (0,-3) width 12: "\x{21D2}"
        RenderText {#text} at (622,0) size 5x19
          text run at (622,0) width 5: " "
        RenderMathMLMath {math} at (626,6) size 60x9 [padding: 0 1 0 1]
          RenderMathMLUnderOver {mover} at (1,0) size 57x9
            RenderMathMLSpace {mspace} at (3,7) size 51x2 [bgcolor=#008000]
            RenderMathMLOperator {mo} at (-4,0) size 64x7
              RenderMathMLBlock (anonymous, flex) at (3,0) size 57x7
                RenderBlock (anonymous) at (0,0) size 13x7
                  RenderText at (0,-3) size 13x13
                    text run at (0,-3) width 13: "\x{21D4}"
        RenderText {#text} at (685,0) size 5x19
          text run at (685,0) width 5: " "
        RenderMathMLMath {math} at (689,5) size 59x10 [padding: 0 1 0 1]
          RenderMathMLUnderOver {mover} at (1,0) size 57x10
            RenderMathMLSpace {mspace} at (3,8) size 51x2 [bgcolor=#008000]
            RenderMathMLOperator {mo} at (-4,0) size 64x8
              RenderMathMLBlock (anonymous, flex) at (3,0) size 57x8
                RenderBlock (anonymous) at (0,0) size 11x8
                  RenderText at (0,-2) size 11x13
                    text run at (0,-2) width 11: "\x{21DA}"
        RenderText {#text} at (0,0) size 0x0
        RenderMathMLMath {math} at (0,25) size 59x10 [padding: 0 1 0 1]
          RenderMathMLUnderOver {mover} at (1,0) size 57x10
            RenderMathMLSpace {mspace} at (3,8) size 51x2 [bgcolor=#008000]
            RenderMathMLOperator {mo} at (-4,0) size 64x8
              RenderMathMLBlock (anonymous, flex) at (3,0) size 57x8
                RenderBlock (anonymous) at (0,0) size 11x8
                  RenderText at (0,-2) size 11x13
                    text run at (0,-2) width 11: "\x{21DB}"
        RenderText {#text} at (58,20) size 5x19
          text run at (58,20) width 5: " "
        RenderMathMLMath {math} at (62,23) size 53x12 [padding: 0 1 0 1]
          RenderMathMLUnderOver {mover} at (1,0) size 50x12
            RenderMathMLSpace {mspace} at (0,10) size 50x2 [bgcolor=#008000]
            RenderMathMLOperator {mo} at (0,0) size 50x10
              RenderMathMLBlock (anonymous, flex) at (0,0) size 50x10
                RenderBlock (anonymous) at (0,0) size 12x10
                  RenderText at (0,0) size 12x13
                    text run at (0,0) width 12: "\x{23B4}"
        RenderText {#text} at (114,20) size 5x19
          text run at (114,20) width 5: " "
        RenderMathMLMath {math} at (118,23) size 53x12 [padding: 0 1 0 1]
          RenderMathMLUnderOver {mover} at (1,0) size 50x12
            RenderMathMLSpace {mspace} at (0,10) size 50x2 [bgcolor=#008000]
            RenderMathMLOperator {mo} at (0,0) size 50x10
              RenderMathMLBlock (anonymous, flex) at (0,0) size 50x10
                RenderBlock (anonymous) at (0,0) size 12x10
                  RenderText at (0,0) size 12x13
                    text run at (0,0) width 12: "\x{23B5}"
        RenderText {#text} at (170,20) size 5x19
          text run at (170,20) width 5: " "
        RenderMathMLMath {math} at (174,23) size 53x12 [padding: 0 1 0 1]
          RenderMathMLUnderOver {mover} at (1,0) size 50x12
            RenderMathMLSpace {mspace} at (0,10) size 50x2 [bgcolor=#008000]
            RenderMathMLOperator {mo} at (0,0) size 50x10
              RenderMathMLBlock (anonymous, flex) at (0,0) size 50x10
                RenderBlock (anonymous) at (0,0) size 12x10
                  RenderText at (0,0) size 12x13
                    text run at (0,0) width 12: "\x{23DC}"
        RenderText {#text} at (226,20) size 5x19
          text run at (226,20) width 5: " "
        RenderMathMLMath {math} at (230,23) size 53x12 [padding: 0 1 0 1]
          RenderMathMLUnderOver {mover} at (1,0) size 50x12
            RenderMathMLSpace {mspace} at (0,10) size 50x2 [bgcolor=#008000]
            RenderMathMLOperator {mo} at (0,0) size 50x10
              RenderMathMLBlock (anonymous, flex) at (0,0) size 50x10
                RenderBlock (anonymous) at (0,0) size 12x10
                  RenderText at (0,0) size 12x13
                    text run at (0,0) width 12: "\x{23DD}"
        RenderText {#text} at (282,20) size 5x19
          text run at (282,20) width 5: " "
        RenderMathMLMath {math} at (286,23) size 53x12 [padding: 0 1 0 1]
          RenderMathMLUnderOver {mover} at (1,0) size 50x12
            RenderMathMLSpace {mspace} at (0,10) size 50x2 [bgcolor=#008000]
            RenderMathMLOperator {mo} at (0,0) size 50x10
              RenderMathMLBlock (anonymous, flex) at (0,0) size 50x10
                RenderBlock (anonymous) at (0,0) size 12x10
                  RenderText at (0,0) size 12x13
                    text run at (0,0) width 12: "\x{23DE}"
        RenderText {#text} at (338,20) size 5x19
          text run at (338,20) width 5: " "
        RenderMathMLMath {math} at (342,23) size 53x12 [padding: 0 1 0 1]
          RenderMathMLUnderOver {mover} at (1,0) size 50x12
            RenderMathMLSpace {mspace} at (0,10) size 50x2 [bgcolor=#008000]
            RenderMathMLOperator {mo} at (0,0) size 50x10
              RenderMathMLBlock (anonymous, flex) at (0,0) size 50x10
                RenderBlock (anonymous) at (0,0) size 12x10
                  RenderText at (0,0) size 12x13
                    text run at (0,0) width 12: "\x{23DF}"
        RenderText {#text} at (0,0) size 0x0
      RenderBlock {P} at (0,92) size 784x60
        RenderMathMLMath {math} at (0,6) size 109x9 [padding: 0 1 0 1]
          RenderMathMLUnderOver {mover} at (1,0) size 107x9
            RenderMathMLSpace {mspace} at (3,7) size 101x2 [bgcolor=#FF0000]
            RenderMathMLOperator {mo} at (-4,0) size 114x7
              RenderMathMLBlock (anonymous, flex) at (3,0) size 107x7
                RenderBlock (anonymous) at (0,0) size 12x7
                  RenderText at (0,-3) size 12x13
                    text run at (0,-3) width 12: "\x{2190}"
        RenderText {#text} at (108,0) size 5x19
          text run at (108,0) width 5: " "
        RenderMathMLMath {math} at (112,6) size 110x9 [padding: 0 1 0 1]
          RenderMathMLUnderOver {mover} at (1,0) size 107x9
            RenderMathMLSpace {mspace} at (3,7) size 101x2 [bgcolor=#FF0000]
            RenderMathMLOperator {mo} at (-4,0) size 114x7
              RenderMathMLBlock (anonymous, flex) at (3,0) size 107x7
                RenderBlock (anonymous) at (0,0) size 12x7
                  RenderText at (0,-3) size 12x13
                    text run at (0,-3) width 12: "\x{2192}"
        RenderText {#text} at (221,0) size 5x19
          text run at (221,0) width 5: " "
        RenderMathMLMath {math} at (225,6) size 109x9 [padding: 0 1 0 1]
          RenderMathMLUnderOver {mover} at (1,0) size 107x9
            RenderMathMLSpace {mspace} at (3,7) size 101x2 [bgcolor=#FF0000]
            RenderMathMLOperator {mo} at (-4,0) size 114x7
              RenderMathMLBlock (anonymous, flex) at (3,0) size 107x7
                RenderBlock (anonymous) at (0,0) size 13x7
                  RenderText at (0,-3) size 13x13
                    text run at (0,-3) width 13: "\x{2194}"
        RenderText {#text} at (333,0) size 5x19
          text run at (333,0) width 5: " "
        RenderMathMLMath {math} at (337,5) size 110x10 [padding: 0 1 0 1]
          RenderMathMLUnderOver {mover} at (1,0) size 107x10
            RenderMathMLSpace {mspace} at (3,8) size 101x2 [bgcolor=#FF0000]
            RenderMathMLOperator {mo} at (-4,0) size 114x8
              RenderMathMLBlock (anonymous, flex) at (3,0) size 107x8
                RenderBlock (anonymous) at (0,0) size 11x8
                  RenderText at (0,-2) size 11x13
                    text run at (0,-2) width 11: "\x{21A4}"
        RenderText {#text} at (446,0) size 5x19
          text run at (446,0) width 5: " "
        RenderMathMLMath {math} at (450,5) size 110x10 [padding: 0 1 0 1]
          RenderMathMLUnderOver {mover} at (1,0) size 107x10
            RenderMathMLSpace {mspace} at (3,8) size 101x2 [bgcolor=#FF0000]
            RenderMathMLOperator {mo} at (-4,0) size 114x8
              RenderMathMLBlock (anonymous, flex) at (3,0) size 107x8
                RenderBlock (anonymous) at (0,0) size 11x8
                  RenderText at (0,-2) size 11x13
                    text run at (0,-2) width 11: "\x{21A6}"
        RenderText {#text} at (559,0) size 5x19
          text run at (559,0) width 5: " "
        RenderMathMLMath {math} at (563,5) size 109x10 [padding: 0 1 0 1]
          RenderMathMLUnderOver {mover} at (1,0) size 107x10
            RenderMathMLSpace {mspace} at (3,8) size 101x2 [bgcolor=#FF0000]
            RenderMathMLOperator {mo} at (-4,0) size 114x8
              RenderMathMLBlock (anonymous, flex) at (3,0) size 107x8
                RenderBlock (anonymous) at (0,0) size 11x8
                  RenderText at (0,-2) size 11x13
                    text run at (0,-2) width 11: "\x{21BC}"
        RenderText {#text} at (0,0) size 0x0
        RenderMathMLMath {math} at (0,27) size 109x8 [padding: 0 1 0 1]
          RenderMathMLUnderOver {mover} at (1,0) size 107x8
            RenderMathMLSpace {mspace} at (3,6) size 101x2 [bgcolor=#FF0000]
            RenderMathMLOperator {mo} at (-4,0) size 114x6
              RenderMathMLBlock (anonymous, flex) at (3,0) size 107x6
                RenderBlock (anonymous) at (0,0) size 11x6
                  RenderText at (0,-4) size 11x13
                    text run at (0,-4) width 11: "\x{21BD}"
        RenderText {#text} at (108,20) size 5x19
          text run at (108,20) width 5: " "
        RenderMathMLMath {math} at (112,25) size 110x10 [padding: 0 1 0 1]
          RenderMathMLUnderOver {mover} at (1,0) size 107x10
            RenderMathMLSpace {mspace} at (3,8) size 101x2 [bgcolor=#FF0000]
            RenderMathMLOperator {mo} at (-4,0) size 114x8
              RenderMathMLBlock (anonymous, flex) at (3,0) size 107x8
                RenderBlock (anonymous) at (0,0) size 11x8
                  RenderText at (0,-2) size 11x13
                    text run at (0,-2) width 11: "\x{21C0}"
        RenderText {#text} at (221,20) size 5x19
          text run at (221,20) width 5: " "
        RenderMathMLMath {math} at (225,26) size 109x9 [padding: 0 1 0 1]
          RenderMathMLUnderOver {mover} at (1,0) size 107x9
            RenderMathMLSpace {mspace} at (3,7) size 101x2 [bgcolor=#FF0000]
            RenderMathMLOperator {mo} at (-4,0) size 114x7
              RenderMathMLBlock (anonymous, flex) at (3,0) size 107x7
                RenderBlock (anonymous) at (0,0) size 12x7
                  RenderText at (0,-3) size 12x13
                    text run at (0,-3) width 12: "\x{21D0}"
        RenderText {#text} at (333,20) size 5x19
          text run at (333,20) width 5: " "
        RenderMathMLMath {math} at (337,26) size 110x9 [padding: 0 1 0 1]
          RenderMathMLUnderOver {mover} at (1,0) size 107x9
            RenderMathMLSpace {mspace} at (3,7) size 101x2 [bgcolor=#FF0000]
            RenderMathMLOperator {mo} at (-4,0) size 114x7
              RenderMathMLBlock (anonymous, flex) at (3,0) size 107x7
                RenderBlock (anonymous) at (0,0) size 12x7
                  RenderText at (0,-3) size 12x13
                    text run at (0,-3) width 12: "\x{21D2}"
        RenderText {#text} at (446,20) size 5x19
          text run at (446,20) width 5: " "
        RenderMathMLMath {math} at (450,26) size 110x9 [padding: 0 1 0 1]
          RenderMathMLUnderOver {mover} at (1,0) size 107x9
            RenderMathMLSpace {mspace} at (3,7) size 101x2 [bgcolor=#FF0000]
            RenderMathMLOperator {mo} at (-4,0) size 114x7
              RenderMathMLBlock (anonymous, flex) at (3,0) size 107x7
                RenderBlock (anonymous) at (0,0) size 13x7
                  RenderText at (0,-3) size 13x13
                    text run at (0,-3) width 13: "\x{21D4}"
        RenderText {#text} at (559,20) size 5x19
          text run at (559,20) width 5: " "
        RenderMathMLMath {math} at (563,25) size 109x10 [padding: 0 1 0 1]
          RenderMathMLUnderOver {mover} at (1,0) size 107x10
            RenderMathMLSpace {mspace} at (3,8) size 101x2 [bgcolor=#FF0000]
            RenderMathMLOperator {mo} at (-4,0) size 114x8
              RenderMathMLBlock (anonymous, flex) at (3,0) size 107x8
                RenderBlock (anonymous) at (0,0) size 11x8
                  RenderText at (0,-2) size 11x13
                    text run at (0,-2) width 11: "\x{21DA}"
        RenderText {#text} at (0,0) size 0x0
        RenderMathMLMath {math} at (0,45) size 109x10 [padding: 0 1 0 1]
          RenderMathMLUnderOver {mover} at (1,0) size 107x10
            RenderMathMLSpace {mspace} at (3,8) size 101x2 [bgcolor=#FF0000]
            RenderMathMLOperator {mo} at (-4,0) size 114x8
              RenderMathMLBlock (anonymous, flex) at (3,0) size 107x8
                RenderBlock (anonymous) at (0,0) size 11x8
                  RenderText at (0,-2) size 11x13
                    text run at (0,-2) width 11: "\x{21DB}"
        RenderText {#text} at (108,40) size 5x19
          text run at (108,40) width 5: " "
        RenderMathMLMath {math} at (112,43) size 103x12 [padding: 0 1 0 1]
          RenderMathMLUnderOver {mover} at (1,0) size 100x12
            RenderMathMLSpace {mspace} at (0,10) size 100x2 [bgcolor=#FF0000]
            RenderMathMLOperator {mo} at (0,0) size 100x10
              RenderMathMLBlock (anonymous, flex) at (0,0) size 100x10
                RenderBlock (anonymous) at (0,0) size 12x10
                  RenderText at (0,0) size 12x13
                    text run at (0,0) width 12: "\x{23B4}"
        RenderText {#text} at (214,40) size 5x19
          text run at (214,40) width 5: " "
        RenderMathMLMath {math} at (218,43) size 103x12 [padding: 0 1 0 1]
          RenderMathMLUnderOver {mover} at (1,0) size 100x12
            RenderMathMLSpace {mspace} at (0,10) size 100x2 [bgcolor=#FF0000]
            RenderMathMLOperator {mo} at (0,0) size 100x10
              RenderMathMLBlock (anonymous, flex) at (0,0) size 100x10
                RenderBlock (anonymous) at (0,0) size 12x10
                  RenderText at (0,0) size 12x13
                    text run at (0,0) width 12: "\x{23B5}"
        RenderText {#text} at (320,40) size 5x19
          text run at (320,40) width 5: " "
        RenderMathMLMath {math} at (324,43) size 103x12 [padding: 0 1 0 1]
          RenderMathMLUnderOver {mover} at (1,0) size 100x12
            RenderMathMLSpace {mspace} at (0,10) size 100x2 [bgcolor=#FF0000]
            RenderMathMLOperator {mo} at (0,0) size 100x10
              RenderMathMLBlock (anonymous, flex) at (0,0) size 100x10
                RenderBlock (anonymous) at (0,0) size 12x10
                  RenderText at (0,0) size 12x13
                    text run at (0,0) width 12: "\x{23DC}"
        RenderText {#text} at (426,40) size 5x19
          text run at (426,40) width 5: " "
        RenderMathMLMath {math} at (430,43) size 103x12 [padding: 0 1 0 1]
          RenderMathMLUnderOver {mover} at (1,0) size 100x12
            RenderMathMLSpace {mspace} at (0,10) size 100x2 [bgcolor=#FF0000]
            RenderMathMLOperator {mo} at (0,0) size 100x10
              RenderMathMLBlock (anonymous, flex) at (0,0) size 100x10
                RenderBlock (anonymous) at (0,0) size 12x10
                  RenderText at (0,0) size 12x13
                    text run at (0,0) width 12: "\x{23DD}"
        RenderText {#text} at (532,40) size 5x19
          text run at (532,40) width 5: " "
        RenderMathMLMath {math} at (536,43) size 103x12 [padding: 0 1 0 1]
          RenderMathMLUnderOver {mover} at (1,0) size 100x12
            RenderMathMLSpace {mspace} at (0,10) size 100x2 [bgcolor=#FF0000]
            RenderMathMLOperator {mo} at (0,0) size 100x10
              RenderMathMLBlock (anonymous, flex) at (0,0) size 100x10
                RenderBlock (anonymous) at (0,0) size 12x10
                  RenderText at (0,0) size 12x13
                    text run at (0,0) width 12: "\x{23DE}"
        RenderText {#text} at (638,40) size 5x19
          text run at (638,40) width 5: " "
        RenderMathMLMath {math} at (642,43) size 103x12 [padding: 0 1 0 1]
          RenderMathMLUnderOver {mover} at (1,0) size 100x12
            RenderMathMLSpace {mspace} at (0,10) size 100x2 [bgcolor=#FF0000]
            RenderMathMLOperator {mo} at (0,0) size 100x10
              RenderMathMLBlock (anonymous, flex) at (0,0) size 100x10
                RenderBlock (anonymous) at (0,0) size 12x10
                  RenderText at (0,0) size 12x13
                    text run at (0,0) width 12: "\x{23DF}"
        RenderText {#text} at (0,0) size 0x0
