layer at (0,0) size 800x600
  RenderView at (0,0) size 800x600
layer at (0,0) size 800x52
  RenderBlock {HTML} at (0,0) size 800x52
    RenderBody {BODY} at (8,16) size 784x20
      RenderBlock {P} at (0,0) size 784x20
        RenderMathMLMath {math} at (0,13) size 50x3 [padding: 0 1 0 1]
          RenderMathMLRow {mstyle} at (1,0) size 48x3
            RenderMathMLUnderOver {mover} at (0,0) size 48x3
              RenderMathMLOperator {mo} at (0,2) size 48x1
                RenderMathMLBlock (anonymous, flex) at (0,0) size 48x1
                  RenderBlock (anonymous) at (0,0) size 0x1
                    RenderText at (0,-12) size 0x17
                      text run at (0,-12) width 0: "\x{23DE}"
              RenderMathMLSpace {mspace} at (0,0) size 48x2 [bgcolor=#FF0000]
        RenderText {#text} at (50,0) size 4x19
          text run at (50,0) width 4: " "
        RenderMathMLMath {math} at (54,12) size 66x3 [padding: 0 1 0 1]
          RenderMathMLRow {mstyle} at (1,0) size 64x3
            RenderMathMLUnderOver {mover} at (0,0) size 64x3
              RenderMathMLSpace {mspace} at (0,1) size 64x2 [bgcolor=#FF0000]
              RenderMathMLOperator {mo} at (0,0) size 64x1
                RenderMathMLBlock (anonymous, flex) at (0,0) size 64x1
                  RenderBlock (anonymous) at (0,0) size 0x1
                    RenderText at (0,-9) size 0x13
                      text run at (0,-9) width 0: "\x{23DE}"
        RenderText {#text} at (120,0) size 4x19
          text run at (120,0) width 4: " "
        RenderMathMLMath {math} at (124,15) size 50x3 [padding: 0 1 0 1]
          RenderMathMLRow {mstyle} at (1,0) size 48x3
            RenderMathMLUnderOver {munder} at (0,0) size 48x3
              RenderMathMLOperator {mo} at (0,0) size 48x1
                RenderMathMLBlock (anonymous, flex) at (0,0) size 48x1
                  RenderBlock (anonymous) at (0,0) size 0x1
                    RenderText at (0,-12) size 0x17
                      text run at (0,-12) width 0: "\x{23DE}"
              RenderMathMLSpace {mspace} at (0,1) size 48x2 [bgcolor=#FF0000]
        RenderText {#text} at (174,0) size 4x19
          text run at (174,0) width 4: " "
        RenderMathMLMath {math} at (178,12) size 66x4 [padding: 0 1 0 1]
          RenderMathMLRow {mstyle} at (1,0) size 64x4
            RenderMathMLUnderOver {munderover} at (0,0) size 64x4
              RenderMathMLSpace {mspace} at (0,1) size 64x2 [bgcolor=#FF0000]
              RenderMathMLOperator {mo} at (0,3) size 64x1
                RenderMathMLBlock (anonymous, flex) at (0,0) size 64x1
                  RenderBlock (anonymous) at (0,0) size 0x1
                    RenderText at (0,-9) size 0x13
                      text run at (0,-9) width 0: "\x{23DE}"
              RenderMathMLOperator {mo} at (0,0) size 64x1
                RenderMathMLBlock (anonymous, flex) at (0,0) size 64x1
                  RenderBlock (anonymous) at (0,0) size 0x1
                    RenderText at (0,-9) size 0x13
                      text run at (0,-9) width 0: "\x{23DE}"
        RenderText {#text} at (244,0) size 4x19
          text run at (244,0) width 4: " "
        RenderMathMLMath {math} at (248,14) size 50x4 [padding: 0 1 0 1]
          RenderMathMLRow {mstyle} at (1,0) size 48x4
            RenderMathMLUnderOver {munderover} at (0,0) size 48x4
              RenderMathMLOperator {mo} at (0,1) size 48x1
                RenderMathMLBlock (anonymous, flex) at (0,0) size 48x1
                  RenderBlock (anonymous) at (0,0) size 0x1
                    RenderText at (0,-12) size 0x17
                      text run at (0,-12) width 0: "\x{23DE}"
              RenderMathMLSpace {mspace} at (0,2) size 48x2 [bgcolor=#FF0000]
              RenderMathMLOperator {mo} at (0,0) size 48x1
                RenderMathMLBlock (anonymous, flex) at (0,0) size 48x1
                  RenderBlock (anonymous) at (0,0) size 0x1
                    RenderText at (0,-9) size 0x13
                      text run at (0,-9) width 0: "\x{23DE}"
        RenderText {#text} at (298,0) size 4x19
          text run at (298,0) width 4: " "
        RenderMathMLMath {math} at (302,13) size 50x4 [padding: 0 1 0 1]
          RenderMathMLRow {mstyle} at (1,0) size 48x4
            RenderMathMLUnderOver {munderover} at (0,0) size 48x4
              RenderMathMLOperator {mo} at (0,2) size 48x1
                RenderMathMLBlock (anonymous, flex) at (0,0) size 48x1
                  RenderBlock (anonymous) at (0,0) size 0x1
                    RenderText at (0,-12) size 0x17
                      text run at (0,-12) width 0: "\x{23DE}"
              RenderMathMLOperator {mo} at (0,3) size 48x1
                RenderMathMLBlock (anonymous, flex) at (0,0) size 48x1
                  RenderBlock (anonymous) at (0,0) size 0x1
                    RenderText at (0,-9) size 0x13
                      text run at (0,-9) width 0: "\x{23DE}"
              RenderMathMLSpace {mspace} at (0,0) size 48x2 [bgcolor=#FF0000]
        RenderText {#text} at (352,0) size 4x19
          text run at (352,0) width 4: " "
        RenderMathMLMath {math} at (356,13) size 50x4 [padding: 0 1 0 1]
          RenderMathMLRow {mstyle} at (1,0) size 48x4
            RenderMathMLUnderOver {munder} at (0,0) size 48x4
              RenderMathMLUnderOver {mover} at (0,0) size 48x3
                RenderMathMLOperator {mo} at (0,2) size 48x1
                  RenderMathMLBlock (anonymous, flex) at (0,0) size 48x1
                    RenderBlock (anonymous) at (0,0) size 0x1
                      RenderText at (0,-12) size 0x17
                        text run at (0,-12) width 0: "\x{23DE}"
                RenderMathMLSpace {mspace} at (0,0) size 48x2 [bgcolor=#FF0000]
              RenderMathMLOperator {mo} at (0,3) size 48x1
                RenderMathMLBlock (anonymous, flex) at (0,0) size 48x1
                  RenderBlock (anonymous) at (0,0) size 0x1
                    RenderText at (0,-9) size 0x13
                      text run at (0,-9) width 0: "\x{23DE}"
        RenderText {#text} at (0,0) size 0x0
