layer at (0,0) size 800x600
  RenderView at (0,0) size 800x600
layer at (0,0) size 800x177
  RenderBlock {HTML} at (0,0) size 800x177
    RenderBody {BODY} at (8,8) size 784x161
      RenderTextControl {INPUT} at (2,2) size 158x19 [bgcolor=#FFFFFF] [border: (2px inset #000000)]
        RenderFlexibleBox {DIV} at (3,3) size 152x13
          RenderBlock {DIV} at (0,1) size 8x11
          RenderBlock {DIV} at (8,0) size 131x13
          RenderBlock {DIV} at (138,1) size 14x11
      RenderText {#text} at (161,2) size 5x18
        text run at (161,2) width 5: " "
      RenderBR {BR} at (0,0) size 0x0
      RenderTextControl {INPUT} at (2,25) size 158x19 [bgcolor=#FFFFFF] [border: (2px inset #000000)]
        RenderFlexibleBox {DIV} at (3,3) size 152x13
          RenderBlock {DIV} at (0,1) size 8x11
          RenderBlock {DIV} at (8,0) size 131x13
          RenderBlock {DIV} at (138,1) size 14x11
      RenderText {#text} at (161,25) size 5x18
        text run at (161,25) width 5: " "
      RenderBR {BR} at (0,0) size 0x0
      RenderTextControl {INPUT} at (2,48) size 167x19 [bgcolor=#FFFFFF] [border: (2px inset #000000)]
        RenderFlexibleBox {DIV} at (3,3) size 161x13
          RenderBlock {DIV} at (0,1) size 17x11
          RenderBlock {DIV} at (17,0) size 131x13
          RenderBlock {DIV} at (147,1) size 14x11
      RenderText {#text} at (170,48) size 5x18
        text run at (170,48) width 5: " "
      RenderBR {BR} at (0,0) size 0x0
      RenderTextControl {INPUT} at (2,71) size 167x19 [bgcolor=#FFFFFF] [border: (2px inset #000000)]
        RenderFlexibleBox {DIV} at (3,3) size 161x13
          RenderBlock {DIV} at (0,1) size 17x11
          RenderBlock {DIV} at (17,0) size 131x13
          RenderBlock {DIV} at (147,1) size 14x11
      RenderText {#text} at (170,71) size 5x18
        text run at (170,71) width 5: " "
      RenderBR {BR} at (0,0) size 0x0
      RenderTextControl {INPUT} at (2,94) size 172x19 [bgcolor=#FFFFFF] [border: (2px inset #000000)]
        RenderFlexibleBox {DIV} at (3,3) size 166x13
          RenderBlock {DIV} at (0,1) size 22x11
          RenderBlock {DIV} at (22,0) size 131x13
          RenderBlock {DIV} at (152,1) size 14x11
      RenderText {#text} at (175,94) size 5x18
        text run at (175,94) width 5: " "
      RenderBR {BR} at (0,0) size 0x0
      RenderTextControl {INPUT} at (2,117) size 172x19 [bgcolor=#FFFFFF] [border: (2px inset #000000)]
        RenderFlexibleBox {DIV} at (3,3) size 166x13
          RenderBlock {DIV} at (0,1) size 22x11
          RenderBlock {DIV} at (22,0) size 131x13
          RenderBlock {DIV} at (152,1) size 14x11
      RenderText {#text} at (175,117) size 5x18
        text run at (175,117) width 5: " "
      RenderBR {BR} at (0,0) size 0x0
      RenderTextControl {INPUT} at (2,140) size 302x19 [bgcolor=#FFFFFF] [border: (2px inset #000000)]
        RenderFlexibleBox {DIV} at (3,3) size 296x13
          RenderBlock {DIV} at (0,1) size 22x11
          RenderBlock {DIV} at (22,0) size 261x13
          RenderBlock {DIV} at (282,1) size 14x11
      RenderText {#text} at (0,0) size 0x0
layer at (21,13) size 130x13
  RenderBlock {DIV} at (0,0) size 131x13
layer at (21,36) size 130x13 scrollWidth 131
  RenderBlock {DIV} at (0,0) size 131x13
    RenderText {#text} at (0,0) size 131x13
      text run at (0,0) width 131: "12345678901234567890"
layer at (30,59) size 130x13
  RenderBlock {DIV} at (0,0) size 131x13
layer at (30,82) size 130x13 scrollWidth 131
  RenderBlock {DIV} at (0,0) size 131x13
    RenderText {#text} at (0,0) size 131x13
      text run at (0,0) width 131: "12345678901234567890"
layer at (35,105) size 130x13
  RenderBlock {DIV} at (0,0) size 131x13
layer at (35,128) size 130x13 scrollWidth 131
  RenderBlock {DIV} at (0,0) size 131x13
    RenderText {#text} at (0,0) size 131x13
      text run at (0,0) width 131: "12345678901234567890"
layer at (35,151) size 261x13 scrollWidth 262
  RenderBlock {DIV} at (0,0) size 261x13
    RenderText {#text} at (0,0) size 261x13
      text run at (0,0) width 261: "1234567890123456789012345678901234567890"
