layer at (0,0) size 800x600
  RenderView at (0,0) size 800x600
layer at (0,0) size 800x600
  RenderBlock {HTML} at (0,0) size 800x600
    RenderBody {BODY} at (8,8) size 784x584
      RenderTable {TABLE} at (0,0) size 784x138
        RenderTableSection {TBODY} at (0,0) size 784x138
          RenderTableRow {TR} at (0,0) size 784x74
            RenderTableCell {TD} at (0,0) size 784x74 [r=0 c=0 rs=1 cs=4]
              RenderBR {BR} at (392,1) size 0x18
              RenderInline {FONT} at (0,0) size 732x53
                RenderText {#text} at (26,19) size 732x35
                  text run at (26,19) width 183: "The Supreme Court says "
                  text run at (208,19) width 550: "Wisconsin can continue using tuition vouchers to help poor parents send their"
                  text run at (210,37) width 223: "children to church-run schools. "
                  text run at (432,37) width 142: "What's your stand? "
                RenderBR {BR} at (573,51) size 1x0
                RenderBR {BR} at (392,55) size 0x17
              RenderText {#text} at (0,0) size 0x0
          RenderTableRow {TR} at (0,74) size 784x20
            RenderTableCell {TD} at (0,75) size 556x17 [r=1 c=0 rs=1 cs=1]
              RenderInline {FONT} at (0,0) size 141x15
                RenderText {#text} at (414,1) size 141x15
                  text run at (414,1) width 141: "I agree with the program"
              RenderText {#text} at (0,0) size 0x0
            RenderTableCell {TD} at (556,74) size 65x20 [r=1 c=1 rs=1 cs=1]
              RenderBlock {INPUT} at (3,4) size 12x12
          RenderTableRow {TR} at (0,94) size 784x20
            RenderTableCell {TD} at (0,95) size 556x17 [r=2 c=0 rs=1 cs=1]
              RenderInline {FONT} at (0,0) size 153x15
                RenderText {#text} at (402,1) size 153x15
                  text run at (402,1) width 153: "I think vouchers are wrong"
              RenderText {#text} at (0,0) size 0x0
            RenderTableCell {TD} at (556,94) size 65x20 [r=2 c=1 rs=1 cs=1]
              RenderBlock {INPUT} at (3,4) size 12x12
          RenderTableRow {TR} at (0,114) size 784x24
            RenderTableCell {TD} at (0,117) size 621x17 [r=3 c=0 rs=1 cs=2]
              RenderInline {A} at (0,0) size 75x18 [color=#0000EE]
                RenderInline {FONT} at (0,0) size 75x15
                  RenderText {#text} at (273,1) size 75x15
                    text run at (273,1) width 75: "View Results"
              RenderInline {FONT} at (0,0) size 1x15
                RenderText {#text} at (0,0) size 0x0
            RenderTableCell {TD} at (621,114) size 163x24 [r=3 c=2 rs=1 cs=2]
              RenderButton {INPUT} at (62,3) size 39x18 [bgcolor=#C0C0C0]
                RenderBlock (anonymous) at (8,2) size 23x13
                  RenderText at (0,0) size 23x13
                    text run at (0,0) width 23: "vote"
              RenderText {#text} at (0,0) size 0x0
