CONSOLE MESSAGE: line 14: Video error
layer at (0,0) size 800x600
  RenderView at (0,0) size 800x600
layer at (0,0) size 800x600
  RenderBlock {HTML} at (0,0) size 800x600
    RenderBody {BODY} at (8,8) size 784x584
      RenderText {#text} at (0,0) size 238x18
        text run at (0,0) width 238: "The following video should not load."
      RenderBR {BR} at (237,14) size 1x0
      RenderText {#text} at (0,0) size 0x0
layer at (8,26) size 300x150
  RenderVideo {VIDEO} at (0,18) size 300x150
