layer at (0,0) size 800x600
  RenderView at (0,0) size 800x600
layer at (0,0) size 800x600
  RenderBlock {HTML} at (0,0) size 800x600
    RenderBody {BODY} at (8,8) size 784x576
      RenderBlock {FORM} at (0,0) size 784x194
        RenderBlock {HR} at (0,0) size 602x2 [border: (1px inset #000000)]
        RenderTable {TABLE} at (0,10) size 600x184
          RenderTableSection {TBODY} at (0,0) size 600x184
            RenderTableRow {TR} at (0,2) size 600x44
              RenderTableCell {TD} at (2,2) size 594x44 [r=0 c=0 rs=1 cs=3]
                RenderImage {IMG} at (7,1) size 580x42
                RenderText {#text} at (0,0) size 0x0
            RenderTableRow {TR} at (0,48) size 600x55
              RenderTableCell {TD} at (2,55) size 594x40 [bgcolor=#99CCCC] [r=1 c=0 rs=1 cs=3]
                RenderInline {FONT} at (0,0) size 128x15
                  RenderInline {B} at (0,0) size 128x15
                    RenderText {#text} at (50,5) size 128x15
                      text run at (50,5) width 128: "Search the Web with"
                RenderText {#text} at (177,3) size 5x18
                  text run at (177,3) width 5: " "
                RenderMenuList {SELECT} at (183,4) size 81x18 [bgcolor=#FFFFFF]
                  RenderBlock (anonymous) at (0,0) size 80x18
                    RenderText at (8,2) size 49x13
                      text run at (8,2) width 49: "Netscape"
                RenderTextControl {INPUT} at (267,3) size 216x19 [bgcolor=#FFFFFF] [border: (2px inset #000000)]
                RenderText {#text} at (484,3) size 5x18
                  text run at (484,3) width 5: " "
                RenderButton {INPUT} at (490,4) size 52x18 [bgcolor=#C0C0C0]
                  RenderBlock (anonymous) at (8,2) size 36x13
                    RenderText at (0,0) size 36x13
                      text run at (0,0) width 36: "Search"
                RenderBR {BR} at (543,17) size 1x0
                RenderInline {SMALL} at (0,0) size 554x15
                  RenderInline {A} at (0,0) size 98x15 [color=#0000EE]
                    RenderText {#text} at (20,24) size 98x15
                      text run at (20,24) width 98: "Classifieds< /A>   "
                  RenderInline {A} at (0,0) size 58x15 [color=#0000EE]
                    RenderText {#text} at (117,24) size 58x15
                      text run at (117,24) width 23: "Net "
                      text run at (139,24) width 36: "Search"
                  RenderText {#text} at (174,24) size 11x15
                    text run at (174,24) width 11: "   "
                  RenderInline {A} at (0,0) size 80x15 [color=#0000EE]
                    RenderText {#text} at (184,24) size 80x15
                      text run at (184,24) width 55: "Find Web "
                      text run at (238,24) width 26: "Sites"
                  RenderText {#text} at (263,24) size 11x15
                    text run at (263,24) width 5: " "
                    text run at (267,24) width 7: "  "
                  RenderInline {A} at (0,0) size 65x15 [color=#0000EE]
                    RenderText {#text} at (273,24) size 65x15
                      text run at (273,24) width 40: "What's "
                      text run at (312,24) width 26: "Cool"
                  RenderText {#text} at (337,24) size 11x15
                    text run at (337,24) width 11: "   "
                  RenderInline {A} at (0,0) size 64x15 [color=#0000EE]
                    RenderText {#text} at (347,24) size 64x15
                      text run at (347,24) width 64: "What's New"
                  RenderText {#text} at (410,24) size 11x15
                    text run at (410,24) width 11: "   "
                  RenderInline {A} at (0,0) size 74x15 [color=#0000EE]
                    RenderText {#text} at (420,24) size 74x15
                      text run at (420,24) width 74: "People Finder"
                  RenderText {#text} at (493,24) size 10x15
                    text run at (493,24) width 10: "   "
                  RenderInline {A} at (0,0) size 72x15 [color=#0000EE]
                    RenderText {#text} at (502,24) size 72x15
                      text run at (502,24) width 72: "Yellow Pages"
                  RenderText {#text} at (0,0) size 0x0
                RenderText {#text} at (0,0) size 0x0
            RenderTableRow {TR} at (0,105) size 600x50
              RenderTableCell {TD} at (2,114) size 159x32 [r=2 c=0 rs=1 cs=1]
                RenderInline {A} at (0,0) size 117x33 [color=#0000EE]
                  RenderInline {FONT} at (0,0) size 117x30 [color=#CC0033]
                    RenderText {#text} at (21,1) size 117x30
                      text run at (21,1) width 117: "Download Netscape"
                      text run at (26,16) width 107: "Communicator 4.5"
              RenderTableCell {TD} at (163,105) size 270x50 [r=2 c=1 rs=1 cs=1]
                RenderInline {A} at (0,0) size 232x28 [color=#0000EE]
                  RenderImage {IMG} at (19,1) size 232x35 [border: (1px solid #0000EE)]
                  RenderBR {BR} at (251,36) size 0x0
                  RenderInline {FONT} at (0,0) size 48x13
                    RenderText {#text} at (111,36) size 48x13
                      text run at (111,36) width 48: "Click Here!"
                RenderBR {BR} at (158,46) size 1x0
              RenderTableCell {TD} at (435,121) size 161x17 [r=2 c=2 rs=1 cs=1]
                RenderInline {A} at (0,0) size 131x18 [color=#0000EE]
                  RenderInline {FONT} at (0,0) size 131x15 [color=#0066FF]
                    RenderText {#text} at (15,1) size 131x15
                      text run at (15,1) width 131: "Hassle-Free Upgrades"
                RenderText {#text} at (0,0) size 0x0
            RenderTableRow {TR} at (0,157) size 600x20
              RenderTableCell {TD} at (2,157) size 594x20 [r=3 c=0 rs=1 cs=3]
                RenderInline {A} at (0,0) size 50x18 [color=#0000EE]
                  RenderInline {FONT} at (0,0) size 50x15 [color=#0066FF]
                    RenderInline {B} at (0,0) size 50x15
                      RenderText {#text} at (21,3) size 50x15
                        text run at (21,3) width 50: "Contact"
                RenderText {#text} at (70,1) size 13x18
                  text run at (70,1) width 13: " : "
                RenderInline {SMALL} at (0,0) size 491x15
                  RenderInline {A} at (0,0) size 75x15 [color=#0000EE]
                    RenderText {#text} at (82,3) size 75x15
                      text run at (82,3) width 75: "Address Book"
                  RenderText {#text} at (156,3) size 12x15
                    text run at (156,3) width 12: " - "
                  RenderInline {A} at (0,0) size 63x15 [color=#0000EE]
                    RenderText {#text} at (167,3) size 63x15
                      text run at (167,3) width 63: "Discussions"
                  RenderText {#text} at (229,3) size 12x15
                    text run at (229,3) width 12: " - "
                  RenderInline {A} at (0,0) size 96x15 [color=#0000EE]
                    RenderText {#text} at (240,3) size 96x15
                      text run at (240,3) width 96: "Instant Messenger"
                  RenderText {#text} at (335,3) size 12x15
                    text run at (335,3) width 12: " - "
                  RenderInline {A} at (0,0) size 77x15 [color=#0000EE]
                    RenderText {#text} at (346,3) size 77x15
                      text run at (346,3) width 77: "Long Distance"
                  RenderText {#text} at (422,3) size 12x15
                    text run at (422,3) width 12: " - "
                  RenderInline {A} at (0,0) size 50x15 [color=#0000EE]
                    RenderText {#text} at (433,3) size 50x15
                      text run at (433,3) width 50: "Members"
                  RenderText {#text} at (482,3) size 12x15
                    text run at (482,3) width 12: " - "
                  RenderInline {A} at (0,0) size 80x15 [color=#0000EE]
                    RenderText {#text} at (493,3) size 80x15
                      text run at (493,3) width 80: "WebMail< /A>"
                RenderInline {A} at (0,0) size 1x18 [color=#0000EE]
                  RenderText {#text} at (0,0) size 0x0
            RenderTableRow {TR} at (0,179) size 600x3
              RenderTableCell {TD} at (2,179) size 596x3 [bgcolor=#99CCCC] [r=4 c=0 rs=1 cs=4]
                RenderTable {TABLE} at (1,1) size 1x1
                  RenderTableSection {TBODY} at (0,0) size 1x1
                    RenderTableRow {TR} at (0,0) size 1x1
                      RenderTableCell {TD} at (0,0) size 0x0 [r=0 c=0 rs=1 cs=1]
layer at (281,79) size 209x13 backgroundClip at (281,79) size 208x13 clip at (281,79) size 208x13
  RenderBlock {DIV} at (3,3) size 209x13
