layer at (0,0) size 800x600
  RenderView at (0,0) size 800x600
layer at (0,0) size 800x41
  RenderBlock {HTML} at (0,0) size 800x41
    RenderBody {BODY} at (8,8) size 784x23
      RenderBlock {DIV} at (0,0) size 784x23
        RenderMathMLMath {math} at (0,0) size 784x23 [padding: 0 1 0 1]
          RenderMathMLRow {mrow} at (260,4) size 31x15
            RenderMathMLScripts {mmultiscripts} at (0,0) size 30x15
              Base Wrapper at (10,0) size 9x15 [padding: 2 0 4 0]
                RenderMathMLToken {mi} at (0,2) size 8x9 [padding: 0 1 0 0]
                  RenderMathMLBlock (anonymous, flex) at (0,0) size 7x9
                    RenderBlock (anonymous) at (0,0) size 7x9
                      RenderText {#text} at (0,3) size 7x0
                        text run at (0,3) width 7: "C"
              SubSupPair Wrapper at (18,0) size 12x15
                RenderMathMLBlock (flex) {none} at (0,15) size 0x0
                RenderMathMLToken {mi} at (0,0) size 11x7 [padding: 0 1 0 0]
                  RenderMathMLBlock (anonymous, flex) at (0,0) size 10x7
                    RenderBlock (anonymous) at (0,0) size 10x7
                      RenderText {#text} at (0,2) size 10x0
                        text run at (0,2) width 10: "16"
              RenderMathMLBlock (flex) {mprescripts} at (29,0) size 0x15
              SubSupPair Wrapper at (0,0) size 11x15
                RenderMathMLToken {mi} at (5,8) size 6x7 [padding: 0 1 0 0]
                  RenderMathMLBlock (anonymous, flex) at (0,0) size 5x7
                    RenderBlock (anonymous) at (0,0) size 5x7
                      RenderText {#text} at (0,2) size 5x0
                        text run at (0,2) width 5: "5"
                RenderMathMLToken {mi} at (0,0) size 11x7 [padding: 0 1 0 0]
                  RenderMathMLBlock (anonymous, flex) at (0,0) size 10x7
                    RenderBlock (anonymous) at (0,0) size 10x7
                      RenderText {#text} at (0,2) size 10x0
                        text run at (0,2) width 10: "10"
          RenderMathMLSpace {mspace} at (290,14) size 6x0
          RenderMathMLRow {mrow} at (295,6) size 45x13
            RenderMathMLToken {mn} at (0,0) size 6x9
              RenderMathMLBlock (anonymous, flex) at (0,0) size 6x9
                RenderBlock (anonymous) at (0,0) size 6x9
                  RenderText {#text} at (0,3) size 6x0
                    text run at (0,3) width 6: "2"
            RenderMathMLOperator {mo} at (6,8) size 0x1
              RenderMathMLBlock (anonymous, flex) at (0,0) size 0x1
                RenderBlock (anonymous) at (0,0) size 0x1
                  RenderText at (0,-5) size 3x0
                    text run at (0,-5) width 3: "\x{2062}"
            RenderMathMLScripts {msub} at (6,0) size 13x13
              Base Wrapper at (0,0) size 8x13 [padding: 0 0 4 0]
                RenderMathMLToken {mi} at (0,0) size 8x9
                  RenderMathMLBlock (anonymous, flex) at (0,0) size 8x9
                    RenderBlock (anonymous) at (0,0) size 8x9
                      RenderText {#text} at (0,3) size 8x0
                        text run at (0,3) width 8: "H"
              SubSupPair Wrapper at (8,0) size 5x13
                RenderMathMLToken {mn} at (0,6) size 5x7
                  RenderMathMLBlock (anonymous, flex) at (0,0) size 5x7
                    RenderBlock (anonymous) at (0,0) size 5x7
                      RenderText {#text} at (0,2) size 5x0
                        text run at (0,2) width 5: "2"
            RenderMathMLOperator {mo} at (19,1) size 13x8
              RenderMathMLBlock (anonymous, flex) at (2,0) size 9x8
                RenderBlock (anonymous) at (0,0) size 8x8
                  RenderText at (0,2) size 8x0
                    text run at (0,2) width 8: "+"
            RenderMathMLScripts {msub} at (31,0) size 14x13
              Base Wrapper at (0,0) size 8x13 [padding: 0 0 4 0]
                RenderMathMLToken {mi} at (0,0) size 8x9
                  RenderMathMLBlock (anonymous, flex) at (0,0) size 8x9
                    RenderBlock (anonymous) at (0,0) size 8x9
                      RenderText {#text} at (0,3) size 8x0
                        text run at (0,3) width 8: "O"
              SubSupPair Wrapper at (8,0) size 5x13
                RenderMathMLToken {mn} at (0,6) size 5x7
                  RenderMathMLBlock (anonymous, flex) at (0,0) size 5x7
                    RenderBlock (anonymous) at (0,0) size 5x7
                      RenderText {#text} at (0,2) size 5x0
                        text run at (0,2) width 5: "2"
          RenderMathMLUnderOver {mover} at (339,2) size 25x13
            RenderMathMLOperator {mo} at (0,6) size 25x7
              RenderMathMLBlock (anonymous, flex) at (2,0) size 20x7
                RenderBlock (anonymous) at (0,0) size 8x7
                  RenderText at (0,1) size 8x0
                    text run at (0,1) width 8: "\x{2192}"
            RenderMathMLRow {mrow} at (2,0) size 20x6
              RenderMathMLToken {mi} at (0,0) size 9x6 [padding: 0 1 0 0]
                RenderMathMLBlock (anonymous, flex) at (0,0) size 8x6
                  RenderBlock (anonymous) at (0,0) size 8x6
                    RenderText {#text} at (0,1) size 8x0
                      text run at (0,1) width 8: "m"
              RenderMathMLOperator {mo} at (8,4) size 5x2
                RenderMathMLBlock (anonymous, flex) at (0,0) size 3x2
                  RenderBlock (anonymous) at (0,0) size 3x2
                    RenderText at (0,-3) size 3x0
                      text run at (0,-3) width 3: ","
              RenderMathMLToken {mi} at (13,0) size 6x6 [padding: 0 1 0 0]
                RenderMathMLBlock (anonymous, flex) at (0,0) size 5x6
                  RenderBlock (anonymous) at (0,0) size 5x6
                    RenderText {#text} at (0,1) size 5x0
                      text run at (0,1) width 5: "n"
          RenderMathMLRow {mrow} at (363,6) size 29x13
            RenderMathMLToken {mn} at (0,0) size 6x9
              RenderMathMLBlock (anonymous, flex) at (0,0) size 6x9
                RenderBlock (anonymous) at (0,0) size 6x9
                  RenderText {#text} at (0,3) size 6x0
                    text run at (0,3) width 6: "2"
            RenderMathMLOperator {mo} at (6,8) size 0x1
              RenderMathMLBlock (anonymous, flex) at (0,0) size 0x1
                RenderBlock (anonymous) at (0,0) size 0x1
                  RenderText at (0,-5) size 3x0
                    text run at (0,-5) width 3: "\x{2062}"
            RenderMathMLScripts {msub} at (6,0) size 13x13
              Base Wrapper at (0,0) size 8x13 [padding: 0 0 4 0]
                RenderMathMLToken {mi} at (0,0) size 8x9
                  RenderMathMLBlock (anonymous, flex) at (0,0) size 8x9
                    RenderBlock (anonymous) at (0,0) size 8x9
                      RenderText {#text} at (0,3) size 8x0
                        text run at (0,3) width 8: "H"
              SubSupPair Wrapper at (8,0) size 5x13
                RenderMathMLToken {mn} at (0,6) size 5x7
                  RenderMathMLBlock (anonymous, flex) at (0,0) size 5x7
                    RenderBlock (anonymous) at (0,0) size 5x7
                      RenderText {#text} at (0,2) size 5x0
                        text run at (0,2) width 5: "2"
            RenderMathMLOperator {mo} at (19,8) size 0x1
              RenderMathMLBlock (anonymous, flex) at (0,0) size 0x1
                RenderBlock (anonymous) at (0,0) size 0x1
                  RenderText at (0,-5) size 3x0
                    text run at (0,-5) width 3: "\x{2062}"
            RenderMathMLToken {mi} at (19,0) size 9x9 [padding: 0 1 0 0]
              RenderMathMLBlock (anonymous, flex) at (0,0) size 8x9
                RenderBlock (anonymous) at (0,0) size 8x9
                  RenderText {#text} at (0,3) size 8x0
                    text run at (0,3) width 8: "O"
          RenderMathMLSpace {mspace} at (391,14) size 6x0
          RenderMathMLRow {mrow} at (396,6) size 9x9
            RenderMathMLToken {mi} at (0,0) size 8x9 [padding: 0 1 0 0]
              RenderMathMLBlock (anonymous, flex) at (0,0) size 7x9
                RenderBlock (anonymous) at (0,0) size 7x9
                  RenderText {#text} at (0,3) size 7x0
                    text run at (0,3) width 7: "A"
          RenderMathMLUnderOver {munderover} at (404,2) size 20x21
            RenderMathMLOperator {mo} at (0,6) size 20x7
              RenderMathMLBlock (anonymous, flex) at (2,0) size 15x7
                RenderBlock (anonymous) at (0,0) size 8x7
                  RenderText at (0,1) size 8x0
                    text run at (0,1) width 8: "\x{2194}"
            RenderMathMLToken {mi} at (6,13) size 7x8 [padding: 0 1 0 0]
              RenderMathMLBlock (anonymous, flex) at (0,0) size 5x8
                RenderBlock (anonymous) at (0,0) size 5x8
                  RenderText {#text} at (0,3) size 5x0
                    text run at (0,3) width 5: "b"
            RenderMathMLToken {mn} at (7,0) size 6x6
              RenderMathMLBlock (anonymous, flex) at (0,0) size 5x6
                RenderBlock (anonymous) at (0,0) size 5x6
                  RenderText {#text} at (0,1) size 5x0
                    text run at (0,1) width 5: "a"
          RenderMathMLRow {mrow} at (423,6) size 9x9
            RenderMathMLToken {mi} at (0,0) size 8x9 [padding: 0 1 0 0]
              RenderMathMLBlock (anonymous, flex) at (0,0) size 7x9
                RenderBlock (anonymous) at (0,0) size 7x9
                  RenderText {#text} at (0,3) size 7x0
                    text run at (0,3) width 7: "B"
          RenderMathMLSpace {mspace} at (431,14) size 6x0
          RenderMathMLRow {mrow} at (436,6) size 9x9
            RenderMathMLToken {mi} at (0,0) size 8x9 [padding: 0 1 0 0]
              RenderMathMLBlock (anonymous, flex) at (0,0) size 7x9
                RenderBlock (anonymous) at (0,0) size 7x9
                  RenderText {#text} at (0,3) size 7x0
                    text run at (0,3) width 7: "A"
          RenderMathMLUnderOver {munderover} at (444,1) size 20x21
            RenderMathMLOperator {mo} at (0,6) size 20x8
              RenderMathMLBlock (anonymous, flex) at (2,0) size 15x8
                RenderBlock (anonymous) at (0,0) size 8x8
                  RenderText at (0,2) size 8x0
                    text run at (0,2) width 8: "\x{21C4}"
            RenderMathMLToken {mi} at (6,14) size 7x7 [padding: 0 1 0 0]
              RenderMathMLBlock (anonymous, flex) at (0,0) size 5x7
                RenderBlock (anonymous) at (0,0) size 5x7
                  RenderText {#text} at (0,2) size 5x0
                    text run at (0,2) width 5: "0"
            RenderMathMLToken {mn} at (7,0) size 6x6
              RenderMathMLBlock (anonymous, flex) at (0,0) size 5x6
                RenderBlock (anonymous) at (0,0) size 5x6
                  RenderText {#text} at (0,1) size 5x0
                    text run at (0,1) width 5: "a"
          RenderMathMLRow {mrow} at (463,6) size 9x9
            RenderMathMLToken {mi} at (0,0) size 8x9 [padding: 0 1 0 0]
              RenderMathMLBlock (anonymous, flex) at (0,0) size 7x9
                RenderBlock (anonymous) at (0,0) size 7x9
                  RenderText {#text} at (0,3) size 7x0
                    text run at (0,3) width 7: "B"
          RenderMathMLSpace {mspace} at (471,14) size 6x0
          RenderMathMLRow {mrow} at (476,6) size 9x9
            RenderMathMLToken {mi} at (0,0) size 8x9 [padding: 0 1 0 0]
              RenderMathMLBlock (anonymous, flex) at (0,0) size 7x9
                RenderBlock (anonymous) at (0,0) size 7x9
                  RenderText {#text} at (0,3) size 7x0
                    text run at (0,3) width 7: "A"
          RenderMathMLUnderOver {munderover} at (484,0) size 32x22
            RenderMathMLOperator {mo} at (0,7) size 31x8
              RenderMathMLBlock (anonymous, flex) at (2,0) size 26x8
                RenderBlock (anonymous) at (0,0) size 8x8
                  RenderText at (0,2) size 8x0
                    text run at (0,2) width 8: "\x{21C4}"
            RenderMathMLToken {mn} at (7,15) size 16x7
              RenderMathMLBlock (anonymous, flex) at (0,0) size 15x7
                RenderBlock (anonymous) at (0,0) size 15x7
                  RenderText {#text} at (0,2) size 15x0
                    text run at (0,2) width 15: "0\x{B0}C"
            RenderMathMLToken {mn} at (2,0) size 26x7
              RenderMathMLBlock (anonymous, flex) at (0,0) size 25x7
                RenderBlock (anonymous) at (0,0) size 25x7
                  RenderText {#text} at (0,2) size 25x0
                    text run at (0,2) width 25: "100\x{B0}C"
          RenderMathMLRow {mrow} at (515,6) size 9x9
            RenderMathMLToken {mi} at (0,0) size 8x9 [padding: 0 1 0 0]
              RenderMathMLBlock (anonymous, flex) at (0,0) size 7x9
                RenderBlock (anonymous) at (0,0) size 7x9
                  RenderText {#text} at (0,3) size 7x0
                    text run at (0,3) width 7: "B"
