layer at (0,0) size 800x1308
  RenderView at (0,0) size 800x600
layer at (0,0) size 800x1308
  RenderBlock {HTML} at (0,0) size 800x1309
    RenderBody {BODY} at (8,16) size 784x1285
      RenderBlock {P} at (0,0) size 784x20
        RenderText {#text} at (0,0) size 164x19
          text run at (0,0) width 164: "div, span, nested div/span"
      RenderBlock {P} at (0,36) size 784x20
        RenderText {#text} at (0,0) size 66x19
          text run at (0,0) width 66: "Single div"
      RenderBlock {DIV} at (1,72) size 782x23 [border: (1.42px solid #000000)]
        RenderText {#text} at (757,1) size 23x19
          text run at (757,1) width 23 RTL override: "abc"
      RenderBlock {P} at (0,110) size 784x21
        RenderText {#text} at (0,0) size 419x19
          text run at (0,0) width 419: "The following 2 lines should be identical, ignorning whitespaces:"
      RenderBlock {DIV} at (1,146) size 782x44 [border: (1.42px solid #000000)]
        RenderBlock (anonymous) at (1,1) size 779x21
          RenderText {#text} at (756,0) size 23x19
            text run at (756,0) width 23 RTL override: "abc"
        RenderBlock {DIV} at (1,21) size 779x21
          RenderText {#text} at (756,0) size 23x19
            text run at (756,0) width 23: "cba"
      RenderBlock {P} at (0,205) size 784x21
        RenderText {#text} at (0,0) size 426x19
          text run at (0,0) width 426: "The following 2 textes should be identical, ignorning whitespaces:"
      RenderBlock {DIV} at (1,241) size 782x24 [border: (1.42px solid #000000)]
        RenderText {#text} at (753,1) size 27x19
          text run at (753,1) width 27 RTL override: "abc "
        RenderInline {SPAN} at (0,0) size 23x19
          RenderText {#text} at (731,1) size 23x19
            text run at (731,1) width 23 RTL override: "abc"
      RenderBlock {P} at (0,280) size 784x21
        RenderText {#text} at (0,0) size 419x19
          text run at (0,0) width 419: "The following 2 lines should be identical, ignorning whitespaces:"
      RenderBlock {DIV} at (1,316) size 782x44 [border: (1.42px solid #000000)]
        RenderBlock {DIV} at (1,1) size 779x21
          RenderText {#text} at (756,0) size 23x19
            text run at (756,0) width 23: "cba"
        RenderBlock (anonymous) at (1,21) size 779x21
          RenderText {#text} at (756,0) size 23x19
            text run at (756,0) width 23 RTL override: "abc"
      RenderBlock {P} at (0,375) size 784x21
        RenderText {#text} at (0,0) size 426x19
          text run at (0,0) width 426: "The following 2 textes should be identical, ignorning whitespaces:"
      RenderBlock {DIV} at (1,411) size 782x24 [border: (1.42px solid #000000)]
        RenderInline {SPAN} at (0,0) size 27x19
          RenderText {#text} at (753,1) size 27x19
            text run at (753,1) width 27 RTL override: "abc "
        RenderText {#text} at (731,1) size 23x19
          text run at (731,1) width 23 RTL override: "abc"
      RenderBlock {P} at (0,450) size 784x21
        RenderText {#text} at (0,0) size 75x19
          text run at (0,0) width 75: "Single span"
      RenderBlock (anonymous) at (0,486) size 784x21
        RenderInline {SPAN} at (0,0) size 26x23 [border: (1.42px solid #000000)]
          RenderText {#text} at (2,0) size 24x19
            text run at (2,0) width 24 RTL override: "abc"
        RenderText {#text} at (0,0) size 0x0
      RenderBlock {P} at (0,522) size 784x21
        RenderText {#text} at (0,0) size 426x19
          text run at (0,0) width 426: "The following 2 textes should be identical, ignorning whitespaces:"
      RenderBlock (anonymous) at (0,558) size 784x21
        RenderInline {SPAN} at (0,0) size 52x23 [border: (1.42px solid #000000)]
          RenderText {#text} at (25,0) size 27x19
            text run at (25,0) width 27 RTL override: "abc "
          RenderInline {SPAN} at (0,0) size 24x19
            RenderText {#text} at (2,0) size 24x19
              text run at (2,0) width 24 RTL override: "abc"
        RenderText {#text} at (0,0) size 0x0
      RenderBlock {P} at (0,594) size 784x21
        RenderText {#text} at (0,0) size 426x19
          text run at (0,0) width 426: "The following 2 textes should be identical, ignorning whitespaces:"
      RenderBlock (anonymous) at (0,630) size 784x21
        RenderInline {SPAN} at (0,0) size 52x23 [border: (1.42px solid #000000)]
          RenderInline {SPAN} at (0,0) size 27x19
            RenderText {#text} at (25,0) size 27x19
              text run at (25,0) width 27 RTL override: "abc "
          RenderText {#text} at (2,0) size 24x19
            text run at (2,0) width 24 RTL override: "abc"
        RenderText {#text} at (0,0) size 0x0
      RenderBlock {P} at (0,666) size 784x21
        RenderText {#text} at (0,0) size 426x19
          text run at (0,0) width 426: "The following 2 textes should be identical, ignorning whitespaces:"
      RenderBlock (anonymous) at (0,702) size 784x21
        RenderInline {SPAN} at (0,0) size 24x23 [border: (1.42px solid #000000)]
          RenderText {#text} at (0,0) size 23x19
            text run at (0,0) width 23 RTL override: "abc"
      RenderBlock (anonymous) at (0,722) size 784x21
        RenderBlock {DIV} at (0,0) size 784x20
          RenderText {#text} at (761,0) size 23x19
            text run at (761,0) width 23: "cba"
      RenderBlock (anonymous) at (0,742) size 784x21
        RenderInline {SPAN} at (0,0) size 2x23 [border: (1.42px solid #000000)]
        RenderText {#text} at (0,0) size 0x0
      RenderBlock {P} at (0,778) size 784x21
        RenderText {#text} at (0,0) size 426x19
          text run at (0,0) width 426: "The following 2 textes should be identical, ignorning whitespaces:"
      RenderBlock (anonymous) at (0,814) size 784x21
        RenderInline {SPAN} at (0,0) size 2x23 [border: (1.42px solid #000000)]
      RenderBlock (anonymous) at (0,834) size 784x21
        RenderBlock {DIV} at (0,0) size 784x20
          RenderText {#text} at (761,0) size 23x19
            text run at (761,0) width 23: "cba"
      RenderBlock (anonymous) at (0,854) size 784x21
        RenderInline {SPAN} at (0,0) size 25x23 [border: (1.42px solid #000000)]
          RenderText {#text} at (2,0) size 24x19
            text run at (2,0) width 24 RTL override: "abc"
        RenderText {#text} at (0,0) size 0x0
      RenderBlock {P} at (0,890) size 784x21
        RenderText {#text} at (0,0) size 30x19
          text run at (0,0) width 30: "ruby"
      RenderBlock {DIV} at (0,926) size 784x35 [border: (1.42px solid #000000)]
        RenderRuby (inline) {RUBY} at (0,0) size 23x20
          RenderRubyRun (anonymous) at (166,12) size 23x21
            RenderRubyText {RT} at (0,-11) size 23x12
              RenderText {#text} at (5,0) size 12x11
                text run at (5,0) width 12: "def"
            RenderRubyBase (anonymous) at (0,0) size 23x20
              RenderText {#text} at (0,0) size 23x19
                text run at (0,0) width 23 RTL override: "abc"
        RenderText {#text} at (161,12) size 4x20
          text run at (161,12) width 4 RTL: " "
        RenderRuby (inline) {RUBY} at (0,0) size 23x20
          RenderRubyRun (anonymous) at (137,12) size 23x21
            RenderRubyText {RT} at (0,-11) size 23x12
              RenderText {#text} at (5,0) size 12x11
                text run at (5,0) width 12 RTL override: "def"
            RenderRubyBase (anonymous) at (0,0) size 23x20
              RenderText {#text} at (0,0) size 23x19
                text run at (0,0) width 23 RTL override: "abc"
        RenderText {#text} at (131,12) size 5x20
          text run at (131,12) width 5 RTL: " "
        RenderRuby (inline) {RUBY} at (0,0) size 23x20
          RenderRubyRun (anonymous) at (108,12) size 23x21
            RenderRubyBase (anonymous) at (0,0) size 23x20
              RenderText {#text} at (0,0) size 23x19
                text run at (0,0) width 23 RTL override: "abc"
        RenderText {#text} at (102,12) size 5x20
          text run at (102,12) width 5 RTL: " "
        RenderRuby (inline) {RUBY} at (0,0) size 13x20
          RenderRubyRun (anonymous) at (89,29) size 13x0
            RenderRubyText {RT} at (0,-11) size 12x12
              RenderText {#text} at (0,0) size 13x11
                text run at (0,0) width 12: "def"
        RenderText {#text} at (84,12) size 5x20
          text run at (84,12) width 5 RTL: " "
        RenderRuby (inline) {RUBY} at (0,0) size 24x20
          RenderRubyRun (anonymous) at (60,12) size 24x21
            RenderRubyBase (anonymous) at (0,0) size 23x20
              RenderInline {RB} at (0,0) size 23x19
                RenderText {#text} at (0,0) size 23x19
                  text run at (0,0) width 23 RTL override: "abc"
        RenderText {#text} at (55,12) size 5x20
          text run at (55,12) width 5 RTL: " "
        RenderRuby (inline) {RUBY} at (0,0) size 24x20
          RenderRubyRun (anonymous) at (31,12) size 24x21
            RenderRubyText {RT} at (0,-11) size 23x12
              RenderText {#text} at (5,0) size 12x11
                text run at (5,0) width 12: "def"
            RenderRubyBase (anonymous) at (0,0) size 23x20
              RenderInline {RB} at (0,0) size 23x19
                RenderText {#text} at (0,0) size 23x19
                  text run at (0,0) width 23 RTL override: "abc"
        RenderText {#text} at (26,12) size 5x20
          text run at (26,12) width 5 RTL: " "
        RenderRuby (inline) {RUBY} at (0,0) size 24x20
          RenderRubyRun (anonymous) at (2,12) size 24x21
            RenderRubyText {RT} at (0,-11) size 23x12
              RenderText {#text} at (5,0) size 12x11
                text run at (5,0) width 12: "def"
            RenderRubyBase (anonymous) at (0,0) size 23x20
              RenderInline {RB} at (0,0) size 23x19
                RenderText {#text} at (0,0) size 23x19
                  text run at (0,0) width 23 RTL override: "abc"
        RenderText {#text} at (0,0) size 0x0
      RenderBlock {P} at (0,976) size 784x21
        RenderText {#text} at (0,0) size 426x19
          text run at (0,0) width 426: "The following 2 tables should be identical, ignorning whitespaces:"
      RenderTable {TABLE} at (1,1012) size 85x73 [border: (1.42px solid #808080)]
        RenderBlock {CAPTION} at (0,0) size 84x20
          RenderText {#text} at (0,0) size 85x19
            text run at (0,0) width 84: "NormalTable"
        RenderTableSection {TBODY} at (1,21) size 82x51
          RenderTableRow {TR} at (0,2) size 82x22
            RenderTableCell {TD} at (43,2) size 37x22 [r=0 c=0 rs=1 cs=1]
              RenderText {#text} at (13,1) size 23x19
                text run at (13,1) width 23: "abc"
            RenderTableCell {TD} at (2,2) size 39x22 [r=0 c=1 rs=1 cs=1]
              RenderText {#text} at (17,1) size 21x19
                text run at (17,1) width 21: "def"
          RenderTableRow {TR} at (0,26) size 82x22
            RenderTableCell {TD} at (43,26) size 37x22 [r=1 c=0 rs=1 cs=1]
              RenderText {#text} at (19,1) size 17x19
                text run at (19,1) width 17: "hij"
            RenderTableCell {TD} at (2,26) size 39x22 [r=1 c=1 rs=1 cs=1]
              RenderText {#text} at (14,1) size 24x19
                text run at (14,1) width 24: "opq"
      RenderTable {DIV} at (1,1086) size 144x64 [border: (1.42px solid #000000)]
        RenderBlock {DIV} at (0,0) size 143x20
          RenderText {#text} at (0,0) size 144x19
            text run at (0,0) width 143: "AnonymousTableRow"
        RenderTableSection (anonymous) at (1,21) size 141x41
          RenderTableRow {DIV} at (0,0) size 141x20
            RenderTableCell {DIV} at (72,0) size 69x20 [r=0 c=0 rs=1 cs=1]
              RenderText {#text} at (46,0) size 23x19
                text run at (46,0) width 23: "abc"
            RenderTableCell {DIV} at (0,0) size 72x20 [r=0 c=1 rs=1 cs=1]
              RenderText {#text} at (51,0) size 21x19
                text run at (51,0) width 21: "def"
          RenderTableRow {DIV} at (0,20) size 141x20
            RenderTableCell {DIV} at (72,20) size 69x20 [r=1 c=0 rs=1 cs=1]
              RenderText {#text} at (52,0) size 17x19
                text run at (52,0) width 17: "hij"
            RenderTableCell {DIV} at (0,20) size 72x20 [r=1 c=1 rs=1 cs=1]
              RenderText {#text} at (48,0) size 24x19
                text run at (48,0) width 24: "opq"
      RenderBlock {P} at (0,1165) size 784x21
        RenderText {#text} at (0,0) size 505x19
          text run at (0,0) width 505: "Anonymous TABLE, TABLE_ROW, TABLE_ROW_GROUP, TABLE_CELL"
      RenderBlock {DIV} at (0,1201) size 784x84 [border: (1.42px solid #000000)]
        RenderTable at (1,1) size 25x81
          RenderTableSection (anonymous) at (0,20) size 24x40
            RenderTableRow {DIV} at (0,0) size 24x20
              RenderTableCell (anonymous) at (0,0) size 24x20 [r=0 c=0 rs=1 cs=1]
                RenderText {#text} at (1,0) size 23x19
                  text run at (1,0) width 23 RTL override: "abc"
            RenderTableRow (anonymous) at (0,20) size 24x20
              RenderTableCell {DIV} at (0,20) size 24x20 [r=1 c=0 rs=1 cs=1]
                RenderText {#text} at (3,0) size 21x19
                  text run at (3,0) width 21 RTL override: "def"
          RenderBlock {DIV} at (0,0) size 24x20
            RenderText {#text} at (7,0) size 17x19
              text run at (7,0) width 17 RTL override: "hij"
          RenderTableSection {DIV} at (0,60) size 24x20
            RenderTableRow (anonymous) at (0,0) size 24x20
              RenderTableCell (anonymous) at (0,0) size 24x20 [r=0 c=0 rs=1 cs=1]
                RenderText {#text} at (0,0) size 24x19
                  text run at (0,0) width 24 RTL override: "opq"
