layer at (0,0) size 800x600
  RenderView at (0,0) size 800x600
layer at (0,0) size 800x600
  RenderBlock {HTML} at (0,0) size 800x600
    RenderBody {BODY} at (8,8) size 784x584
      RenderBlock {P} at (0,0) size 784x36
        RenderText {#text} at (0,0) size 759x36
          text run at (0,0) width 759: "This is subtle, but the shadow should match the color of the top H and not the color of the bottom H. The top H and its"
          text run at (0,18) width 289: "shadow are both color-corrected from sRGB."
      RenderBlock (anonymous) at (0,52) size 784x230
        RenderInline {SPAN} at (0,0) size 78x115 [color=#560063]
          RenderText {#text} at (0,0) size 78x115
            text run at (0,0) width 78: "H"
        RenderText {#text} at (77,76) size 5x18
          text run at (77,76) width 5: " "
        RenderBR {BR} at (81,90) size 1x0
        RenderInline {SPAN} at (0,0) size 78x115 [color=#560063]
          RenderText {#text} at (0,115) size 78x115
            text run at (0,115) width 78: "H"
        RenderText {#text} at (0,0) size 0x0
