layer at (0,0) size 800x600
  RenderView at (0,0) size 800x600
layer at (0,0) size 800x600
  RenderBlock {HTML} at (0,0) size 800x600
    RenderBody {BODY} at (8,8) size 784x584
      RenderBlock {P} at (0,0) size 784x18
        RenderText {#text} at (0,0) size 631x18
          text run at (0,0) width 631: "The distinction below is subtle, but the middle \"H\" is color-corrected, and the first and last are not."
      RenderBlock (anonymous) at (0,34) size 784x174
        RenderInline {SPAN} at (0,0) size 117x174 [color=#008000]
          RenderText {#text} at (0,0) size 117x174
            text run at (0,0) width 117: "H"
        RenderText {#text} at (116,122) size 5x18
          text run at (116,122) width 5: " "
        RenderInline {SPAN} at (0,0) size 118x174 [color=#008000]
          RenderText {#text} at (120,0) size 118x174
            text run at (120,0) width 118: "H"
        RenderText {#text} at (237,122) size 5x18
          text run at (237,122) width 5: " "
        RenderInline {SPAN} at (0,0) size 118x174 [color=#008000]
          RenderText {#text} at (241,0) size 118x174
            text run at (241,0) width 118: "H"
        RenderText {#text} at (0,0) size 0x0
