layer at (0,0) size 800x600
  RenderView at (0,0) size 800x600
layer at (0,0) size 800x458
  RenderBlock {HTML} at (0,0) size 800x458
    RenderBody {BODY} at (8,16) size 784x434
      RenderBlock {P} at (0,0) size 784x18
        RenderInline {B} at (0,0) size 62x18
          RenderText {#text} at (0,0) size 62x18
            text run at (0,0) width 62: "BUG ID:"
        RenderText {#text} at (61,0) size 5x18
          text run at (61,0) width 5: " "
        RenderInline {A} at (0,0) size 119x18 [color=#0000EE]
          RenderText {#text} at (65,0) size 119x18
            text run at (65,0) width 119: "Bugzilla bug 8467"
        RenderText {#text} at (183,0) size 509x18
          text run at (183,0) width 509: " Block with percentage background-size doesn't repaint properly when it grows"
      RenderBlock {P} at (0,34) size 784x42 [bgcolor=#98FB98]
        RenderInline {B} at (0,0) size 88x18
          RenderText {#text} at (3,3) size 88x18
            text run at (3,3) width 88: "TEST PASS:"
        RenderText {#text} at (90,3) size 771x36
          text run at (90,3) width 5: " "
          text run at (94,3) width 680: "The boxes will resize, and their background images will repaint correctly maintaining the set background-"
          text run at (3,21) width 29: "size."
      RenderBlock {P} at (0,92) size 784x24 [bgcolor=#FF3300]
        RenderInline {B} at (0,0) size 88x18
          RenderText {#text} at (3,3) size 88x18
            text run at (3,3) width 88: "TEST FAIL:"
        RenderText {#text} at (90,3) size 527x18
          text run at (90,3) width 5: " "
          text run at (94,3) width 523: "The boxes will resize, but the background images will leave artifacts on the sides."
      RenderBlock {DIV} at (0,132) size 222x142 [border: (1px solid #0000FF)]
        RenderBlock {DIV} at (11,21) size 200x40
      RenderBlock (anonymous) at (0,274) size 784x18
        RenderBR {BR} at (0,0) size 0x18
      RenderBlock {DIV} at (0,292) size 222x142 [border: (1px solid #0000FF)]
        RenderBlock {DIV} at (11,21) size 200x60
layer at (29,169) size 180x40
  RenderBlock {DIV} at (10,0) size 180x40 [bgcolor=#008080]
layer at (29,329) size 180x60
  RenderBlock {DIV} at (10,0) size 180x60 [bgcolor=#008080]
