layer at (0,0) size 800x600
  RenderView at (0,0) size 800x600
layer at (0,0) size 800x540
  RenderBlock {HTML} at (0,0) size 800x540 [bgcolor=#FFFFFF]
    RenderBody {BODY} at (8,240) size 784x284
      RenderBlock {P} at (0,248) size 784x36
        RenderText {#text} at (0,0) size 103x18
          text run at (0,0) width 103: "Repaint test for "
        RenderInline {I} at (0,0) size 759x36
          RenderInline {A} at (0,0) size 306x18 [color=#0000EE]
            RenderText {#text} at (102,0) size 306x18
              text run at (102,0) width 306: "http://bugs.webkit.org/show_bug.cgi?id=15157"
          RenderText {#text} at (407,0) size 759x36
            text run at (407,0) width 5: " "
            text run at (411,0) width 348: "Image defined in background-position: top center gets"
            text run at (0,18) width 149: "unexpectedly truncated"
        RenderText {#text} at (148,18) size 5x18
          text run at (148,18) width 5: "."
