layer at (0,0) size 800x600
  RenderView at (0,0) size 800x600
layer at (0,0) size 800x274
  RenderBlock {HTML} at (0,0) size 800x274
    RenderBody {BODY} at (8,16) size 784x250
      RenderBlock {P} at (0,0) size 784x18
        RenderInline {B} at (0,0) size 62x18
          RenderText {#text} at (0,0) size 62x18
            text run at (0,0) width 62: "BUG ID:"
        RenderText {#text} at (61,0) size 5x18
          text run at (61,0) width 5: " "
        RenderInline {A} at (0,0) size 119x18 [color=#0000EE]
          RenderText {#text} at (65,0) size 119x18
            text run at (65,0) width 119: "Bugzilla bug 7235"
        RenderText {#text} at (183,0) size 402x18
          text run at (183,0) width 402: " Pure CSS Tooltips method renders wrong and creates artifacts"
      RenderBlock {P} at (0,34) size 784x24 [bgcolor=#98FB98]
        RenderInline {B} at (0,0) size 88x18
          RenderText {#text} at (3,3) size 88x18
            text run at (3,3) width 88: "TEST PASS:"
        RenderText {#text} at (90,3) size 267x18
          text run at (90,3) width 5: " "
          text run at (94,3) width 263: "The square should change to solid green."
      RenderBlock {P} at (0,74) size 784x42 [bgcolor=#FF3300]
        RenderInline {B} at (0,0) size 88x18
          RenderText {#text} at (3,3) size 88x18
            text run at (3,3) width 88: "TEST FAIL:"
        RenderText {#text} at (90,3) size 715x36
          text run at (90,3) width 5: " "
          text run at (94,3) width 624: "The square will remain red and will only change to green when the window is resized, scrolled or"
          text run at (3,21) width 130: "otherwise repainted."
      RenderBlock {P} at (0,132) size 784x0
      RenderBlock (anonymous) at (0,132) size 784x18
        RenderText {#text} at (0,0) size 0x0
      RenderBlock {DIV} at (0,150) size 100x100 [bgcolor=#FF0000]
layer at (-92,148) size 4x18 backgroundClip at (0,0) size 800x600 clip at (0,0) size 800x600 outlineClip at (0,0) size 800x600
  RenderInline (relative positioned) {SPAN} at (0,0) size 4x18
    RenderText {#text} at (100,0) size 4x18
      text run at (100,0) width 4: " "
layer at (8,166) size 100x100
  RenderBlock (positioned) {DIV} at (0,18) size 100x100 [bgcolor=#008000]
