layer at (0,0) size 800x600
  RenderView at (0,0) size 800x600
layer at (0,0) size 800x164
  RenderBlock {HTML} at (0,0) size 800x164
    RenderBody {BODY} at (8,16) size 784x132
      RenderBlock {P} at (0,0) size 784x18
        RenderInline {B} at (0,0) size 62x18
          RenderText {#text} at (0,0) size 62x18
            text run at (0,0) width 62: "BUG ID:"
        RenderText {#text} at (61,0) size 5x18
          text run at (61,0) width 5: " "
        RenderInline {A} at (0,0) size 119x18 [color=#0000EE]
          RenderText {#text} at (65,0) size 119x18
            text run at (65,0) width 119: "Bugzilla bug 6473"
        RenderText {#text} at (183,0) size 484x18
          text run at (183,0) width 484: " REGRESSION: Serious painting problems on new iLife and iWorks pages"
      RenderBlock {P} at (0,34) size 784x24 [bgcolor=#98FB98]
        RenderInline {B} at (0,0) size 88x18
          RenderText {#text} at (3,3) size 88x18
            text run at (3,3) width 88: "TEST PASS:"
        RenderText {#text} at (90,3) size 436x18
          text run at (90,3) width 5: " "
          text run at (94,3) width 432: "A green rectangle containing the word SUCCESS will show below."
      RenderBlock {P} at (0,74) size 784x24 [bgcolor=#FF3300]
        RenderInline {B} at (0,0) size 88x18
          RenderText {#text} at (3,3) size 88x18
            text run at (3,3) width 88: "TEST FAIL:"
        RenderText {#text} at (90,3) size 255x18
          text run at (90,3) width 5: " "
          text run at (94,3) width 251: "A green rectangle will not show below."
      RenderBlock {DIV} at (0,114) size 784x18
        RenderBlock {DIV} at (0,0) size 784x18
layer at (8,130) size 784x18
  RenderBlock (relative positioned) {P} at (0,0) size 784x18 [bgcolor=#00FF00]
    RenderText {#text} at (0,0) size 70x18
      text run at (0,0) width 70: "SUCCESS"
