layer at (0,0) size 800x600
  RenderView at (0,0) size 800x600
layer at (0,0) size 800x600
  RenderBlock {HTML} at (0,0) size 800x600
    RenderBody {BODY} at (8,8) size 784x584
      RenderBlock {P} at (0,0) size 784x36
        RenderText {#text} at (0,0) size 156x18
          text run at (0,0) width 156: "This is a repaint test for "
        RenderInline {I} at (0,0) size 754x36
          RenderInline {A} at (0,0) size 354x18 [color=#0000EE]
            RenderText {#text} at (155,0) size 354x18
              text run at (155,0) width 354: "http://bugzilla.opendarwin.org/show_bug.cgi?id=7204"
          RenderText {#text} at (508,0) size 754x36
            text run at (508,0) width 5: " "
            text run at (512,0) width 242: "float inserted in fixed height block via"
            text run at (0,18) width 126: "DOM not repainted"
        RenderText {#text} at (125,18) size 5x18
          text run at (125,18) width 5: "."
      RenderBlock {P} at (0,52) size 784x18
        RenderText {#text} at (0,0) size 246x18
          text run at (0,0) width 246: "There should be a green square below."
      RenderBlock {HR} at (0,86) size 784x2 [border: (1px inset #000000)]
      RenderBlock {DIV} at (0,96) size 784x100
      RenderBlock {DIV} at (0,196) size 784x0
        RenderBlock (floating) {DIV} at (0,0) size 100x100 [bgcolor=#008000]
