layer at (0,0) size 800x600
  RenderView at (0,0) size 800x600
layer at (0,0) size 800x102
  RenderBlock {HTML} at (0,0) size 800x102
    RenderBody {BODY} at (8,16) size 784x70
      RenderBlock {P} at (0,0) size 784x36
        RenderText {#text} at (0,0) size 103x18
          text run at (0,0) width 103: "Repaint test for "
        RenderInline {I} at (0,0) size 156x18
          RenderInline {A} at (0,0) size 156x18 [color=#0000EE]
            RenderText {#text} at (102,0) size 156x18
              text run at (102,0) width 156: "rdar://problem/6518850"
        RenderText {#text} at (257,0) size 766x36
          text run at (257,0) width 5: " "
          text run at (261,0) width 505: "Make sure that an inline repaints using its line boxes and not using RenderBox"
          text run at (0,18) width 107: "width()/height()."
      RenderBlock {P} at (0,52) size 784x18
        RenderInline {SPAN} at (0,0) size 37x18 [color=#008000]
          RenderText {#text} at (0,0) size 37x18
            text run at (0,0) width 37: "PASS"
