layer at (0,0) size 800x600
  RenderView at (0,0) size 800x600
layer at (0,0) size 800x76
  RenderBlock {HTML} at (0,0) size 800x76
    RenderBody {BODY} at (8,16) size 784x52
      RenderBlock {P} at (0,0) size 784x18
        RenderText {#text} at (0,0) size 103x18
          text run at (0,0) width 103: "Repaint test for "
        RenderInline {I} at (0,0) size 526x18
          RenderInline {A} at (0,0) size 156x18 [color=#0000EE]
            RenderText {#text} at (102,0) size 156x18
              text run at (102,0) width 156: "rdar://problem/6048566"
          RenderText {#text} at (257,0) size 371x18
            text run at (257,0) width 5: " "
            text run at (261,0) width 367: "Repaint original element's position, not its offset position"
        RenderText {#text} at (627,0) size 5x18
          text run at (627,0) width 5: "."
layer at (8,150) size 784x18
  RenderBlock (relative positioned) {DIV} at (0,34) size 784x18
    RenderText {#text} at (0,0) size 37x18
      text run at (0,0) width 37: "PASS"
