layer at (0,0) size 800x600
  RenderView at (0,0) size 800x600
layer at (0,0) size 800x600
  RenderBlock {HTML} at (0,0) size 800x600
    RenderBody {BODY} at (8,8) size 784x584
      RenderTable {TABLE} at (0,0) size 418x121 [border: (2px outset #808080)]
        RenderBlock {CAPTION} at (0,0) size 418x20
          RenderText {#text} at (11,0) size 396x19
            text run at (11,0) width 396: "Communicator 4.5 Installers for Mac and Windows Platforms"
        RenderTableSection {TBODY} at (2,22) size 413x96
          RenderTableRow {TR} at (0,0) size 413x25
            RenderTableCell {TH} at (0,10) size 123x5 [border: (3px solid #808080) none none (3px none #808080)] [r=0 c=0 rs=1 cs=1]
            RenderTableCell {TH} at (123,0) size 110x25 [border: (3px solid #808080) none none none] [r=0 c=1 rs=1 cs=1]
              RenderText {#text} at (1,4) size 108x19
                text run at (1,4) width 108: "Macintosh PPC"
            RenderTableCell {TH} at (233,0) size 86x25 [border: (3px solid #808080) none none none] [r=0 c=2 rs=1 cs=1]
              RenderText {#text} at (1,4) size 84x19
                text run at (1,4) width 84: "Windows 95"
            RenderTableCell {TH} at (319,0) size 94x25 [border: (3px solid #808080) (2px none #808080) none none] [r=0 c=3 rs=1 cs=1]
              RenderText {#text} at (1,4) size 90x19
                text run at (1,4) width 90: "Windows NT"
          RenderTableRow {TR} at (0,25) size 413x23
            RenderTableCell {TD} at (0,25) size 123x23 [border: (1px solid #808080) none none (3px none #808080)] [r=1 c=0 rs=1 cs=1]
              RenderText {#text} at (4,2) size 76x19
                text run at (4,2) width 76: "Base Install"
            RenderTableCell {TD} at (123,25) size 110x23 [border: (1px solid #808080) none none none] [r=1 c=1 rs=1 cs=1]
              RenderText {#text} at (1,2) size 22x19
                text run at (1,2) width 22: "yes"
            RenderTableCell {TD} at (233,25) size 86x23 [border: (1px solid #808080) none none none] [r=1 c=2 rs=1 cs=1]
              RenderText {#text} at (1,2) size 22x19
                text run at (1,2) width 22: "yes"
            RenderTableCell {TD} at (319,25) size 94x23 [border: (1px solid #808080) (2px none #808080) none none] [r=1 c=3 rs=1 cs=1]
              RenderText {#text} at (1,2) size 22x19
                text run at (1,2) width 22: "yes"
          RenderTableRow {TR} at (0,48) size 413x23
            RenderTableCell {TD} at (0,48) size 123x23 [border: (1px solid #808080) none none (3px none #808080)] [r=2 c=0 rs=1 cs=1]
              RenderText {#text} at (4,2) size 107x19
                text run at (4,2) width 107: "Complete Install"
            RenderTableCell {TD} at (123,48) size 110x23 [border: (1px solid #808080) none none none] [r=2 c=1 rs=1 cs=1]
              RenderText {#text} at (1,2) size 22x19
                text run at (1,2) width 22: "yes"
            RenderTableCell {TD} at (233,48) size 86x23 [border: (1px solid #808080) none none none] [r=2 c=2 rs=1 cs=1]
              RenderText {#text} at (1,2) size 22x19
                text run at (1,2) width 22: "yes"
            RenderTableCell {TD} at (319,48) size 94x23 [border: (1px solid #808080) (2px none #808080) none none] [r=2 c=3 rs=1 cs=1]
              RenderText {#text} at (1,2) size 22x19
                text run at (1,2) width 22: "yes"
          RenderTableRow {TR} at (0,71) size 413x25
            RenderTableCell {TD} at (0,71) size 123x25 [border: (1px solid #808080) none (2px solid #808080) (3px none #808080)] [r=3 c=0 rs=1 cs=1]
              RenderText {#text} at (4,2) size 118x19
                text run at (4,2) width 118: "Pro Edition Install"
            RenderTableCell {TD} at (123,71) size 110x25 [border: (1px solid #808080) none (2px solid #808080) none] [r=3 c=1 rs=1 cs=1]
              RenderText {#text} at (1,2) size 22x19
                text run at (1,2) width 22: "yes"
            RenderTableCell {TD} at (233,71) size 86x25 [border: (1px solid #808080) none (2px solid #808080) none] [r=3 c=2 rs=1 cs=1]
              RenderText {#text} at (1,2) size 22x19
                text run at (1,2) width 22: "yes"
            RenderTableCell {TD} at (319,71) size 94x25 [border: (1px solid #808080) (2px none #808080) (2px solid #808080) none] [r=3 c=3 rs=1 cs=1]
              RenderText {#text} at (1,2) size 22x19
                text run at (1,2) width 22: "yes"
