layer at (0,0) size 800x600
  RenderView at (0,0) size 800x600
layer at (0,0) size 800x600
  RenderBlock {HTML} at (0,0) size 800x600
    RenderBody {BODY} at (8,8) size 784x584
      RenderTable {TABLE} at (0,0) size 784x137
        RenderTableSection {TBODY} at (0,0) size 784x137
          RenderTableRow {TR} at (0,0) size 784x74
            RenderTableCell {TD} at (0,0) size 784x74 [r=0 c=0 rs=1 cs=4]
              RenderBR {BR} at (392,1) size 0x18
              RenderInline {FONT} at (0,0) size 728x53
                RenderText {#text} at (28,19) size 728x35
                  text run at (28,19) width 181: "The Supreme Court says "
                  text run at (209,19) width 547: "Wisconsin can continue using tuition vouchers to help poor parents send their"
                  text run at (212,37) width 221: "children to church-run schools. "
                  text run at (433,37) width 139: "What's your stand? "
                RenderBR {BR} at (572,51) size 0x0
                RenderBR {BR} at (392,55) size 0x17
              RenderText {#text} at (0,0) size 0x0
          RenderTableRow {TR} at (0,74) size 784x18
            RenderTableCell {TD} at (0,74) size 539x17 [r=1 c=0 rs=1 cs=1]
              RenderInline {FONT} at (0,0) size 140x15
                RenderText {#text} at (398,1) size 140x15
                  text run at (398,1) width 140: "I agree with the program"
              RenderText {#text} at (0,0) size 0x0
            RenderTableCell {TD} at (539,74) size 80x18 [r=1 c=1 rs=1 cs=1]
              RenderBlock {INPUT} at (6,4) size 13x13
          RenderTableRow {TR} at (0,92) size 784x18
            RenderTableCell {TD} at (0,92) size 539x17 [r=2 c=0 rs=1 cs=1]
              RenderInline {FONT} at (0,0) size 153x15
                RenderText {#text} at (385,1) size 153x15
                  text run at (385,1) width 153: "I think vouchers are wrong"
              RenderText {#text} at (0,0) size 0x0
            RenderTableCell {TD} at (539,92) size 80x18 [r=2 c=1 rs=1 cs=1]
              RenderBlock {INPUT} at (6,4) size 13x13
          RenderTableRow {TR} at (0,110) size 784x27
            RenderTableCell {TD} at (0,115) size 619x17 [r=3 c=0 rs=1 cs=2]
              RenderInline {A} at (0,0) size 77x18 [color=#0000EE]
                RenderInline {FONT} at (0,0) size 77x15
                  RenderText {#text} at (271,1) size 77x15
                    text run at (271,1) width 77: "View Results"
              RenderInline {FONT} at (0,0) size 1x15
                RenderText {#text} at (0,0) size 0x0
            RenderTableCell {TD} at (619,110) size 165x27 [r=3 c=2 rs=1 cs=2]
              RenderButton {INPUT} at (62,3) size 41x21 [bgcolor=#F0F0F0] [border: (2px outset #F0F0F0)]
                RenderBlock (anonymous) at (8,3) size 25x15
                  RenderText at (0,0) size 25x15
                    text run at (0,0) width 25: "vote"
              RenderText {#text} at (0,0) size 0x0
