layer at (0,0) size 800x600
  RenderView at (0,0) size 800x600
layer at (0,0) size 800x600
  RenderBlock {HTML} at (0,0) size 800x600
    RenderBody {BODY} at (8,8) size 784x584
      RenderTable {TABLE} at (0,0) size 428x116 [border: none (1px solid #808080) none (1px solid #808080)]
        RenderBlock {CAPTION} at (0,0) size 428x18
          RenderText {#text} at (16,0) size 396x18
            text run at (16,0) width 396: "Communicator 4.5 Installers for Mac and Windows Platforms"
        RenderTableSection {TBODY} at (1,18) size 426x98
          RenderTableRow {TR} at (0,2) size 426x22
            RenderTableCell {TH} at (2,11) size 122x4 [border: (1px inset #808080)] [r=0 c=0 rs=1 cs=1]
            RenderTableCell {TH} at (126,2) size 112x22 [border: (1px inset #808080)] [r=0 c=1 rs=1 cs=1]
              RenderText {#text} at (2,2) size 108x18
                text run at (2,2) width 108: "Macintosh PPC"
            RenderTableCell {TH} at (240,2) size 88x22 [border: (1px inset #808080)] [r=0 c=2 rs=1 cs=1]
              RenderText {#text} at (2,2) size 84x18
                text run at (2,2) width 84: "Windows 95"
            RenderTableCell {TH} at (330,2) size 94x22 [border: (1px inset #808080)] [r=0 c=3 rs=1 cs=1]
              RenderText {#text} at (2,2) size 90x18
                text run at (2,2) width 90: "Windows NT"
          RenderTableRow {TR} at (0,26) size 426x22
            RenderTableCell {TD} at (2,26) size 122x22 [border: (1px inset #808080)] [r=1 c=0 rs=1 cs=1]
              RenderText {#text} at (2,2) size 76x18
                text run at (2,2) width 76: "Base Install"
            RenderTableCell {TD} at (126,26) size 112x22 [border: (1px inset #808080)] [r=1 c=1 rs=1 cs=1]
              RenderText {#text} at (2,2) size 22x18
                text run at (2,2) width 22: "yes"
            RenderTableCell {TD} at (240,26) size 88x22 [border: (1px inset #808080)] [r=1 c=2 rs=1 cs=1]
              RenderText {#text} at (2,2) size 22x18
                text run at (2,2) width 22: "yes"
            RenderTableCell {TD} at (330,26) size 94x22 [border: (1px inset #808080)] [r=1 c=3 rs=1 cs=1]
              RenderText {#text} at (2,2) size 22x18
                text run at (2,2) width 22: "yes"
          RenderTableRow {TR} at (0,50) size 426x22
            RenderTableCell {TD} at (2,50) size 122x22 [border: (1px inset #808080)] [r=2 c=0 rs=1 cs=1]
              RenderText {#text} at (2,2) size 107x18
                text run at (2,2) width 107: "Complete Install"
            RenderTableCell {TD} at (126,50) size 112x22 [border: (1px inset #808080)] [r=2 c=1 rs=1 cs=1]
              RenderText {#text} at (2,2) size 22x18
                text run at (2,2) width 22: "yes"
            RenderTableCell {TD} at (240,50) size 88x22 [border: (1px inset #808080)] [r=2 c=2 rs=1 cs=1]
              RenderText {#text} at (2,2) size 22x18
                text run at (2,2) width 22: "yes"
            RenderTableCell {TD} at (330,50) size 94x22 [border: (1px inset #808080)] [r=2 c=3 rs=1 cs=1]
              RenderText {#text} at (2,2) size 22x18
                text run at (2,2) width 22: "yes"
          RenderTableRow {TR} at (0,74) size 426x22
            RenderTableCell {TD} at (2,74) size 122x22 [border: (1px inset #808080)] [r=3 c=0 rs=1 cs=1]
              RenderText {#text} at (2,2) size 118x18
                text run at (2,2) width 118: "Pro Edition Install"
            RenderTableCell {TD} at (126,74) size 112x22 [border: (1px inset #808080)] [r=3 c=1 rs=1 cs=1]
              RenderText {#text} at (2,2) size 22x18
                text run at (2,2) width 22: "yes"
            RenderTableCell {TD} at (240,74) size 88x22 [border: (1px inset #808080)] [r=3 c=2 rs=1 cs=1]
              RenderText {#text} at (2,2) size 22x18
                text run at (2,2) width 22: "yes"
            RenderTableCell {TD} at (330,74) size 94x22 [border: (1px inset #808080)] [r=3 c=3 rs=1 cs=1]
              RenderText {#text} at (2,2) size 22x18
                text run at (2,2) width 22: "yes"
