layer at (0,0) size 800x600
  RenderView at (0,0) size 800x600
layer at (0,0) size 800x544
  RenderBlock {HTML} at (0,0) size 800x544
    RenderBody {BODY} at (8,16) size 784x520
      RenderBlock {P} at (0,0) size 784x20
        RenderText {#text} at (0,0) size 124x20
          text run at (0,0) width 124: "Simple text path: "
        RenderInline {SPAN} at (0,0) size 168x20
          RenderText {#text} at (123,0) size 168x20
            text run at (123,0) width 168: "string\x{300C}\x{3042}\x{3001}\x{5909}\x{3063}\x{FF01}\x{300D}\x{3002}"
      RenderBlock (anonymous) at (0,36) size 784x211
        RenderBlock {SPAN} at (0,0) size 20x168
          RenderText {#text} at (0,0) size 20x168
            text run at (0,0) width 168: "string\x{300C}\x{3042}\x{3001}\x{5909}\x{3063}\x{FF01}\x{300D}\x{3002}"
        RenderBR {BR} at (20,151) size 0x20
        RenderInline {SPAN} at (0,0) size 224x20
          RenderText {#text} at (0,171) size 224x20
            text run at (0,171) width 224: "\x{90CA}\x{5916}\x{306E}\x{304E}\x{3089}\x{304E}\x{3089}\x{3072}\x{304B}\x{308B}\x{8349}\x{306E}\x{6CE2}\x{3002}"
        RenderBR {BR} at (224,171) size 0x20
        RenderInline {SPAN} at (0,0) size 330x20
          RenderText {#text} at (0,191) size 330x20
            text run at (0,191) width 330: "ABCDEFGHIJKLM abcdefghijklm 1234567890"
        RenderBR {BR} at (329,191) size 1x20
      RenderBlock {HR} at (0,255) size 784x2 [border: (1px inset #000000)]
      RenderBlock {P} at (0,273) size 784x20
        RenderText {#text} at (0,0) size 138x20
          text run at (0,0) width 138: "Complex text path: "
        RenderInline {SPAN} at (0,0) size 168x20
          RenderText {#text} at (137,0) size 168x20
            text run at (137,0) width 168: "string\x{300C}\x{3042}\x{3001}\x{5909}\x{3063}\x{FF01}\x{300D}\x{3002}"
      RenderBlock (anonymous) at (0,309) size 784x211
        RenderBlock {SPAN} at (0,0) size 20x168
          RenderText {#text} at (0,0) size 20x168
            text run at (0,0) width 168: "string\x{300C}\x{3042}\x{3001}\x{5909}\x{3063}\x{FF01}\x{300D}\x{3002}"
        RenderBR {BR} at (20,151) size 0x20
        RenderInline {SPAN} at (0,0) size 224x20
          RenderText {#text} at (0,171) size 224x20
            text run at (0,171) width 224: "\x{90CA}\x{5916}\x{306E}\x{304E}\x{3089}\x{304E}\x{3089}\x{3072}\x{304B}\x{308B}\x{8349}\x{306E}\x{6CE2}\x{3002}"
        RenderBR {BR} at (224,171) size 0x20
        RenderInline {SPAN} at (0,0) size 330x20
          RenderText {#text} at (0,191) size 330x20
            text run at (0,191) width 330: "ABCDEFGHIJKLM abcdefghijklm 1234567890"
        RenderBR {BR} at (329,191) size 1x20
