layer at (0,0) size 800x600
  RenderView at (0,0) size 800x600
layer at (0,0) size 800x44
  RenderBlock {HTML} at (0,0) size 800x44
    RenderBody {BODY} at (8,8) size 784x20
      RenderMathMLMath {math} at (0,0) size 784x20 [padding: 0 1 0 1]
        RenderMathMLOperator {mo} at (262,1) size 18x18
          RenderMathMLBlock (anonymous, flex) at (0,0) size 16x18
            RenderBlock (anonymous) at (0,0) size 15x18
              RenderText at (0,-4) size 15x24
                text run at (0,-4) width 15: "\x{2211}"
        RenderMathMLOperator {mo} at (279,0) size 9x20
          RenderMathMLBlock (anonymous, flex) at (0,0) size 8x20
            RenderBlock (anonymous) at (0,0) size 8x20
              RenderText at (0,-3) size 8x24
                text run at (0,-3) width 8: "\x{222B}"
        RenderMathMLOperator {mo} at (287,0) size 13x20
          RenderMathMLBlock (anonymous, flex) at (0,0) size 12x20
            RenderBlock (anonymous) at (0,0) size 12x20
              RenderText at (0,-3) size 12x24
                text run at (0,-3) width 12: "\x{222C}"
        RenderMathMLOperator {mo} at (299,0) size 17x20
          RenderMathMLBlock (anonymous, flex) at (0,0) size 16x20
            RenderBlock (anonymous) at (0,0) size 16x20
              RenderText at (0,-3) size 16x24
                text run at (0,-3) width 16: "\x{222D}"
        RenderMathMLOperator {mo} at (315,0) size 21x20
          RenderMathMLBlock (anonymous, flex) at (0,0) size 19x20
            RenderBlock (anonymous) at (0,0) size 19x20
              RenderText at (0,-3) size 19x24
                text run at (0,-3) width 19: "\x{2A0C}"
        RenderMathMLOperator {mo} at (335,1) size 22x18
          RenderMathMLBlock (anonymous, flex) at (0,0) size 19x18
            RenderBlock (anonymous) at (0,0) size 19x18
              RenderText at (0,-4) size 19x24
                text run at (0,-4) width 19: "\x{2A01}"
        RenderMathMLOperator {mo} at (356,0) size 9x20
          RenderMathMLBlock (anonymous, flex) at (0,0) size 8x20
            RenderBlock (anonymous) at (0,0) size 8x20
              RenderText at (0,-3) size 8x24
                text run at (0,-3) width 8: "\x{222E}"
        RenderMathMLOperator {mo} at (364,0) size 14x20
          RenderMathMLBlock (anonymous, flex) at (0,0) size 12x20
            RenderBlock (anonymous) at (0,0) size 12x20
              RenderText at (0,-3) size 12x24
                text run at (0,-3) width 12: "\x{222F}"
        RenderMathMLOperator {mo} at (377,0) size 18x20
          RenderMathMLBlock (anonymous, flex) at (0,0) size 16x20
            RenderBlock (anonymous) at (0,0) size 16x20
              RenderText at (0,-3) size 16x24
                text run at (0,-3) width 16: "\x{2230}"
        RenderMathMLOperator {mo} at (394,1) size 18x18
          RenderMathMLBlock (anonymous, flex) at (0,0) size 16x18
            RenderBlock (anonymous) at (0,0) size 15x18
              RenderText at (0,-4) size 15x24
                text run at (0,-4) width 15: "\x{22C3}"
        RenderMathMLOperator {mo} at (411,1) size 19x18
          RenderMathMLBlock (anonymous, flex) at (0,0) size 16x18
            RenderBlock (anonymous) at (0,0) size 15x18
              RenderText at (0,-4) size 15x24
                text run at (0,-4) width 15: "\x{22C0}"
        RenderMathMLOperator {mo} at (429,1) size 18x18
          RenderMathMLBlock (anonymous, flex) at (0,0) size 16x18
            RenderBlock (anonymous) at (0,0) size 15x18
              RenderText at (0,-4) size 15x24
                text run at (0,-4) width 15: "\x{22C1}"
        RenderMathMLOperator {mo} at (446,1) size 18x18
          RenderMathMLBlock (anonymous, flex) at (0,0) size 16x18
            RenderBlock (anonymous) at (0,0) size 15x18
              RenderText at (0,-4) size 15x24
                text run at (0,-4) width 15: "\x{22C2}"
        RenderMathMLOperator {mo} at (463,1) size 22x18
          RenderMathMLBlock (anonymous, flex) at (0,0) size 19x18
            RenderBlock (anonymous) at (0,0) size 19x18
              RenderText at (0,-4) size 19x24
                text run at (0,-4) width 19: "\x{2A02}"
        RenderMathMLOperator {mo} at (484,1) size 20x18
          RenderMathMLBlock (anonymous, flex) at (0,0) size 17x18
            RenderBlock (anonymous) at (0,0) size 16x18
              RenderText at (0,-4) size 16x24
                text run at (0,-4) width 16: "\x{220F}"
        RenderMathMLOperator {mo} at (503,1) size 19x18
          RenderMathMLBlock (anonymous, flex) at (0,0) size 17x18
            RenderBlock (anonymous) at (0,0) size 16x18
              RenderText at (0,-4) size 16x24
                text run at (0,-4) width 16: "\x{2210}"
