layer at (0,0) size 800x600
  RenderView at (0,0) size 800x600
layer at (0,0) size 800x354
  RenderBlock {HTML} at (0,0) size 800x354
    RenderBody {BODY} at (8,16) size 784x322
      RenderBlock {P} at (0,0) size 784x18
        RenderMathMLMath {math} at (0,2) size 117x16 [padding: 0 1 0 1]
          RenderMathMLOperator {mo} at (1,1) size 8x14
            RenderMathMLBlock (anonymous, flex) at (0,0) size 8x14
              RenderBlock (anonymous) at (0,0) size 6x14
                RenderText at (0,-6) size 6x24
                  text run at (0,-6) width 6: "["
          RenderMathMLOperator {mo} at (8,1) size 8x14
            RenderMathMLBlock (anonymous, flex) at (0,0) size 8x14
              RenderBlock (anonymous) at (0,0) size 6x14
                RenderText at (0,-6) size 6x24
                  text run at (0,-6) width 6: "]"
          RenderMathMLOperator {mo} at (15,1) size 11x14
            RenderMathMLBlock (anonymous, flex) at (0,0) size 11x14
              RenderBlock (anonymous) at (0,0) size 8x14
                RenderText at (0,-6) size 8x24
                  text run at (0,-6) width 8: "{"
          RenderMathMLOperator {mo} at (25,1) size 11x14
            RenderMathMLBlock (anonymous, flex) at (0,0) size 11x14
              RenderBlock (anonymous) at (0,0) size 8x14
                RenderText at (0,-6) size 8x24
                  text run at (0,-6) width 8: "}"
          RenderMathMLOperator {mo} at (35,1) size 9x14
            RenderMathMLBlock (anonymous, flex) at (0,0) size 8x14
              RenderBlock (anonymous) at (0,0) size 6x14
                RenderText at (0,-6) size 6x24
                  text run at (0,-6) width 6: "("
          RenderMathMLOperator {mo} at (43,1) size 8x14
            RenderMathMLBlock (anonymous, flex) at (0,0) size 8x14
              RenderBlock (anonymous) at (0,0) size 6x14
                RenderText at (0,-6) size 6x24
                  text run at (0,-6) width 6: ")"
          RenderMathMLOperator {mo} at (50,1) size 7x12
            RenderMathMLBlock (anonymous, flex) at (1,0) size 4x12
              RenderBlock (anonymous) at (0,0) size 4x12
                RenderText at (0,-6) size 4x24
                  text run at (0,-6) width 4: "|"
          RenderMathMLOperator {mo} at (56,0) size 9x16
            RenderMathMLBlock (anonymous, flex) at (0,0) size 8x16
              RenderBlock (anonymous) at (0,0) size 8x16
                RenderText at (0,-5) size 8x24
                  text run at (0,-5) width 8: "\x{2308}"
          RenderMathMLOperator {mo} at (64,0) size 8x16
            RenderMathMLBlock (anonymous, flex) at (0,0) size 8x16
              RenderBlock (anonymous) at (0,0) size 8x16
                RenderText at (0,-5) size 8x24
                  text run at (0,-5) width 8: "\x{2309}"
          RenderMathMLOperator {mo} at (71,0) size 9x16
            RenderMathMLBlock (anonymous, flex) at (0,0) size 8x16
              RenderBlock (anonymous) at (0,0) size 8x16
                RenderText at (0,-5) size 8x24
                  text run at (0,-5) width 8: "\x{230A}"
          RenderMathMLOperator {mo} at (79,0) size 8x16
            RenderMathMLBlock (anonymous, flex) at (0,0) size 8x16
              RenderBlock (anonymous) at (0,0) size 8x16
                RenderText at (0,-5) size 8x24
                  text run at (0,-5) width 8: "\x{230B}"
          RenderMathMLOperator {mo} at (86,0) size 9x16
            RenderMathMLBlock (anonymous, flex) at (0,0) size 9x16
              RenderBlock (anonymous) at (0,0) size 9x16
                RenderText at (0,-5) size 9x24
                  text run at (0,-5) width 9: "\x{27E6}"
          RenderMathMLOperator {mo} at (95,0) size 9x16
            RenderMathMLBlock (anonymous, flex) at (0,0) size 9x16
              RenderBlock (anonymous) at (0,0) size 9x16
                RenderText at (0,-5) size 9x24
                  text run at (0,-5) width 9: "\x{27E7}"
          RenderMathMLOperator {mo} at (103,0) size 7x16
            RenderMathMLBlock (anonymous, flex) at (0,0) size 7x16
              RenderBlock (anonymous) at (0,0) size 7x16
                RenderText at (0,-5) size 7x24
                  text run at (0,-5) width 7: "\x{27E8}"
          RenderMathMLOperator {mo} at (109,0) size 7x16
            RenderMathMLBlock (anonymous, flex) at (0,0) size 7x16
              RenderBlock (anonymous) at (0,0) size 7x16
                RenderText at (0,-5) size 7x24
                  text run at (0,-5) width 7: "\x{27E9}"
          RenderMathMLSpace {mspace} at (115,4) size 0x8
        RenderText {#text} at (0,0) size 0x0
      RenderBlock {P} at (0,34) size 784x24
        RenderMathMLMath {math} at (0,0) size 117x25 [padding: 0 1 0 1]
          RenderMathMLOperator {mo} at (1,5) size 8x14
            RenderMathMLBlock (anonymous, flex) at (0,0) size 8x14
              RenderBlock (anonymous) at (0,0) size 6x14
                RenderText at (0,-6) size 6x24
                  text run at (0,-6) width 6: "["
          RenderMathMLOperator {mo} at (8,5) size 8x14
            RenderMathMLBlock (anonymous, flex) at (0,0) size 8x14
              RenderBlock (anonymous) at (0,0) size 6x14
                RenderText at (0,-6) size 6x24
                  text run at (0,-6) width 6: "]"
          RenderMathMLOperator {mo} at (15,5) size 11x14
            RenderMathMLBlock (anonymous, flex) at (0,0) size 11x14
              RenderBlock (anonymous) at (0,0) size 8x14
                RenderText at (0,-6) size 8x24
                  text run at (0,-6) width 8: "{"
          RenderMathMLOperator {mo} at (25,5) size 11x14
            RenderMathMLBlock (anonymous, flex) at (0,0) size 11x14
              RenderBlock (anonymous) at (0,0) size 8x14
                RenderText at (0,-6) size 8x24
                  text run at (0,-6) width 8: "}"
          RenderMathMLOperator {mo} at (35,5) size 9x14
            RenderMathMLBlock (anonymous, flex) at (0,0) size 8x14
              RenderBlock (anonymous) at (0,0) size 6x14
                RenderText at (0,-6) size 6x24
                  text run at (0,-6) width 6: "("
          RenderMathMLOperator {mo} at (43,5) size 8x14
            RenderMathMLBlock (anonymous, flex) at (0,0) size 8x14
              RenderBlock (anonymous) at (0,0) size 6x14
                RenderText at (0,-6) size 6x24
                  text run at (0,-6) width 6: ")"
          RenderMathMLOperator {mo} at (50,0) size 7x25
            RenderMathMLBlock (anonymous, flex) at (1,0) size 4x12
              RenderBlock (anonymous) at (0,0) size 4x12
                RenderText at (0,-6) size 4x24
                  text run at (0,-6) width 4: "|"
          RenderMathMLOperator {mo} at (56,4) size 9x16
            RenderMathMLBlock (anonymous, flex) at (0,0) size 8x16
              RenderBlock (anonymous) at (0,0) size 8x16
                RenderText at (0,-5) size 8x24
                  text run at (0,-5) width 8: "\x{2308}"
          RenderMathMLOperator {mo} at (64,4) size 8x16
            RenderMathMLBlock (anonymous, flex) at (0,0) size 8x16
              RenderBlock (anonymous) at (0,0) size 8x16
                RenderText at (0,-5) size 8x24
                  text run at (0,-5) width 8: "\x{2309}"
          RenderMathMLOperator {mo} at (71,4) size 9x16
            RenderMathMLBlock (anonymous, flex) at (0,0) size 8x16
              RenderBlock (anonymous) at (0,0) size 8x16
                RenderText at (0,-5) size 8x24
                  text run at (0,-5) width 8: "\x{230A}"
          RenderMathMLOperator {mo} at (79,4) size 8x16
            RenderMathMLBlock (anonymous, flex) at (0,0) size 8x16
              RenderBlock (anonymous) at (0,0) size 8x16
                RenderText at (0,-5) size 8x24
                  text run at (0,-5) width 8: "\x{230B}"
          RenderMathMLOperator {mo} at (86,4) size 9x16
            RenderMathMLBlock (anonymous, flex) at (0,0) size 9x16
              RenderBlock (anonymous) at (0,0) size 9x16
                RenderText at (0,-5) size 9x24
                  text run at (0,-5) width 9: "\x{27E6}"
          RenderMathMLOperator {mo} at (95,4) size 9x16
            RenderMathMLBlock (anonymous, flex) at (0,0) size 9x16
              RenderBlock (anonymous) at (0,0) size 9x16
                RenderText at (0,-5) size 9x24
                  text run at (0,-5) width 9: "\x{27E7}"
          RenderMathMLOperator {mo} at (103,4) size 7x16
            RenderMathMLBlock (anonymous, flex) at (0,0) size 7x16
              RenderBlock (anonymous) at (0,0) size 7x16
                RenderText at (0,-5) size 7x24
                  text run at (0,-5) width 7: "\x{27E8}"
          RenderMathMLOperator {mo} at (109,4) size 7x16
            RenderMathMLBlock (anonymous, flex) at (0,0) size 7x16
              RenderBlock (anonymous) at (0,0) size 7x16
                RenderText at (0,-5) size 7x24
                  text run at (0,-5) width 7: "\x{27E9}"
          RenderMathMLSpace {mspace} at (115,0) size 0x16
        RenderText {#text} at (116,2) size 5x18
          text run at (116,2) width 5: " "
        RenderMathMLMath {math} at (120,0) size 216x20 [padding: 0 1 0 1]
          RenderMathMLOperator {mo} at (1,5) size 18x14
            RenderMathMLBlock (anonymous, flex) at (4,0) size 9x14
              RenderBlock (anonymous) at (0,0) size 9x14
                RenderText at (0,-6) size 9x24
                  text run at (0,-6) width 9: "\x{2191}"
          RenderMathMLOperator {mo} at (18,5) size 18x14
            RenderMathMLBlock (anonymous, flex) at (4,0) size 9x14
              RenderBlock (anonymous) at (0,0) size 9x14
                RenderText at (0,-6) size 9x24
                  text run at (0,-6) width 9: "\x{2193}"
          RenderMathMLOperator {mo} at (35,4) size 18x16
            RenderMathMLBlock (anonymous, flex) at (4,0) size 9x16
              RenderBlock (anonymous) at (0,0) size 9x16
                RenderText at (0,-5) size 9x24
                  text run at (0,-5) width 9: "\x{2195}"
          RenderMathMLOperator {mo} at (52,5) size 18x14
            RenderMathMLBlock (anonymous, flex) at (4,0) size 9x14
              RenderBlock (anonymous) at (0,0) size 9x14
                RenderText at (0,-6) size 9x24
                  text run at (0,-6) width 9: "\x{21A5}"
          RenderMathMLOperator {mo} at (69,5) size 18x14
            RenderMathMLBlock (anonymous, flex) at (4,0) size 9x14
              RenderBlock (anonymous) at (0,0) size 9x14
                RenderText at (0,-6) size 9x24
                  text run at (0,-6) width 9: "\x{21A7}"
          RenderMathMLOperator {mo} at (86,5) size 18x14
            RenderMathMLBlock (anonymous, flex) at (4,0) size 9x14
              RenderBlock (anonymous) at (0,0) size 9x14
                RenderText at (0,-6) size 9x24
                  text run at (0,-6) width 9: "\x{21BE}"
          RenderMathMLOperator {mo} at (103,5) size 18x14
            RenderMathMLBlock (anonymous, flex) at (4,0) size 9x14
              RenderBlock (anonymous) at (0,0) size 9x14
                RenderText at (0,-6) size 9x24
                  text run at (0,-6) width 9: "\x{21C2}"
          RenderMathMLOperator {mo} at (120,5) size 18x14
            RenderMathMLBlock (anonymous, flex) at (4,0) size 9x14
              RenderBlock (anonymous) at (0,0) size 9x14
                RenderText at (0,-6) size 9x24
                  text run at (0,-6) width 9: "\x{21BF}"
          RenderMathMLOperator {mo} at (137,5) size 18x14
            RenderMathMLBlock (anonymous, flex) at (4,0) size 9x14
              RenderBlock (anonymous) at (0,0) size 9x14
                RenderText at (0,-6) size 9x24
                  text run at (0,-6) width 9: "\x{21C3}"
          RenderMathMLOperator {mo} at (154,5) size 21x14
            RenderMathMLBlock (anonymous, flex) at (4,0) size 12x14
              RenderBlock (anonymous) at (0,0) size 11x14
                RenderText at (0,-6) size 11x24
                  text run at (0,-6) width 11: "\x{21D1}"
          RenderMathMLOperator {mo} at (174,5) size 21x14
            RenderMathMLBlock (anonymous, flex) at (4,0) size 12x14
              RenderBlock (anonymous) at (0,0) size 11x14
                RenderText at (0,-6) size 11x24
                  text run at (0,-6) width 11: "\x{21D3}"
          RenderMathMLOperator {mo} at (194,4) size 20x16
            RenderMathMLBlock (anonymous, flex) at (4,0) size 12x16
              RenderBlock (anonymous) at (0,0) size 11x16
                RenderText at (0,-5) size 11x24
                  text run at (0,-5) width 11: "\x{21D5}"
          RenderMathMLSpace {mspace} at (213,0) size 0x16
        RenderText {#text} at (0,0) size 0x0
      RenderBlock {P} at (0,74) size 784x40
        RenderMathMLMath {math} at (0,0) size 117x41 [padding: 0 1 0 1]
          RenderMathMLOperator {mo} at (1,0) size 8x41
            RenderMathMLBlock (anonymous, flex) at (0,0) size 8x14
              RenderBlock (anonymous) at (0,0) size 6x14
                RenderText at (0,-6) size 6x24
                  text run at (0,-6) width 6: "["
          RenderMathMLOperator {mo} at (8,0) size 8x41
            RenderMathMLBlock (anonymous, flex) at (0,0) size 8x14
              RenderBlock (anonymous) at (0,0) size 6x14
                RenderText at (0,-6) size 6x24
                  text run at (0,-6) width 6: "]"
          RenderMathMLOperator {mo} at (15,13) size 11x14
            RenderMathMLBlock (anonymous, flex) at (0,0) size 11x14
              RenderBlock (anonymous) at (0,0) size 8x14
                RenderText at (0,-6) size 8x24
                  text run at (0,-6) width 8: "{"
          RenderMathMLOperator {mo} at (25,13) size 11x14
            RenderMathMLBlock (anonymous, flex) at (0,0) size 11x14
              RenderBlock (anonymous) at (0,0) size 8x14
                RenderText at (0,-6) size 8x24
                  text run at (0,-6) width 8: "}"
          RenderMathMLOperator {mo} at (35,0) size 9x41
            RenderMathMLBlock (anonymous, flex) at (0,0) size 8x14
              RenderBlock (anonymous) at (0,0) size 6x14
                RenderText at (0,-6) size 6x24
                  text run at (0,-6) width 6: "("
          RenderMathMLOperator {mo} at (43,0) size 8x41
            RenderMathMLBlock (anonymous, flex) at (0,0) size 8x14
              RenderBlock (anonymous) at (0,0) size 6x14
                RenderText at (0,-6) size 6x24
                  text run at (0,-6) width 6: ")"
          RenderMathMLOperator {mo} at (50,0) size 7x41
            RenderMathMLBlock (anonymous, flex) at (1,0) size 4x12
              RenderBlock (anonymous) at (0,0) size 4x12
                RenderText at (0,-6) size 4x24
                  text run at (0,-6) width 4: "|"
          RenderMathMLOperator {mo} at (56,0) size 9x41
            RenderMathMLBlock (anonymous, flex) at (0,0) size 8x16
              RenderBlock (anonymous) at (0,0) size 8x16
                RenderText at (0,-5) size 8x24
                  text run at (0,-5) width 8: "\x{2308}"
          RenderMathMLOperator {mo} at (64,0) size 8x41
            RenderMathMLBlock (anonymous, flex) at (0,0) size 8x16
              RenderBlock (anonymous) at (0,0) size 8x16
                RenderText at (0,-5) size 8x24
                  text run at (0,-5) width 8: "\x{2309}"
          RenderMathMLOperator {mo} at (71,0) size 9x41
            RenderMathMLBlock (anonymous, flex) at (0,0) size 8x16
              RenderBlock (anonymous) at (0,0) size 8x16
                RenderText at (0,-5) size 8x24
                  text run at (0,-5) width 8: "\x{230A}"
          RenderMathMLOperator {mo} at (79,0) size 8x41
            RenderMathMLBlock (anonymous, flex) at (0,0) size 8x16
              RenderBlock (anonymous) at (0,0) size 8x16
                RenderText at (0,-5) size 8x24
                  text run at (0,-5) width 8: "\x{230B}"
          RenderMathMLOperator {mo} at (86,12) size 9x16
            RenderMathMLBlock (anonymous, flex) at (0,0) size 9x16
              RenderBlock (anonymous) at (0,0) size 9x16
                RenderText at (0,-5) size 9x24
                  text run at (0,-5) width 9: "\x{27E6}"
          RenderMathMLOperator {mo} at (95,12) size 9x16
            RenderMathMLBlock (anonymous, flex) at (0,0) size 9x16
              RenderBlock (anonymous) at (0,0) size 9x16
                RenderText at (0,-5) size 9x24
                  text run at (0,-5) width 9: "\x{27E7}"
          RenderMathMLOperator {mo} at (103,12) size 7x16
            RenderMathMLBlock (anonymous, flex) at (0,0) size 7x16
              RenderBlock (anonymous) at (0,0) size 7x16
                RenderText at (0,-5) size 7x24
                  text run at (0,-5) width 7: "\x{27E8}"
          RenderMathMLOperator {mo} at (109,12) size 7x16
            RenderMathMLBlock (anonymous, flex) at (0,0) size 7x16
              RenderBlock (anonymous) at (0,0) size 7x16
                RenderText at (0,-5) size 7x24
                  text run at (0,-5) width 7: "\x{27E9}"
          RenderMathMLSpace {mspace} at (115,0) size 0x24
        RenderText {#text} at (0,0) size 0x0
      RenderBlock {P} at (0,130) size 784x56
        RenderMathMLMath {math} at (0,0) size 117x57 [padding: 0 1 0 1]
          RenderMathMLOperator {mo} at (1,0) size 8x57
            RenderMathMLBlock (anonymous, flex) at (0,0) size 8x14
              RenderBlock (anonymous) at (0,0) size 6x14
                RenderText at (0,-6) size 6x24
                  text run at (0,-6) width 6: "["
          RenderMathMLOperator {mo} at (8,0) size 8x57
            RenderMathMLBlock (anonymous, flex) at (0,0) size 8x14
              RenderBlock (anonymous) at (0,0) size 6x14
                RenderText at (0,-6) size 6x24
                  text run at (0,-6) width 6: "]"
          RenderMathMLOperator {mo} at (15,0) size 11x57
            RenderMathMLBlock (anonymous, flex) at (0,0) size 11x14
              RenderBlock (anonymous) at (0,0) size 8x14
                RenderText at (0,-6) size 8x24
                  text run at (0,-6) width 8: "{"
          RenderMathMLOperator {mo} at (25,0) size 11x57
            RenderMathMLBlock (anonymous, flex) at (0,0) size 11x14
              RenderBlock (anonymous) at (0,0) size 8x14
                RenderText at (0,-6) size 8x24
                  text run at (0,-6) width 8: "}"
          RenderMathMLOperator {mo} at (35,0) size 9x57
            RenderMathMLBlock (anonymous, flex) at (0,0) size 8x14
              RenderBlock (anonymous) at (0,0) size 6x14
                RenderText at (0,-6) size 6x24
                  text run at (0,-6) width 6: "("
          RenderMathMLOperator {mo} at (43,0) size 8x57
            RenderMathMLBlock (anonymous, flex) at (0,0) size 8x14
              RenderBlock (anonymous) at (0,0) size 6x14
                RenderText at (0,-6) size 6x24
                  text run at (0,-6) width 6: ")"
          RenderMathMLOperator {mo} at (50,0) size 7x57
            RenderMathMLBlock (anonymous, flex) at (1,0) size 4x12
              RenderBlock (anonymous) at (0,0) size 4x12
                RenderText at (0,-6) size 4x24
                  text run at (0,-6) width 4: "|"
          RenderMathMLOperator {mo} at (56,0) size 9x57
            RenderMathMLBlock (anonymous, flex) at (0,0) size 8x16
              RenderBlock (anonymous) at (0,0) size 8x16
                RenderText at (0,-5) size 8x24
                  text run at (0,-5) width 8: "\x{2308}"
          RenderMathMLOperator {mo} at (64,0) size 8x57
            RenderMathMLBlock (anonymous, flex) at (0,0) size 8x16
              RenderBlock (anonymous) at (0,0) size 8x16
                RenderText at (0,-5) size 8x24
                  text run at (0,-5) width 8: "\x{2309}"
          RenderMathMLOperator {mo} at (71,0) size 9x57
            RenderMathMLBlock (anonymous, flex) at (0,0) size 8x16
              RenderBlock (anonymous) at (0,0) size 8x16
                RenderText at (0,-5) size 8x24
                  text run at (0,-5) width 8: "\x{230A}"
          RenderMathMLOperator {mo} at (79,0) size 8x57
            RenderMathMLBlock (anonymous, flex) at (0,0) size 8x16
              RenderBlock (anonymous) at (0,0) size 8x16
                RenderText at (0,-5) size 8x24
                  text run at (0,-5) width 8: "\x{230B}"
          RenderMathMLOperator {mo} at (86,20) size 9x16
            RenderMathMLBlock (anonymous, flex) at (0,0) size 9x16
              RenderBlock (anonymous) at (0,0) size 9x16
                RenderText at (0,-5) size 9x24
                  text run at (0,-5) width 9: "\x{27E6}"
          RenderMathMLOperator {mo} at (95,20) size 9x16
            RenderMathMLBlock (anonymous, flex) at (0,0) size 9x16
              RenderBlock (anonymous) at (0,0) size 9x16
                RenderText at (0,-5) size 9x24
                  text run at (0,-5) width 9: "\x{27E7}"
          RenderMathMLOperator {mo} at (103,20) size 7x16
            RenderMathMLBlock (anonymous, flex) at (0,0) size 7x16
              RenderBlock (anonymous) at (0,0) size 7x16
                RenderText at (0,-5) size 7x24
                  text run at (0,-5) width 7: "\x{27E8}"
          RenderMathMLOperator {mo} at (109,20) size 7x16
            RenderMathMLBlock (anonymous, flex) at (0,0) size 7x16
              RenderBlock (anonymous) at (0,0) size 7x16
                RenderText at (0,-5) size 7x24
                  text run at (0,-5) width 7: "\x{27E9}"
          RenderMathMLSpace {mspace} at (115,0) size 0x32
        RenderText {#text} at (116,18) size 5x18
          text run at (116,18) width 5: " "
        RenderMathMLMath {math} at (120,0) size 216x36 [padding: 0 1 0 1]
          RenderMathMLOperator {mo} at (1,21) size 18x14
            RenderMathMLBlock (anonymous, flex) at (4,0) size 9x14
              RenderBlock (anonymous) at (0,0) size 9x14
                RenderText at (0,-6) size 9x24
                  text run at (0,-6) width 9: "\x{2191}"
          RenderMathMLOperator {mo} at (18,21) size 18x14
            RenderMathMLBlock (anonymous, flex) at (4,0) size 9x14
              RenderBlock (anonymous) at (0,0) size 9x14
                RenderText at (0,-6) size 9x24
                  text run at (0,-6) width 9: "\x{2193}"
          RenderMathMLOperator {mo} at (35,20) size 18x16
            RenderMathMLBlock (anonymous, flex) at (4,0) size 9x16
              RenderBlock (anonymous) at (0,0) size 9x16
                RenderText at (0,-5) size 9x24
                  text run at (0,-5) width 9: "\x{2195}"
          RenderMathMLOperator {mo} at (52,21) size 18x14
            RenderMathMLBlock (anonymous, flex) at (4,0) size 9x14
              RenderBlock (anonymous) at (0,0) size 9x14
                RenderText at (0,-6) size 9x24
                  text run at (0,-6) width 9: "\x{21A5}"
          RenderMathMLOperator {mo} at (69,21) size 18x14
            RenderMathMLBlock (anonymous, flex) at (4,0) size 9x14
              RenderBlock (anonymous) at (0,0) size 9x14
                RenderText at (0,-6) size 9x24
                  text run at (0,-6) width 9: "\x{21A7}"
          RenderMathMLOperator {mo} at (86,21) size 18x14
            RenderMathMLBlock (anonymous, flex) at (4,0) size 9x14
              RenderBlock (anonymous) at (0,0) size 9x14
                RenderText at (0,-6) size 9x24
                  text run at (0,-6) width 9: "\x{21BE}"
          RenderMathMLOperator {mo} at (103,21) size 18x14
            RenderMathMLBlock (anonymous, flex) at (4,0) size 9x14
              RenderBlock (anonymous) at (0,0) size 9x14
                RenderText at (0,-6) size 9x24
                  text run at (0,-6) width 9: "\x{21C2}"
          RenderMathMLOperator {mo} at (120,21) size 18x14
            RenderMathMLBlock (anonymous, flex) at (4,0) size 9x14
              RenderBlock (anonymous) at (0,0) size 9x14
                RenderText at (0,-6) size 9x24
                  text run at (0,-6) width 9: "\x{21BF}"
          RenderMathMLOperator {mo} at (137,21) size 18x14
            RenderMathMLBlock (anonymous, flex) at (4,0) size 9x14
              RenderBlock (anonymous) at (0,0) size 9x14
                RenderText at (0,-6) size 9x24
                  text run at (0,-6) width 9: "\x{21C3}"
          RenderMathMLOperator {mo} at (154,21) size 21x14
            RenderMathMLBlock (anonymous, flex) at (4,0) size 12x14
              RenderBlock (anonymous) at (0,0) size 11x14
                RenderText at (0,-6) size 11x24
                  text run at (0,-6) width 11: "\x{21D1}"
          RenderMathMLOperator {mo} at (174,21) size 21x14
            RenderMathMLBlock (anonymous, flex) at (4,0) size 12x14
              RenderBlock (anonymous) at (0,0) size 11x14
                RenderText at (0,-6) size 11x24
                  text run at (0,-6) width 11: "\x{21D3}"
          RenderMathMLOperator {mo} at (194,20) size 20x16
            RenderMathMLBlock (anonymous, flex) at (4,0) size 12x16
              RenderBlock (anonymous) at (0,0) size 11x16
                RenderText at (0,-5) size 11x24
                  text run at (0,-5) width 11: "\x{21D5}"
          RenderMathMLSpace {mspace} at (213,0) size 0x32
        RenderText {#text} at (0,0) size 0x0
      RenderBlock {P} at (0,202) size 784x120
        RenderMathMLMath {math} at (0,0) size 117x121 [padding: 0 1 0 1]
          RenderMathMLOperator {mo} at (1,0) size 8x121
            RenderMathMLBlock (anonymous, flex) at (0,0) size 8x14
              RenderBlock (anonymous) at (0,0) size 6x14
                RenderText at (0,-6) size 6x24
                  text run at (0,-6) width 6: "["
          RenderMathMLOperator {mo} at (8,0) size 8x121
            RenderMathMLBlock (anonymous, flex) at (0,0) size 8x14
              RenderBlock (anonymous) at (0,0) size 6x14
                RenderText at (0,-6) size 6x24
                  text run at (0,-6) width 6: "]"
          RenderMathMLOperator {mo} at (15,0) size 11x121
            RenderMathMLBlock (anonymous, flex) at (0,0) size 11x14
              RenderBlock (anonymous) at (0,0) size 8x14
                RenderText at (0,-6) size 8x24
                  text run at (0,-6) width 8: "{"
          RenderMathMLOperator {mo} at (25,0) size 11x121
            RenderMathMLBlock (anonymous, flex) at (0,0) size 11x14
              RenderBlock (anonymous) at (0,0) size 8x14
                RenderText at (0,-6) size 8x24
                  text run at (0,-6) width 8: "}"
          RenderMathMLOperator {mo} at (35,0) size 9x121
            RenderMathMLBlock (anonymous, flex) at (0,0) size 8x14
              RenderBlock (anonymous) at (0,0) size 6x14
                RenderText at (0,-6) size 6x24
                  text run at (0,-6) width 6: "("
          RenderMathMLOperator {mo} at (43,0) size 8x121
            RenderMathMLBlock (anonymous, flex) at (0,0) size 8x14
              RenderBlock (anonymous) at (0,0) size 6x14
                RenderText at (0,-6) size 6x24
                  text run at (0,-6) width 6: ")"
          RenderMathMLOperator {mo} at (50,0) size 7x121
            RenderMathMLBlock (anonymous, flex) at (1,0) size 4x12
              RenderBlock (anonymous) at (0,0) size 4x12
                RenderText at (0,-6) size 4x24
                  text run at (0,-6) width 4: "|"
          RenderMathMLOperator {mo} at (56,0) size 9x121
            RenderMathMLBlock (anonymous, flex) at (0,0) size 8x16
              RenderBlock (anonymous) at (0,0) size 8x16
                RenderText at (0,-5) size 8x24
                  text run at (0,-5) width 8: "\x{2308}"
          RenderMathMLOperator {mo} at (64,0) size 8x121
            RenderMathMLBlock (anonymous, flex) at (0,0) size 8x16
              RenderBlock (anonymous) at (0,0) size 8x16
                RenderText at (0,-5) size 8x24
                  text run at (0,-5) width 8: "\x{2309}"
          RenderMathMLOperator {mo} at (71,0) size 9x121
            RenderMathMLBlock (anonymous, flex) at (0,0) size 8x16
              RenderBlock (anonymous) at (0,0) size 8x16
                RenderText at (0,-5) size 8x24
                  text run at (0,-5) width 8: "\x{230A}"
          RenderMathMLOperator {mo} at (79,0) size 8x121
            RenderMathMLBlock (anonymous, flex) at (0,0) size 8x16
              RenderBlock (anonymous) at (0,0) size 8x16
                RenderText at (0,-5) size 8x24
                  text run at (0,-5) width 8: "\x{230B}"
          RenderMathMLOperator {mo} at (86,52) size 9x16
            RenderMathMLBlock (anonymous, flex) at (0,0) size 9x16
              RenderBlock (anonymous) at (0,0) size 9x16
                RenderText at (0,-5) size 9x24
                  text run at (0,-5) width 9: "\x{27E6}"
          RenderMathMLOperator {mo} at (95,52) size 9x16
            RenderMathMLBlock (anonymous, flex) at (0,0) size 9x16
              RenderBlock (anonymous) at (0,0) size 9x16
                RenderText at (0,-5) size 9x24
                  text run at (0,-5) width 9: "\x{27E7}"
          RenderMathMLOperator {mo} at (103,52) size 7x16
            RenderMathMLBlock (anonymous, flex) at (0,0) size 7x16
              RenderBlock (anonymous) at (0,0) size 7x16
                RenderText at (0,-5) size 7x24
                  text run at (0,-5) width 7: "\x{27E8}"
          RenderMathMLOperator {mo} at (109,52) size 7x16
            RenderMathMLBlock (anonymous, flex) at (0,0) size 7x16
              RenderBlock (anonymous) at (0,0) size 7x16
                RenderText at (0,-5) size 7x24
                  text run at (0,-5) width 7: "\x{27E9}"
          RenderMathMLSpace {mspace} at (115,0) size 0x64
        RenderText {#text} at (116,50) size 5x18
          text run at (116,50) width 5: " "
        RenderMathMLMath {math} at (120,0) size 216x68 [padding: 0 1 0 1]
          RenderMathMLOperator {mo} at (1,53) size 18x14
            RenderMathMLBlock (anonymous, flex) at (4,0) size 9x14
              RenderBlock (anonymous) at (0,0) size 9x14
                RenderText at (0,-6) size 9x24
                  text run at (0,-6) width 9: "\x{2191}"
          RenderMathMLOperator {mo} at (18,53) size 18x14
            RenderMathMLBlock (anonymous, flex) at (4,0) size 9x14
              RenderBlock (anonymous) at (0,0) size 9x14
                RenderText at (0,-6) size 9x24
                  text run at (0,-6) width 9: "\x{2193}"
          RenderMathMLOperator {mo} at (35,52) size 18x16
            RenderMathMLBlock (anonymous, flex) at (4,0) size 9x16
              RenderBlock (anonymous) at (0,0) size 9x16
                RenderText at (0,-5) size 9x24
                  text run at (0,-5) width 9: "\x{2195}"
          RenderMathMLOperator {mo} at (52,53) size 18x14
            RenderMathMLBlock (anonymous, flex) at (4,0) size 9x14
              RenderBlock (anonymous) at (0,0) size 9x14
                RenderText at (0,-6) size 9x24
                  text run at (0,-6) width 9: "\x{21A5}"
          RenderMathMLOperator {mo} at (69,53) size 18x14
            RenderMathMLBlock (anonymous, flex) at (4,0) size 9x14
              RenderBlock (anonymous) at (0,0) size 9x14
                RenderText at (0,-6) size 9x24
                  text run at (0,-6) width 9: "\x{21A7}"
          RenderMathMLOperator {mo} at (86,53) size 18x14
            RenderMathMLBlock (anonymous, flex) at (4,0) size 9x14
              RenderBlock (anonymous) at (0,0) size 9x14
                RenderText at (0,-6) size 9x24
                  text run at (0,-6) width 9: "\x{21BE}"
          RenderMathMLOperator {mo} at (103,53) size 18x14
            RenderMathMLBlock (anonymous, flex) at (4,0) size 9x14
              RenderBlock (anonymous) at (0,0) size 9x14
                RenderText at (0,-6) size 9x24
                  text run at (0,-6) width 9: "\x{21C2}"
          RenderMathMLOperator {mo} at (120,53) size 18x14
            RenderMathMLBlock (anonymous, flex) at (4,0) size 9x14
              RenderBlock (anonymous) at (0,0) size 9x14
                RenderText at (0,-6) size 9x24
                  text run at (0,-6) width 9: "\x{21BF}"
          RenderMathMLOperator {mo} at (137,53) size 18x14
            RenderMathMLBlock (anonymous, flex) at (4,0) size 9x14
              RenderBlock (anonymous) at (0,0) size 9x14
                RenderText at (0,-6) size 9x24
                  text run at (0,-6) width 9: "\x{21C3}"
          RenderMathMLOperator {mo} at (154,53) size 21x14
            RenderMathMLBlock (anonymous, flex) at (4,0) size 12x14
              RenderBlock (anonymous) at (0,0) size 11x14
                RenderText at (0,-6) size 11x24
                  text run at (0,-6) width 11: "\x{21D1}"
          RenderMathMLOperator {mo} at (174,53) size 21x14
            RenderMathMLBlock (anonymous, flex) at (4,0) size 12x14
              RenderBlock (anonymous) at (0,0) size 11x14
                RenderText at (0,-6) size 11x24
                  text run at (0,-6) width 11: "\x{21D3}"
          RenderMathMLOperator {mo} at (194,52) size 20x16
            RenderMathMLBlock (anonymous, flex) at (4,0) size 12x16
              RenderBlock (anonymous) at (0,0) size 11x16
                RenderText at (0,-5) size 11x24
                  text run at (0,-5) width 11: "\x{21D5}"
          RenderMathMLSpace {mspace} at (213,0) size 0x64
        RenderText {#text} at (0,0) size 0x0
