layer at (0,0) size 1086x585
  RenderView at (0,0) size 800x585
layer at (0,0) size 800x585
  RenderBlock {HTML} at (0,0) size 800x585
    RenderBody {BODY} at (8,8) size 784x569
      RenderTable {TABLE} at (0,0) size 1078x108
        RenderTableSection {TBODY} at (0,0) size 1078x108
          RenderTableRow {TR} at (0,2) size 1078x20
            RenderTableCell {TH} at (2,11) size 86x2 [r=0 c=0 rs=1 cs=1]
            RenderTableCell {TH} at (90,11) size 245x2 [r=0 c=1 rs=1 cs=1]
            RenderTableCell {TH} at (337,2) size 245x20 [r=0 c=2 rs=1 cs=1]
              RenderText {#text} at (76,1) size 93x18
                text run at (76,1) width 93: "text-align:left"
            RenderTableCell {TH} at (584,2) size 245x20 [r=0 c=3 rs=1 cs=1]
              RenderText {#text} at (66,1) size 113x18
                text run at (66,1) width 113: "text-align:center"
            RenderTableCell {TH} at (831,2) size 245x20 [r=0 c=4 rs=1 cs=1]
              RenderText {#text} at (70,1) size 105x18
                text run at (70,1) width 105: "text-align:right"
          RenderTableRow {TR} at (0,24) size 1078x26
            RenderTableCell {TH} at (2,36) size 86x2 [r=1 c=0 rs=1 cs=1]
            RenderTableCell {TD} at (90,24) size 245x26 [border: (1px solid #000000)] [r=1 c=1 rs=1 cs=1]
              RenderFileUploadControl {INPUT} at (4,4) size 237x18 "no file selected"
                RenderButton {INPUT} at (0,0) size 77x18 [bgcolor=#C0C0C0]
                  RenderBlock (anonymous) at (8,2) size 61x13
                    RenderText at (0,0) size 61x13
                      text run at (0,0) width 61: "Choose File"
            RenderTableCell {TD} at (337,24) size 245x26 [border: (1px solid #000000)] [r=1 c=2 rs=1 cs=1]
              RenderFileUploadControl {INPUT} at (4,4) size 237x18 "no file selected"
                RenderButton {INPUT} at (0,0) size 77x18 [bgcolor=#C0C0C0]
                  RenderBlock (anonymous) at (8,2) size 61x13
                    RenderText at (0,0) size 61x13
                      text run at (0,0) width 61: "Choose File"
            RenderTableCell {TD} at (584,24) size 245x26 [border: (1px solid #000000)] [r=1 c=3 rs=1 cs=1]
              RenderFileUploadControl {INPUT} at (4,4) size 237x18 "no file selected"
                RenderButton {INPUT} at (0,0) size 77x18 [bgcolor=#C0C0C0]
                  RenderBlock (anonymous) at (8,2) size 61x13
                    RenderText at (0,0) size 61x13
                      text run at (0,0) width 61: "Choose File"
            RenderTableCell {TD} at (831,24) size 245x26 [border: (1px solid #000000)] [r=1 c=4 rs=1 cs=1]
              RenderFileUploadControl {INPUT} at (4,4) size 237x18 "no file selected"
                RenderButton {INPUT} at (0,0) size 77x18 [bgcolor=#C0C0C0]
                  RenderBlock (anonymous) at (8,2) size 61x13
                    RenderText at (0,0) size 61x13
                      text run at (0,0) width 61: "Choose File"
          RenderTableRow {TR} at (0,52) size 1078x26
            RenderTableCell {TH} at (2,55) size 86x20 [r=2 c=0 rs=1 cs=1]
              RenderText {#text} at (1,1) size 84x18
                text run at (1,1) width 84: "direction:ltr"
            RenderTableCell {TD} at (90,52) size 245x26 [border: (1px solid #000000)] [r=2 c=1 rs=1 cs=1]
              RenderFileUploadControl {INPUT} at (4,4) size 237x18 "no file selected"
                RenderButton {INPUT} at (0,0) size 77x18 [bgcolor=#C0C0C0]
                  RenderBlock (anonymous) at (8,2) size 61x13
                    RenderText at (0,0) size 61x13
                      text run at (0,0) width 61: "Choose File"
            RenderTableCell {TD} at (337,52) size 245x26 [border: (1px solid #000000)] [r=2 c=2 rs=1 cs=1]
              RenderFileUploadControl {INPUT} at (4,4) size 237x18 "no file selected"
                RenderButton {INPUT} at (0,0) size 77x18 [bgcolor=#C0C0C0]
                  RenderBlock (anonymous) at (8,2) size 61x13
                    RenderText at (0,0) size 61x13
                      text run at (0,0) width 61: "Choose File"
            RenderTableCell {TD} at (584,52) size 245x26 [border: (1px solid #000000)] [r=2 c=3 rs=1 cs=1]
              RenderFileUploadControl {INPUT} at (4,4) size 237x18 "no file selected"
                RenderButton {INPUT} at (0,0) size 77x18 [bgcolor=#C0C0C0]
                  RenderBlock (anonymous) at (8,2) size 61x13
                    RenderText at (0,0) size 61x13
                      text run at (0,0) width 61: "Choose File"
            RenderTableCell {TD} at (831,52) size 245x26 [border: (1px solid #000000)] [r=2 c=4 rs=1 cs=1]
              RenderFileUploadControl {INPUT} at (4,4) size 237x18 "no file selected"
                RenderButton {INPUT} at (0,0) size 77x18 [bgcolor=#C0C0C0]
                  RenderBlock (anonymous) at (8,2) size 61x13
                    RenderText at (0,0) size 61x13
                      text run at (0,0) width 61: "Choose File"
          RenderTableRow {TR} at (0,80) size 1078x26
            RenderTableCell {TH} at (2,83) size 86x20 [r=3 c=0 rs=1 cs=1]
              RenderText {#text} at (1,1) size 84x18
                text run at (1,1) width 84: "direction:rtl"
            RenderTableCell {TD} at (90,80) size 245x26 [border: (1px solid #000000)] [r=3 c=1 rs=1 cs=1]
              RenderFileUploadControl {INPUT} at (4,4) size 237x18 "no file selected"
                RenderButton {INPUT} at (160,0) size 77x18 [bgcolor=#C0C0C0]
                  RenderBlock (anonymous) at (8,2) size 61x13
                    RenderText at (0,0) size 61x13
                      text run at (0,0) width 61: "Choose File"
            RenderTableCell {TD} at (337,80) size 245x26 [border: (1px solid #000000)] [r=3 c=2 rs=1 cs=1]
              RenderFileUploadControl {INPUT} at (4,4) size 237x18 "no file selected"
                RenderButton {INPUT} at (160,0) size 77x18 [bgcolor=#C0C0C0]
                  RenderBlock (anonymous) at (8,2) size 61x13
                    RenderText at (0,0) size 61x13
                      text run at (0,0) width 61: "Choose File"
            RenderTableCell {TD} at (584,80) size 245x26 [border: (1px solid #000000)] [r=3 c=3 rs=1 cs=1]
              RenderFileUploadControl {INPUT} at (4,4) size 237x18 "no file selected"
                RenderButton {INPUT} at (160,0) size 77x18 [bgcolor=#C0C0C0]
                  RenderBlock (anonymous) at (8,2) size 61x13
                    RenderText at (0,0) size 61x13
                      text run at (0,0) width 61: "Choose File"
            RenderTableCell {TD} at (831,80) size 245x26 [border: (1px solid #000000)] [r=3 c=4 rs=1 cs=1]
              RenderFileUploadControl {INPUT} at (4,4) size 237x18 "no file selected"
                RenderButton {INPUT} at (160,0) size 77x18 [bgcolor=#C0C0C0]
                  RenderBlock (anonymous) at (8,2) size 61x13
                    RenderText at (0,0) size 61x13
                      text run at (0,0) width 61: "Choose File"
