layer at (0,0) size 800x600
  RenderView at (0,0) size 800x600
layer at (0,0) size 800x600
  RenderBlock {HTML} at (0,0) size 800x600
    RenderBody {BODY} at (8,8) size 784x584
      RenderBlock {P} at (0,0) size 784x36
        RenderText {#text} at (0,0) size 762x36
          text run at (0,0) width 762: "Test appearances of spin buttons. Disabled state and read-only state should have appearances different from the normal"
          text run at (0,18) width 34: "state."
      RenderBlock {DIV} at (0,52) size 784x33
        RenderInline {LABEL} at (0,0) size 350x18
          RenderTextControl {INPUT} at (2,2) size 259x29 [bgcolor=#FFFFFF] [border: (2px inset #000000)]
            RenderFlexibleBox {DIV} at (3,3) size 253x23
              RenderBlock {DIV} at (0,0) size 234x23
          RenderText {#text} at (262,10) size 88x18
            text run at (262,10) width 88: " Normal state"
      RenderBlock {DIV} at (0,85) size 784x33
        RenderInline {LABEL} at (0,0) size 358x18
          RenderTextControl {INPUT} at (2,2) size 259x29 [bgcolor=#FFFFFF] [border: (2px inset #000000)]
            RenderFlexibleBox {DIV} at (3,3) size 253x23
              RenderBlock {DIV} at (0,0) size 234x23
          RenderText {#text} at (262,10) size 96x18
            text run at (262,10) width 96: " Disabled state"
      RenderBlock {DIV} at (0,118) size 784x33
        RenderInline {LABEL} at (0,0) size 367x18
          RenderTextControl {INPUT} at (2,2) size 259x29 [bgcolor=#FFFFFF] [border: (2px inset #000000)]
            RenderFlexibleBox {DIV} at (3,3) size 253x23
              RenderBlock {DIV} at (0,0) size 234x23
          RenderText {#text} at (262,10) size 105x18
            text run at (262,10) width 105: " Read-only state"
layer at (13,65) size 234x23
  RenderBlock {DIV} at (0,0) size 234x23
    RenderText {#text} at (0,0) size 13x23
      text run at (0,0) width 13: "0"
layer at (13,98) size 234x23
  RenderBlock {DIV} at (0,0) size 234x23 [color=#545454]
    RenderText {#text} at (0,0) size 13x23
      text run at (0,0) width 13: "0"
layer at (13,131) size 234x23
  RenderBlock {DIV} at (0,0) size 234x23
    RenderText {#text} at (0,0) size 13x23
      text run at (0,0) width 13: "0"
layer at (248,64) size 19x25
  RenderBlock (relative positioned) {DIV} at (234,-1) size 20x25
layer at (248,97) size 19x25
  RenderBlock (relative positioned) {DIV} at (234,-1) size 20x25
layer at (248,130) size 19x25
  RenderBlock (relative positioned) {DIV} at (234,-1) size 20x25
