layer at (0,0) size 800x822
  RenderView at (0,0) size 800x600
layer at (0,0) size 800x822
  RenderBlock {HTML} at (0,0) size 800x822
    RenderBody {BODY} at (8,8) size 784x798
      RenderBlock {H2} at (0,0) size 784x22
        RenderText {#text} at (0,1) size 113x20
          text run at (0,1) width 113: "Normal Weight"
      RenderBlock {P} at (0,38) size 784x20
        RenderText {#text} at (0,0) size 671x20
          text run at (0,0) width 671: "Body Text: Lorem ipsum dolor sit amet, consectetur adipiscing elit. Quisque ornare ornare mi"
      RenderBlock {H2} at (0,74) size 784x22
        RenderText {#text} at (0,1) size 86x20
          text run at (0,1) width 86: "100 Weight"
      RenderBlock {P} at (0,112) size 784x20
        RenderText {#text} at (0,0) size 662x20
          text run at (0,0) width 662: "Body Text: Lorem ipsum dolor sit amet, consectetur adipiscing elit. Quisque ornare ornare mi"
      RenderBlock {H2} at (0,148) size 784x22
        RenderText {#text} at (0,1) size 88x20
          text run at (0,1) width 88: "200 Weight"
      RenderBlock {P} at (0,186) size 784x20
        RenderText {#text} at (0,0) size 662x20
          text run at (0,0) width 662: "Body Text: Lorem ipsum dolor sit amet, consectetur adipiscing elit. Quisque ornare ornare mi"
      RenderBlock {H2} at (0,222) size 784x22
        RenderText {#text} at (0,1) size 89x20
          text run at (0,1) width 89: "300 Weight"
      RenderBlock {P} at (0,260) size 784x20
        RenderText {#text} at (0,0) size 662x20
          text run at (0,0) width 662: "Body Text: Lorem ipsum dolor sit amet, consectetur adipiscing elit. Quisque ornare ornare mi"
      RenderBlock {H2} at (0,296) size 784x22
        RenderText {#text} at (0,1) size 89x20
          text run at (0,1) width 89: "400 Weight"
      RenderBlock {P} at (0,334) size 784x20
        RenderText {#text} at (0,0) size 671x20
          text run at (0,0) width 671: "Body Text: Lorem ipsum dolor sit amet, consectetur adipiscing elit. Quisque ornare ornare mi"
      RenderBlock {H2} at (0,370) size 784x22
        RenderText {#text} at (0,1) size 89x20
          text run at (0,1) width 89: "500 Weight"
      RenderBlock {P} at (0,408) size 784x20
        RenderText {#text} at (0,0) size 671x20
          text run at (0,0) width 671: "Body Text: Lorem ipsum dolor sit amet, consectetur adipiscing elit. Quisque ornare ornare mi"
      RenderBlock {H2} at (0,444) size 784x22
        RenderText {#text} at (0,1) size 92x20
          text run at (0,1) width 92: "Bold Weight"
      RenderBlock {P} at (0,482) size 784x20
        RenderText {#text} at (0,0) size 701x20
          text run at (0,0) width 701: "Body Text: Lorem ipsum dolor sit amet, consectetur adipiscing elit. Quisque ornare ornare mi"
      RenderBlock {H2} at (0,518) size 784x22
        RenderText {#text} at (0,1) size 89x20
          text run at (0,1) width 89: "600 Weight"
      RenderBlock {P} at (0,556) size 784x20
        RenderText {#text} at (0,0) size 701x20
          text run at (0,0) width 701: "Body Text: Lorem ipsum dolor sit amet, consectetur adipiscing elit. Quisque ornare ornare mi"
      RenderBlock {H2} at (0,592) size 784x22
        RenderText {#text} at (0,1) size 88x20
          text run at (0,1) width 88: "700 Weight"
      RenderBlock {P} at (0,630) size 784x20
        RenderText {#text} at (0,0) size 701x20
          text run at (0,0) width 701: "Body Text: Lorem ipsum dolor sit amet, consectetur adipiscing elit. Quisque ornare ornare mi"
      RenderBlock {H2} at (0,666) size 784x22
        RenderText {#text} at (0,1) size 89x20
          text run at (0,1) width 89: "800 Weight"
      RenderBlock {P} at (0,704) size 784x20
        RenderText {#text} at (0,0) size 701x20
          text run at (0,0) width 701: "Body Text: Lorem ipsum dolor sit amet, consectetur adipiscing elit. Quisque ornare ornare mi"
      RenderBlock {H2} at (0,740) size 784x22
        RenderText {#text} at (0,1) size 89x20
          text run at (0,1) width 89: "900 Weight"
      RenderBlock {P} at (0,778) size 784x20
        RenderText {#text} at (0,0) size 701x20
          text run at (0,0) width 701: "Body Text: Lorem ipsum dolor sit amet, consectetur adipiscing elit. Quisque ornare ornare mi"
