layer at (0,0) size 785x1066
  RenderView at (0,0) size 785x600
layer at (0,0) size 785x1066
  RenderBlock {HTML} at (0,0) size 785x1066
    RenderBody {BODY} at (8,8) size 769x1050
      RenderBlock {CENTER} at (0,0) size 769x18
        RenderText {#text} at (320,0) size 129x18
          text run at (320,0) width 129: "bottom caption tests"
      RenderBlock (anonymous) at (0,18) size 769x18
        RenderText {#text} at (0,0) size 107x18
          text run at (0,0) width 107: "table 1 - original"
      RenderTable {TABLE} at (5,46) size 92x93 [border: (10px solid #008000)]
        RenderBlock {CAPTION} at (10,2) size 82x25 [border: (3px solid #800080)]
          RenderText {#text} at (9,3) size 48x18
            text run at (9,3) width 48: "caption"
          RenderBlock {INPUT} at (58,7) size 13x12
        RenderTableSection {TBODY} at (10,37) size 72x46
          RenderTableRow {TR} at (0,2) size 72x20
            RenderTableCell {TD} at (2,2) size 33x20 [r=0 c=0 rs=1 cs=1]
              RenderText {#text} at (1,1) size 31x18
                text run at (1,1) width 31: "Data"
            RenderTableCell {TD} at (37,2) size 33x20 [r=0 c=1 rs=1 cs=1]
              RenderText {#text} at (1,1) size 31x18
                text run at (1,1) width 31: "Data"
          RenderTableRow {TR} at (0,24) size 72x20
            RenderTableCell {TD} at (2,24) size 33x20 [r=1 c=0 rs=1 cs=1]
              RenderText {#text} at (1,1) size 31x18
                text run at (1,1) width 31: "Data"
            RenderTableCell {TD} at (37,24) size 33x20 [r=1 c=1 rs=1 cs=1]
              RenderText {#text} at (1,1) size 31x18
                text run at (1,1) width 31: "Data"
      RenderBlock (anonymous) at (0,144) size 769x18
        RenderText {#text} at (0,0) size 193x18
          text run at (0,0) width 193: "table 2 - caption gains content"
      RenderTable {TABLE} at (5,172) size 92x111 [border: (10px solid #008000)]
        RenderBlock {CAPTION} at (10,2) size 82x43 [border: (3px solid #800080)]
          RenderText {#text} at (9,3) size 48x18
            text run at (9,3) width 48: "caption"
          RenderBlock {INPUT} at (58,7) size 13x12
          RenderText {#text} at (17,22) size 48x18
            text run at (17,22) width 48: "foo foo"
        RenderTableSection {TBODY} at (10,55) size 72x46
          RenderTableRow {TR} at (0,2) size 72x20
            RenderTableCell {TD} at (2,2) size 33x20 [r=0 c=0 rs=1 cs=1]
              RenderText {#text} at (1,1) size 31x18
                text run at (1,1) width 31: "Data"
            RenderTableCell {TD} at (37,2) size 33x20 [r=0 c=1 rs=1 cs=1]
              RenderText {#text} at (1,1) size 31x18
                text run at (1,1) width 31: "Data"
          RenderTableRow {TR} at (0,24) size 72x20
            RenderTableCell {TD} at (2,24) size 33x20 [r=1 c=0 rs=1 cs=1]
              RenderText {#text} at (1,1) size 31x18
                text run at (1,1) width 31: "Data"
            RenderTableCell {TD} at (37,24) size 33x20 [r=1 c=1 rs=1 cs=1]
              RenderText {#text} at (1,1) size 31x18
                text run at (1,1) width 31: "Data"
      RenderBlock (anonymous) at (0,288) size 769x18
        RenderText {#text} at (0,0) size 394x18
          text run at (0,0) width 394: "table 3 - caption gains content extending its max element size"
      RenderTable {TABLE} at (5,316) size 150x111 [border: (10px solid #008000)]
        RenderBlock {CAPTION} at (10,2) size 140x43 [border: (3px solid #800080)]
          RenderText {#text} at (38,3) size 48x18
            text run at (38,3) width 48: "caption"
          RenderBlock {INPUT} at (87,7) size 13x12
          RenderText {#text} at (3,22) size 145x18
            text run at (3,22) width 145: "very_large_very_large"
        RenderTableSection {TBODY} at (10,55) size 130x46
          RenderTableRow {TR} at (0,2) size 130x20
            RenderTableCell {TD} at (2,2) size 62x20 [r=0 c=0 rs=1 cs=1]
              RenderText {#text} at (1,1) size 31x18
                text run at (1,1) width 31: "Data"
            RenderTableCell {TD} at (66,2) size 62x20 [r=0 c=1 rs=1 cs=1]
              RenderText {#text} at (1,1) size 31x18
                text run at (1,1) width 31: "Data"
          RenderTableRow {TR} at (0,24) size 130x20
            RenderTableCell {TD} at (2,24) size 62x20 [r=1 c=0 rs=1 cs=1]
              RenderText {#text} at (1,1) size 31x18
                text run at (1,1) width 31: "Data"
            RenderTableCell {TD} at (66,24) size 62x20 [r=1 c=1 rs=1 cs=1]
              RenderText {#text} at (1,1) size 31x18
                text run at (1,1) width 31: "Data"
      RenderBlock (anonymous) at (0,432) size 769x18
        RenderText {#text} at (0,0) size 191x18
          text run at (0,0) width 191: "table 4 - caption loses content"
      RenderTable {TABLE} at (5,460) size 92x92 [border: (10px solid #008000)]
        RenderBlock {CAPTION} at (10,2) size 82x24 [border: (3px solid #800080)]
          RenderText {#text} at (17,3) size 48x18
            text run at (17,3) width 48: "caption"
        RenderTableSection {TBODY} at (10,36) size 72x46
          RenderTableRow {TR} at (0,2) size 72x20
            RenderTableCell {TD} at (2,2) size 33x20 [r=0 c=0 rs=1 cs=1]
              RenderText {#text} at (1,1) size 31x18
                text run at (1,1) width 31: "Data"
            RenderTableCell {TD} at (37,2) size 33x20 [r=0 c=1 rs=1 cs=1]
              RenderText {#text} at (1,1) size 31x18
                text run at (1,1) width 31: "Data"
          RenderTableRow {TR} at (0,24) size 72x20
            RenderTableCell {TD} at (2,24) size 33x20 [r=1 c=0 rs=1 cs=1]
              RenderText {#text} at (1,1) size 31x18
                text run at (1,1) width 31: "Data"
            RenderTableCell {TD} at (37,24) size 33x20 [r=1 c=1 rs=1 cs=1]
              RenderText {#text} at (1,1) size 31x18
                text run at (1,1) width 31: "Data"
      RenderBlock (anonymous) at (0,557) size 769x18
        RenderText {#text} at (0,0) size 158x18
          text run at (0,0) width 158: "table 5 - table gets wider"
      RenderTable {TABLE} at (5,585) size 138x93 [border: (10px solid #008000)]
        RenderBlock {CAPTION} at (10,2) size 128x25 [border: (3px solid #800080)]
          RenderText {#text} at (32,3) size 48x18
            text run at (32,3) width 48: "caption"
          RenderBlock {INPUT} at (81,7) size 13x12
        RenderTableSection {TBODY} at (10,37) size 118x46
          RenderTableRow {TR} at (0,2) size 118x20
            RenderTableCell {TD} at (2,2) size 33x20 [r=0 c=0 rs=1 cs=1]
              RenderText {#text} at (1,1) size 31x18
                text run at (1,1) width 31: "Data"
            RenderTableCell {TD} at (37,2) size 79x20 [r=0 c=1 rs=1 cs=1]
              RenderText {#text} at (1,1) size 31x18
                text run at (1,1) width 31: "Data"
              RenderText {#text} at (31,1) size 47x18
                text run at (31,1) width 47: "foo foo"
          RenderTableRow {TR} at (0,24) size 118x20
            RenderTableCell {TD} at (2,24) size 33x20 [r=1 c=0 rs=1 cs=1]
              RenderText {#text} at (1,1) size 31x18
                text run at (1,1) width 31: "Data"
            RenderTableCell {TD} at (37,24) size 79x20 [r=1 c=1 rs=1 cs=1]
              RenderText {#text} at (1,1) size 31x18
                text run at (1,1) width 31: "Data"
      RenderBlock (anonymous) at (0,683) size 769x18
        RenderText {#text} at (0,0) size 155x18
          text run at (0,0) width 155: "table 6 - table gets taller"
      RenderTable {TABLE} at (5,711) size 108x115 [border: (10px solid #008000)]
        RenderBlock {CAPTION} at (10,2) size 98x25 [border: (3px solid #800080)]
          RenderText {#text} at (17,3) size 48x18
            text run at (17,3) width 48: "caption"
          RenderBlock {INPUT} at (66,7) size 13x12
        RenderTableSection {TBODY} at (10,37) size 88x68
          RenderTableRow {TR} at (0,2) size 88x20
            RenderTableCell {TD} at (2,2) size 49x20 [r=0 c=0 rs=1 cs=1]
              RenderText {#text} at (1,1) size 31x18
                text run at (1,1) width 31: "Data"
            RenderTableCell {TD} at (53,2) size 33x20 [r=0 c=1 rs=1 cs=1]
              RenderText {#text} at (1,1) size 31x18
                text run at (1,1) width 31: "Data"
          RenderTableRow {TR} at (0,24) size 88x20
            RenderTableCell {TD} at (2,24) size 49x20 [r=1 c=0 rs=1 cs=1]
              RenderText {#text} at (1,1) size 31x18
                text run at (1,1) width 31: "Data"
            RenderTableCell {TD} at (53,24) size 33x20 [r=1 c=1 rs=1 cs=1]
              RenderText {#text} at (1,1) size 31x18
                text run at (1,1) width 31: "Data"
          RenderTableRow {TR} at (0,46) size 88x20
            RenderTableCell {TD} at (2,46) size 49x20 [r=2 c=0 rs=1 cs=1]
              RenderText {#text} at (1,1) size 47x18
                text run at (1,1) width 47: "foo foo"
      RenderBlock (anonymous) at (0,831) size 769x18
        RenderText {#text} at (0,0) size 144x18
          text run at (0,0) width 144: "table 7 - insert caption"
      RenderTable {TABLE} at (5,859) size 92x92 [border: (10px solid #008000)]
        RenderTableSection {TBODY} at (10,36) size 72x46
          RenderTableRow {TR} at (0,2) size 72x20
            RenderTableCell {TD} at (2,2) size 33x20 [r=0 c=0 rs=1 cs=1]
              RenderText {#text} at (1,1) size 31x18
                text run at (1,1) width 31: "Data"
            RenderTableCell {TD} at (37,2) size 33x20 [r=0 c=1 rs=1 cs=1]
              RenderText {#text} at (1,1) size 31x18
                text run at (1,1) width 31: "Data"
          RenderTableRow {TR} at (0,24) size 72x20
            RenderTableCell {TD} at (2,24) size 33x20 [r=1 c=0 rs=1 cs=1]
              RenderText {#text} at (1,1) size 31x18
                text run at (1,1) width 31: "Data"
            RenderTableCell {TD} at (37,24) size 33x20 [r=1 c=1 rs=1 cs=1]
              RenderText {#text} at (1,1) size 31x18
                text run at (1,1) width 31: "Data"
        RenderBlock {CAPTION} at (10,2) size 82x24 [border: (3px solid #800080)]
          RenderText {#text} at (14,3) size 54x18
            text run at (14,3) width 54: "new cap"
      RenderBlock (anonymous) at (0,956) size 769x18
        RenderText {#text} at (0,0) size 156x18
          text run at (0,0) width 156: "table 8 - remove caption"
      RenderTable {TABLE} at (5,984) size 92x66 [border: (10px solid #008000)]
        RenderTableSection {TBODY} at (10,10) size 72x46
          RenderTableRow {TR} at (0,2) size 72x20
            RenderTableCell {TD} at (2,2) size 33x20 [r=0 c=0 rs=1 cs=1]
              RenderText {#text} at (1,1) size 31x18
                text run at (1,1) width 31: "Data"
            RenderTableCell {TD} at (37,2) size 33x20 [r=0 c=1 rs=1 cs=1]
              RenderText {#text} at (1,1) size 31x18
                text run at (1,1) width 31: "Data"
          RenderTableRow {TR} at (0,24) size 72x20
            RenderTableCell {TD} at (2,24) size 33x20 [r=1 c=0 rs=1 cs=1]
              RenderText {#text} at (1,1) size 31x18
                text run at (1,1) width 31: "Data"
            RenderTableCell {TD} at (37,24) size 33x20 [r=1 c=1 rs=1 cs=1]
              RenderText {#text} at (1,1) size 31x18
                text run at (1,1) width 31: "Data"
