layer at (0,0) size 800x600
  RenderView at (0,0) size 800x600
    RenderMultiColumnSet at (0,0) size 800x600
layer at (224,0) size 576x600
  RenderMultiColumnFlowThread at (0,0) size 576x600
layer at (224,0) size 576x600
  RenderBlock {HTML} at (0,0) size 576x600
    RenderBody {BODY} at (16,8) size 544x584
      RenderBlock {P} at (0,0) size 120x584
        RenderText {#text} at (0,0) size 119x560
          text run at (0,0) width 527: "1 Lorem ipsum dolor sit amet, consectetur adipisicing elit, sed do eiusmod tempor"
          text run at (20,0) width 539: "incididunt ut labore et dolore magna aliqua. Ut enim ad minim veniam, quis nostrud"
          text run at (40,0) width 547: "exercitation ullamco laboris nisi ut aliquip ex ea commodo consequat. Duis aute irure"
          text run at (60,0) width 526: "dolor in reprehenderit in voluptate velit esse cillum dolore eu fugiat nulla pariatur."
          text run at (80,0) width 560: "Excepteur sint occaecat cupidatat non proident, sunt in culpa qui officia deserunt mollit"
          text run at (100,0) width 132: "anim id est laborum."
      RenderImage {IMG} at (164,0) size 180x100 [bgcolor=#00FF00]
      RenderBlock {DIV} at (344,0) size 50x50 [bgcolor=#0000FF]
      RenderBlock {P} at (410,0) size 134x584
        RenderText {#text} at (0,0) size 133x560
          text run at (0,0) width 527: "2 Lorem ipsum dolor sit amet, consectetur adipisicing elit, sed do eiusmod tempor"
          text run at (20,0) width 539: "incididunt ut labore et dolore magna aliqua. Ut enim ad minim veniam, quis nostrud"
          text run at (40,0) width 547: "exercitation ullamco laboris nisi ut aliquip ex ea commodo consequat. Duis aute irure"
          text run at (60,0) width 526: "dolor in reprehenderit in voluptate velit esse cillum dolore eu fugiat nulla pariatur."
          text run at (80,0) width 560: "Excepteur sint occaecat cupidatat non proident, sunt in culpa qui officia deserunt mollit"
          text run at (114,0) width 132: "anim id est laborum."
