layer at (0,0) size 800x600
  RenderView at (0,0) size 800x600
layer at (0,0) size 800x600
  RenderBlock {HTML} at (0,0) size 800x600
    RenderBody {BODY} at (8,8) size 784x584
      RenderTable {TABLE} at (0,0) size 744x56 [border: (1px outset #808080)]
        RenderTableSection {TBODY} at (1,1) size 742x54
          RenderTableRow {TR} at (0,2) size 742x50
            RenderTableCell {TD} at (2,2) size 239x50 [border: (1px inset #808080)] [r=0 c=0 rs=1 cs=1]
              RenderTable {TABLE} at (2,2) size 235x46
                RenderTableSection {TBODY} at (0,0) size 235x46
                  RenderTableRow {TR} at (0,2) size 235x42
                    RenderTableCell {TD} at (2,2) size 231x42 [r=0 c=0 rs=1 cs=1]
                      RenderText {#text} at (1,1) size 192x39
                        text run at (1,1) width 192: "This is the first column. It has"
                        text run at (1,21) width 96: "some text in it."
            RenderTableCell {TD} at (243,2) size 497x50 [border: (1px inset #808080)] [r=0 c=1 rs=1 cs=1]
              RenderTable {TABLE} at (2,2) size 493x46
                RenderTableSection {TBODY} at (0,0) size 493x46
                  RenderTableRow {TR} at (0,2) size 493x42
                    RenderTableCell {TD} at (2,2) size 489x42 [r=0 c=0 rs=1 cs=1]
                      RenderText {#text} at (1,1) size 472x39
                        text run at (1,1) width 176: "This is the second column. "
                        text run at (176,1) width 297: "It has a lot more content than the first column."
                        text run at (1,21) width 140: "That shouldn't matter."
