layer at (0,0) size 800x600
  RenderView at (0,0) size 800x600
layer at (0,0) size 800x600
  RenderBlock {HTML} at (0,0) size 800x600
    RenderBody {BODY} at (8,8) size 784x576
      RenderBlock {FORM} at (0,0) size 784x0
      RenderBlock {FORM} at (0,0) size 784x45
        RenderBlock {HR} at (0,0) size 784x2 [border: (1px inset #000000)]
        RenderBlock (anonymous) at (0,10) size 784x25
          RenderInline {LABEL} at (0,0) size 475x18
            RenderText {#text} at (0,3) size 322x18
              text run at (0,3) width 322: "This is a searchable index. Enter search keywords: "
            RenderTextControl {INPUT} at (324,2) size 149x21 [bgcolor=#FFFFFF] [border: (2px inset #000000)]
        RenderBlock {HR} at (0,43) size 784x2 [border: (1px inset #000000)]
layer at (334,23) size 145x15
  RenderBlock {DIV} at (2,3) size 145x15
