layer at (0,0) size 800x600
  RenderView at (0,0) size 800x600
layer at (0,0) size 800x36
  RenderBlock {HTML} at (0,0) size 800x36
    RenderBody {BODY} at (8,8) size 784x20
      RenderAttachment {ATTACHMENT} at (0,16) size 0x0
      RenderText {#text} at (0,0) size 4x19
        text run at (0,0) width 4: " "
      RenderAttachment {ATTACHMENT} at (4,16) size 0x0
      RenderText {#text} at (4,0) size 4x19
        text run at (4,0) width 4: " "
      RenderAttachment {ATTACHMENT} at (8,16) size 0x0
      RenderText {#text} at (8,0) size 4x19
        text run at (8,0) width 4: " "
      RenderAttachment {ATTACHMENT} at (12,16) size 0x0
      RenderText {#text} at (12,0) size 4x19
        text run at (12,0) width 4: " "
      RenderAttachment {ATTACHMENT} at (16,16) size 0x0
      RenderText {#text} at (16,0) size 4x19
        text run at (16,0) width 4: " "
      RenderAttachment {ATTACHMENT} at (20,16) size 0x0
      RenderText {#text} at (20,0) size 4x19
        text run at (20,0) width 4: " "
      RenderAttachment {ATTACHMENT} at (24,16) size 0x0
      RenderText {#text} at (24,0) size 4x19
        text run at (24,0) width 4: " "
      RenderAttachment {ATTACHMENT} at (28,16) size 0x0
      RenderText {#text} at (0,0) size 0x0
      RenderText {#text} at (0,0) size 0x0
