layer at (0,0) size 785x2092
  RenderView at (0,0) size 785x600
layer at (0,0) size 785x2092
  RenderBlock {HTML} at (0,0) size 785x2092
    RenderBody {BODY} at (8,8) size 769x2076
      RenderBlock {DIV} at (0,0) size 769x897
        RenderBlock {DIV} at (0,0) size 769x28
          RenderText {#text} at (0,0) size 438x28
            text run at (0,0) width 438: "This is a test for -webkit-system-font font"
        RenderBlock {DIV} at (0,28) size 769x35
          RenderText {#text} at (0,0) size 547x35
            text run at (0,0) width 547: "This is a test for -webkit-system-font font"
        RenderBlock {DIV} at (0,63) size 769x35
          RenderText {#text} at (0,0) size 547x35
            text run at (0,0) width 547: "This is a test for -webkit-system-font font"
        RenderBlock {DIV} at (0,98) size 769x43
          RenderInline {B} at (0,0) size 706x43
            RenderText {#text} at (0,0) size 706x43
              text run at (0,0) width 706: "This is a test for -webkit-system-font font"
        RenderBlock {DIV} at (0,141) size 769x50
          RenderInline {I} at (0,0) size 766x50
            RenderText {#text} at (0,0) size 766x50
              text run at (0,0) width 766: "This is a test for -webkit-system-font font"
        RenderBlock {DIV} at (0,191) size 769x112
          RenderText {#text} at (0,0) size 697x112
            text run at (0,0) width 697: "This is a test for -webkit-system-"
            text run at (0,56) width 179: "font font"
        RenderBlock {DIV} at (0,303) size 769x126
          RenderText {#text} at (0,0) size 591x126
            text run at (0,0) width 591: "This is a test for -webkit-"
            text run at (0,63) width 394: "system-font font"
        RenderBlock {DIV} at (0,429) size 769x142
          RenderText {#text} at (0,0) size 657x142
            text run at (0,0) width 657: "This is a test for -webkit-"
            text run at (0,71) width 437: "system-font font"
        RenderBlock {DIV} at (0,571) size 769x156
          RenderText {#text} at (0,0) size 723x156
            text run at (0,0) width 723: "This is a test for -webkit-"
            text run at (0,78) width 481: "system-font font"
        RenderBlock {DIV} at (0,727) size 769x170
          RenderText {#text} at (0,0) size 762x170
            text run at (0,0) width 551: "This is a test for -"
            text run at (0,85) width 762: "webkit-system-font font"
      RenderBlock {DIV} at (0,897) size 769x897
        RenderBlock {DIV} at (0,0) size 769x28
          RenderText {#text} at (0,0) size 427x28
            text run at (0,0) width 427: "This is a test for -apple-system-font font"
        RenderBlock {DIV} at (0,28) size 769x35
          RenderText {#text} at (0,0) size 533x35
            text run at (0,0) width 533: "This is a test for -apple-system-font font"
        RenderBlock {DIV} at (0,63) size 769x35
          RenderText {#text} at (0,0) size 533x35
            text run at (0,0) width 533: "This is a test for -apple-system-font font"
        RenderBlock {DIV} at (0,98) size 769x43
          RenderInline {B} at (0,0) size 686x43
            RenderText {#text} at (0,0) size 686x43
              text run at (0,0) width 686: "This is a test for -apple-system-font font"
        RenderBlock {DIV} at (0,141) size 769x50
          RenderInline {I} at (0,0) size 747x50
            RenderText {#text} at (0,0) size 747x50
              text run at (0,0) width 747: "This is a test for -apple-system-font font"
        RenderBlock {DIV} at (0,191) size 769x112
          RenderText {#text} at (0,0) size 758x112
            text run at (0,0) width 758: "This is a test for -apple-system-font"
            text run at (0,56) width 83: "font"
        RenderBlock {DIV} at (0,303) size 769x126
          RenderText {#text} at (0,0) size 759x126
            text run at (0,0) width 759: "This is a test for -apple-system-"
            text run at (0,63) width 201: "font font"
        RenderBlock {DIV} at (0,429) size 769x142
          RenderText {#text} at (0,0) size 630x142
            text run at (0,0) width 630: "This is a test for -apple-"
            text run at (0,71) width 437: "system-font font"
        RenderBlock {DIV} at (0,571) size 769x156
          RenderText {#text} at (0,0) size 693x156
            text run at (0,0) width 693: "This is a test for -apple-"
            text run at (0,78) width 481: "system-font font"
        RenderBlock {DIV} at (0,727) size 769x170
          RenderText {#text} at (0,0) size 756x170
            text run at (0,0) width 756: "This is a test for -apple-"
            text run at (0,85) width 525: "system-font font"
      RenderBlock {DIV} at (0,1794) size 769x282
        RenderBlock {DIV} at (0,0) size 769x56
          RenderText {#text} at (0,0) size 695x56
            text run at (0,0) width 695: "This is a test for -apple-system-font-monospaced-numbers font -"
            text run at (0,28) width 126: "00:11:22:33"
        RenderBlock {DIV} at (0,56) size 769x70
          RenderText {#text} at (0,0) size 672x70
            text run at (0,0) width 672: "This is a test for -apple-system-font-monospaced-"
            text run at (0,35) width 362: "numbers font - 00:11:22:33"
        RenderBlock {DIV} at (0,126) size 769x70
          RenderText {#text} at (0,0) size 672x70
            text run at (0,0) width 672: "This is a test for -apple-system-font-monospaced-"
            text run at (0,35) width 362: "numbers font - 00:11:22:33"
        RenderBlock {DIV} at (0,196) size 769x86
          RenderText {#text} at (0,0) size 658x86
            text run at (0,0) width 582: "This is a test for -apple-system-font-"
            text run at (0,43) width 658: "monospaced-numbers font - 00:11:22:33"
