layer at (0,0) size 800x600
  RenderView at (0,0) size 800x600
layer at (0,0) size 800x600
  RenderBlock {HTML} at (0,0) size 800x600
    RenderBody {BODY} at (8,8) size 784x584
      RenderButton {BUTTON} at (0,8) size 44x15 [bgcolor=#C0C0C0] [border: none (2px outset #C0C0C0) none (2px outset #C0C0C0)]
        RenderBlock (anonymous) at (8,4) size 28x6
          RenderText {#text} at (0,0) size 28x6
            text run at (0,0) width 28: "Test Button"
      RenderText {#text} at (43,3) size 5x18
        text run at (43,3) width 5: " "
      RenderButton {BUTTON} at (47,8) size 49x15 [bgcolor=#C0C0C0] [border: none (2px outset #C0C0C0) none (2px outset #C0C0C0)]
        RenderBlock (anonymous) at (8,3) size 33x8
          RenderText {#text} at (0,0) size 33x7
            text run at (0,0) width 33: "Test Button"
      RenderText {#text} at (95,3) size 5x18
        text run at (95,3) width 5: " "
      RenderButton {BUTTON} at (99,7) size 56x15 [bgcolor=#C0C0C0] [border: none (2px outset #C0C0C0) none (2px outset #C0C0C0)]
        RenderBlock (anonymous) at (8,3) size 39x8
          RenderText {#text} at (0,0) size 39x8
            text run at (0,0) width 39: "Test Button"
      RenderText {#text} at (154,3) size 5x18
        text run at (154,3) width 5: " "
      RenderButton {BUTTON} at (158,7) size 60x15 [bgcolor=#C0C0C0] [border: none (2px outset #C0C0C0) none (2px outset #C0C0C0)]
        RenderBlock (anonymous) at (8,2) size 44x10
          RenderText {#text} at (0,0) size 44x10
            text run at (0,0) width 44: "Test Button"
      RenderText {#text} at (217,3) size 5x18
        text run at (217,3) width 5: " "
      RenderButton {BUTTON} at (221,6) size 66x16 [bgcolor=#C0C0C0] [border: none (2px outset #C0C0C0) none (2px outset #C0C0C0)]
        RenderBlock (anonymous) at (8,2) size 50x11
          RenderText {#text} at (0,0) size 50x11
            text run at (0,0) width 50: "Test Button"
      RenderText {#text} at (286,3) size 5x18
        text run at (286,3) width 5: " "
      RenderButton {BUTTON} at (290,5) size 72x17 [bgcolor=#C0C0C0] [border: none (2px outset #C0C0C0) none (2px outset #C0C0C0)]
        RenderBlock (anonymous) at (8,2) size 55x12
          RenderText {#text} at (0,0) size 55x12
            text run at (0,0) width 55: "Test Button"
      RenderText {#text} at (361,3) size 5x18
        text run at (361,3) width 5: " "
      RenderButton {BUTTON} at (367,4) size 77x18 [bgcolor=#C0C0C0] [border: none (2px outset #C0C0C0) none (2px outset #C0C0C0)]
        RenderBlock (anonymous) at (8,2) size 60x13
          RenderText {#text} at (0,0) size 60x13
            text run at (0,0) width 60: "Test Button"
      RenderText {#text} at (445,3) size 5x18
        text run at (445,3) width 5: " "
      RenderButton {INPUT} at (451,4) size 77x18 [bgcolor=#C0C0C0]
        RenderBlock (anonymous) at (8,2) size 60x13
          RenderText at (0,0) size 60x13
            text run at (0,0) width 60: "Test Button"
      RenderText {#text} at (529,3) size 5x18
        text run at (529,3) width 5: " "
      RenderButton {BUTTON} at (535,3) size 82x20 [bgcolor=#C0C0C0] [border: none (2px outset #C0C0C0) none (2px outset #C0C0C0)]
        RenderBlock (anonymous) at (8,2) size 66x15
          RenderText {#text} at (0,0) size 66x15
            text run at (0,0) width 66: "Test Button"
      RenderText {#text} at (618,3) size 5x18
        text run at (618,3) width 5: " "
      RenderButton {BUTTON} at (624,2) size 88x21 [bgcolor=#C0C0C0] [border: none (2px outset #C0C0C0) none (2px outset #C0C0C0)]
        RenderBlock (anonymous) at (8,2) size 71x16
          RenderText {#text} at (0,0) size 71x16
            text run at (0,0) width 71: "Test Button"
      RenderText {#text} at (713,3) size 5x18
        text run at (713,3) width 5: " "
      RenderButton {BUTTON} at (2,31) size 93x22 [bgcolor=#C0C0C0] [border: none (2px outset #C0C0C0) none (2px outset #C0C0C0)]
        RenderBlock (anonymous) at (8,2) size 77x17
          RenderText {#text} at (0,0) size 77x17
            text run at (0,0) width 77: "Test Button"
      RenderText {#text} at (96,33) size 5x18
        text run at (96,33) width 5: " "
      RenderButton {BUTTON} at (102,30) size 99x23 [bgcolor=#C0C0C0] [border: none (2px outset #C0C0C0) none (2px outset #C0C0C0)]
        RenderBlock (anonymous) at (8,2) size 82x18
          RenderText {#text} at (0,0) size 82x18
            text run at (0,0) width 82: "Test Button"
      RenderText {#text} at (202,33) size 5x18
        text run at (202,33) width 5: " "
      RenderButton {BUTTON} at (208,30) size 104x23 [bgcolor=#C0C0C0] [border: none (2px outset #C0C0C0) none (2px outset #C0C0C0)]
        RenderBlock (anonymous) at (8,2) size 88x18
          RenderText {#text} at (0,0) size 88x18
            text run at (0,0) width 88: "Test Button"
      RenderText {#text} at (313,33) size 5x18
        text run at (313,33) width 5: " "
      RenderButton {BUTTON} at (319,29) size 109x25 [bgcolor=#C0C0C0] [border: none (2px outset #C0C0C0) none (2px outset #C0C0C0)]
        RenderBlock (anonymous) at (8,2) size 93x20
          RenderText {#text} at (0,0) size 93x20
            text run at (0,0) width 93: "Test Button"
      RenderText {#text} at (429,33) size 5x18
        text run at (429,33) width 5: " "
      RenderButton {BUTTON} at (435,28) size 116x26 [bgcolor=#C0C0C0] [border: none (2px outset #C0C0C0) none (2px outset #C0C0C0)]
        RenderBlock (anonymous) at (8,2) size 99x21
          RenderText {#text} at (0,0) size 99x21
            text run at (0,0) width 99: "Test Button"
      RenderText {#text} at (552,33) size 5x18
        text run at (552,33) width 5: " "
      RenderButton {BUTTON} at (558,27) size 120x27 [bgcolor=#C0C0C0] [border: none (2px outset #C0C0C0) none (2px outset #C0C0C0)]
        RenderBlock (anonymous) at (8,2) size 104x22
          RenderText {#text} at (0,0) size 104x22
            text run at (0,0) width 104: "Test Button"
      RenderText {#text} at (679,33) size 5x18
        text run at (679,33) width 5: " "
      RenderButton {BUTTON} at (2,59) size 126x28 [bgcolor=#C0C0C0] [border: none (2px outset #C0C0C0) none (2px outset #C0C0C0)]
        RenderBlock (anonymous) at (8,2) size 110x23
          RenderText {#text} at (0,0) size 110x23
            text run at (0,0) width 110: "Test Button"
      RenderText {#text} at (129,66) size 5x18
        text run at (129,66) width 5: " "
      RenderButton {BUTTON} at (135,58) size 131x29 [bgcolor=#C0C0C0] [border: none (2px outset #C0C0C0) none (2px outset #C0C0C0)]
        RenderBlock (anonymous) at (8,2) size 115x24
          RenderText {#text} at (0,0) size 115x24
            text run at (0,0) width 115: "Test Button"
      RenderText {#text} at (0,0) size 0x0
