layer at (0,0) size 800x600
  RenderView at (0,0) size 800x600
layer at (0,0) size 800x600
  RenderBlock {HTML} at (0,0) size 800x600
    RenderBody {BODY} at (8,8) size 784x584
      RenderButton {BUTTON} at (2,4) size 76x18 [bgcolor=#C0C0C0] [border: none (2px outset #C0C0C0) none (2px outset #C0C0C0)]
        RenderBlock (anonymous) at (8,2) size 60x13
          RenderText {#text} at (0,0) size 60x13
            text run at (0,0) width 60: "Test Button"
      RenderText {#text} at (79,3) size 5x18
        text run at (79,3) width 5: " "
      RenderButton {BUTTON} at (85,4) size 77x18 [color=#FF0000] [bgcolor=#C0C0C0] [border: none (2px outset #C0C0C0) none (2px outset #C0C0C0)]
        RenderBlock (anonymous) at (8,2) size 60x13
          RenderText {#text} at (0,0) size 60x13
            text run at (0,0) width 60: "Test Button"
      RenderText {#text} at (163,3) size 5x18
        text run at (163,3) width 5: " "
      RenderButton {BUTTON} at (169,2) size 77x22 [bgcolor=#008000] [border: (2px outset #C0C0C0)]
        RenderBlock (anonymous) at (8,4) size 60x13
          RenderText {#text} at (0,0) size 60x13
            text run at (0,0) width 60: "Test Button"
      RenderText {#text} at (247,3) size 5x18
        text run at (247,3) width 5: " "
      RenderButton {BUTTON} at (253,2) size 77x22 [color=#FF0000] [bgcolor=#008000] [border: (2px outset #C0C0C0)]
        RenderBlock (anonymous) at (8,4) size 60x13
          RenderText {#text} at (0,0) size 60x13
            text run at (0,0) width 60: "Test Button"
      RenderText {#text} at (331,3) size 5x18
        text run at (331,3) width 5: " "
      RenderButton {INPUT} at (337,4) size 77x18 [bgcolor=#C0C0C0]
        RenderBlock (anonymous) at (8,2) size 60x13
          RenderText at (0,0) size 60x13
            text run at (0,0) width 60: "Test Button"
      RenderText {#text} at (415,3) size 5x18
        text run at (415,3) width 5: " "
      RenderButton {INPUT} at (421,4) size 77x18 [color=#FF0000] [bgcolor=#C0C0C0]
        RenderBlock (anonymous) at (8,2) size 60x13
          RenderText at (0,0) size 60x13
            text run at (0,0) width 60: "Test Button"
      RenderText {#text} at (499,3) size 5x18
        text run at (499,3) width 5: " "
      RenderButton {INPUT} at (505,2) size 77x22 [bgcolor=#008000] [border: (2px outset #C0C0C0)]
        RenderBlock (anonymous) at (8,4) size 60x13
          RenderText at (0,0) size 60x13
            text run at (0,0) width 60: "Test Button"
      RenderText {#text} at (583,3) size 5x18
        text run at (583,3) width 5: " "
      RenderButton {INPUT} at (589,2) size 77x22 [color=#FF0000] [bgcolor=#008000] [border: (2px outset #C0C0C0)]
        RenderBlock (anonymous) at (8,4) size 60x13
          RenderText at (0,0) size 60x13
            text run at (0,0) width 60: "Test Button"
      RenderText {#text} at (0,0) size 0x0
