layer at (0,0) size 800x600
  RenderView at (0,0) size 800x600
layer at (0,0) size 800x600
  RenderBlock {HTML} at (0,0) size 800x600
    RenderBody {BODY} at (8,8) size 784x584
      RenderButton {INPUT} at (0,4) size 66x15 [bgcolor=#C0C0C0]
        RenderBlock (anonymous) at (8,2) size 50x11
          RenderText at (0,0) size 50x11
            text run at (0,0) width 50: "Test Button"
      RenderText {#text} at (65,1) size 5x18
        text run at (65,1) width 5: " "
      RenderButton {INPUT} at (69,4) size 66x15 [bgcolor=#C0C0C0]
        RenderBlock (anonymous) at (8,2) size 50x11
          RenderText at (0,0) size 50x11
            text run at (0,0) width 50: "Test Button"
      RenderText {#text} at (134,1) size 5x18
        text run at (134,1) width 5: " "
      RenderButton {INPUT} at (138,4) size 66x15 [bgcolor=#C0C0C0]
        RenderBlock (anonymous) at (8,2) size 50x11
          RenderText at (0,0) size 50x11
            text run at (0,0) width 50: "Test Button"
      RenderText {#text} at (203,1) size 5x18
        text run at (203,1) width 5: " "
      RenderButton {INPUT} at (207,4) size 66x15 [bgcolor=#C0C0C0]
        RenderBlock (anonymous) at (8,2) size 50x11
          RenderText at (0,0) size 50x11
            text run at (0,0) width 50: "Test Button"
      RenderText {#text} at (272,1) size 5x18
        text run at (272,1) width 5: " "
      RenderButton {INPUT} at (276,4) size 66x15 [bgcolor=#C0C0C0]
        RenderBlock (anonymous) at (8,2) size 50x11
          RenderText at (0,0) size 50x11
            text run at (0,0) width 50: "Test Button"
      RenderText {#text} at (341,1) size 5x18
        text run at (341,1) width 5: " "
      RenderButton {INPUT} at (345,4) size 66x15 [bgcolor=#C0C0C0]
        RenderBlock (anonymous) at (8,2) size 50x11
          RenderText at (0,0) size 50x11
            text run at (0,0) width 50: "Test Button"
      RenderText {#text} at (410,1) size 5x18
        text run at (410,1) width 5: " "
      RenderButton {INPUT} at (416,2) size 77x18 [bgcolor=#C0C0C0]
        RenderBlock (anonymous) at (8,2) size 60x13
          RenderText at (0,0) size 60x13
            text run at (0,0) width 60: "Test Button"
      RenderText {#text} at (494,1) size 5x18
        text run at (494,1) width 5: " "
      RenderButton {INPUT} at (500,2) size 77x18 [bgcolor=#C0C0C0]
        RenderBlock (anonymous) at (8,2) size 60x13
          RenderText at (0,0) size 60x13
            text run at (0,0) width 60: "Test Button"
      RenderText {#text} at (578,1) size 5x18
        text run at (578,1) width 5: " "
      RenderButton {INPUT} at (584,2) size 77x18 [bgcolor=#C0C0C0]
        RenderBlock (anonymous) at (8,2) size 60x13
          RenderText at (0,0) size 60x13
            text run at (0,0) width 60: "Test Button"
      RenderText {#text} at (662,1) size 5x18
        text run at (662,1) width 5: " "
      RenderButton {INPUT} at (668,2) size 77x18 [bgcolor=#C0C0C0]
        RenderBlock (anonymous) at (8,2) size 60x13
          RenderText at (0,0) size 60x13
            text run at (0,0) width 60: "Test Button"
      RenderText {#text} at (746,1) size 5x18
        text run at (746,1) width 5: " "
      RenderButton {INPUT} at (2,26) size 76x18 [bgcolor=#C0C0C0]
        RenderBlock (anonymous) at (8,2) size 60x13
          RenderText at (0,0) size 60x13
            text run at (0,0) width 60: "Test Button"
      RenderText {#text} at (79,25) size 5x18
        text run at (79,25) width 5: " "
      RenderButton {INPUT} at (85,24) size 88x21 [bgcolor=#C0C0C0]
        RenderBlock (anonymous) at (8,2) size 71x16
          RenderText at (0,0) size 71x16
            text run at (0,0) width 71: "Test Button"
      RenderText {#text} at (174,25) size 5x18
        text run at (174,25) width 5: " "
      RenderButton {INPUT} at (180,24) size 88x21 [bgcolor=#C0C0C0]
        RenderBlock (anonymous) at (8,2) size 71x16
          RenderText at (0,0) size 71x16
            text run at (0,0) width 71: "Test Button"
      RenderText {#text} at (269,25) size 5x18
        text run at (269,25) width 5: " "
      RenderButton {INPUT} at (275,24) size 88x21 [bgcolor=#C0C0C0]
        RenderBlock (anonymous) at (8,2) size 71x16
          RenderText at (0,0) size 71x16
            text run at (0,0) width 71: "Test Button"
      RenderText {#text} at (364,25) size 5x18
        text run at (364,25) width 5: " "
      RenderButton {INPUT} at (370,24) size 88x21 [bgcolor=#C0C0C0]
        RenderBlock (anonymous) at (8,2) size 71x16
          RenderText at (0,0) size 71x16
            text run at (0,0) width 71: "Test Button"
      RenderText {#text} at (459,25) size 5x18
        text run at (459,25) width 5: " "
      RenderButton {INPUT} at (465,24) size 88x21 [bgcolor=#C0C0C0]
        RenderBlock (anonymous) at (8,2) size 71x16
          RenderText at (0,0) size 71x16
            text run at (0,0) width 71: "Test Button"
      RenderText {#text} at (554,25) size 5x18
        text run at (554,25) width 5: " "
      RenderButton {INPUT} at (560,24) size 88x21 [bgcolor=#C0C0C0]
        RenderBlock (anonymous) at (8,2) size 71x16
          RenderText at (0,0) size 71x16
            text run at (0,0) width 71: "Test Button"
      RenderText {#text} at (0,0) size 0x0
