layer at (0,0) size 800x600
  RenderView at (0,0) size 800x600
layer at (0,0) size 800x93
  RenderBlock {HTML} at (0,0) size 800x93
    RenderBody {BODY} at (8,8) size 784x77
      RenderAttachment {ATTACHMENT} at (0,0) size 78x77
      RenderText {#text} at (78,54) size 4x18
        text run at (78,54) width 4: " "
      RenderAttachment {ATTACHMENT} at (82,0) size 78x77
      RenderText {#text} at (160,54) size 4x18
        text run at (160,54) width 4: " "
      RenderAttachment {ATTACHMENT} at (164,0) size 78x77
      RenderText {#text} at (242,54) size 4x18
        text run at (242,54) width 4: " "
      RenderAttachment {ATTACHMENT} at (246,0) size 78x77
      RenderText {#text} at (324,54) size 4x18
        text run at (324,54) width 4: " "
      RenderAttachment {ATTACHMENT} at (328,0) size 78x77
      RenderText {#text} at (406,54) size 4x18
        text run at (406,54) width 4: " "
      RenderAttachment {ATTACHMENT} at (410,0) size 78x77
      RenderText {#text} at (488,54) size 4x18
        text run at (488,54) width 4: " "
      RenderAttachment {ATTACHMENT} at (492,0) size 78x77
      RenderText {#text} at (570,54) size 4x18
        text run at (570,54) width 4: " "
      RenderAttachment {ATTACHMENT} at (574,0) size 78x77
      RenderText {#text} at (0,0) size 0x0
      RenderText {#text} at (0,0) size 0x0
